03-07 14:27:56.883   361   879 D C015b0/NetConnManager: [FindBestNetworkForRequest-(net_conn_service.cpp:792)]supplier info, supplier[1003, eth0], realScore[40], isConnected[1]
03-07 14:27:56.883   338   901 D C01d00/accessibility: [accessibility_account_data.cpp(GetAccessibilityWindowConnection:315)]window id of asacConnection is 5
03-07 14:27:56.883   361   879 I C015b0/NetConnManager: [MatchRequestAndNetwork-(net_activate.cpp:78)]MatchRequestAndNetwork enter, supplier[1003, eth0], request[11]
03-07 14:27:56.883   338   901 D C01d00/accessibility: [accessibility_account_data.cpp(GetAccessibilityWindowConnection:315)]window id of asacConnection is 6
03-07 14:27:56.883   361   879 I C015b0/NetConnManager: [FindBestNetworkForRequest-(net_conn_service.cpp:805)]FindBestNetworkForRequest exit, bestScore[40], bestSupplier[1003, eth0]
03-07 14:27:56.883   338   901 D C01d00/accessibility: [accessibility_account_data.cpp(GetAccessibilityWindowConnection:315)]window id of asacConnection is 7
03-07 14:27:56.883   361   879 D C015b0/NetConnManager: [FindBestNetworkForAllRequest-(net_conn_service.cpp:749)]Find best supplier[1003, eth0]for request[11]
03-07 14:27:56.883   361   879 I C015b0/NetConnManager: [SendBestScoreAllNetwork-(net_conn_service.cpp:921)]Send best supplier[1003]-score[40] to all supplier
03-07 14:27:56.883   338   901 D C01d00/accessibility: [accessibility_account_data.cpp(GetAccessibilityWindowConnection:315)]window id of asacConnection is 8
03-07 14:27:56.883   361   879 I C015b0/NetConnManager: [ReceiveBestScore-(net_supplier.cpp:287)]Supplier[1003, eth0] receive best score, bestSupplierId[1003]
03-07 14:27:56.883   338   901 D C01d00/accessibility: [accessibility_account_data.cpp(GetAccessibilityWindowConnection:315)]window id of asacConnection is 9
03-07 14:27:56.883   361   879 W C015b0/NetConnManager: [ReceiveBestScore-(net_supplier.cpp:289)]Same net supplier, no need to disconnect.
03-07 14:27:56.883   338   901 D C01d00/accessibility: [accessibility_account_data.cpp(GetAccessibilityWindowConnection:315)]window id of asacConnection is 10
03-07 14:27:56.883   338   901 D C01d00/accessibility: [accessibility_account_data.cpp(GetAccessibilityWindowConnection:315)]window id of asacConnection is 82
03-07 14:27:56.883   361   879 I C015b0/NetConnManager: [FindBestNetworkForRequest-(net_conn_service.cpp:784)]FindBestNetworkForRequest Enter, request[12] is [ [NetSpecifier] ident_ =  [NetAllCapabilities] linkUpBandwidthKbps_ = 0 linkDownBandwidthKbps_ = 0 netCaps_ = NET_CAPABILITY_INTERNET NetBearType =]
03-07 14:27:56.883   338   901 D C01d00/accessibility: [accessibility_account_data.cpp(GetAccessibilityWindowConnection:315)]window id of asacConnection is 84
03-07 14:27:56.883   361   879 D C015b0/NetConnManager: [FindBestNetworkForRequest-(net_conn_service.cpp:792)]supplier info, supplier[1003, eth0], realScore[40], isConnected[1]
03-07 14:27:56.883   361   879 I C015b0/NetConnManager: [MatchRequestAndNetwork-(net_activate.cpp:78)]MatchRequestAndNetwork enter, supplier[1003, eth0], request[12]
03-07 14:27:56.883   338   901 D C01d00/accessibility: [accessibility_account_data.cpp(GetAccessibilityWindowConnection:315)]window id of asacConnection is 89
03-07 14:27:56.883   361   879 I C015b0/NetConnManager: [FindBestNetworkForRequest-(net_conn_service.cpp:805)]FindBestNetworkForRequest exit, bestScore[40], bestSupplier[1003, eth0]
03-07 14:27:56.883   338   901 D C01d05/accessibility_interface: [accessibility_element_operator_proxy.cpp(SearchElementInfoByAccessibilityId:56)]
03-07 14:27:56.883   361   879 D C015b0/NetConnManager: [FindBestNetworkForAllRequest-(net_conn_service.cpp:749)]Find best supplier[1003, eth0]for request[12]
03-07 14:27:56.883   338   901 D C01d05/accessibility_interface: [accessibility_element_operator_proxy.cpp(WriteInterfaceToken:27)]
03-07 14:27:56.883   361   879 I C015b0/NetConnManager: [SendBestScoreAllNetwork-(net_conn_service.cpp:921)]Send best supplier[1003]-score[40] to all supplier
03-07 14:27:56.883   361   879 I C015b0/NetConnManager: [ReceiveBestScore-(net_supplier.cpp:287)]Supplier[1003, eth0] receive best score, bestSupplierId[1003]
03-07 14:27:56.883   361   879 W C015b0/NetConnManager: [ReceiveBestScore-(net_supplier.cpp:289)]Same net supplier, no need to disconnect.
03-07 14:27:56.883   338   901 D C01d05/accessibility_interface: [accessibility_element_operator_proxy.cpp(SendTransactCmd:39)]
03-07 14:27:56.883   361   879 I C015b0/NetConnManager: [FindBestNetworkForRequest-(net_conn_service.cpp:784)]FindBestNetworkForRequest Enter, request[13] is [ [NetSpecifier] ident_ =  [NetAllCapabilities] linkUpBandwidthKbps_ = 0 linkDownBandwidthKbps_ = 0 netCaps_ = NET_CAPABILITY_INTERNET NetBearType =]
03-07 14:27:56.883   361   879 D C015b0/NetConnManager: [FindBestNetworkForRequest-(net_conn_service.cpp:792)]supplier info, supplier[1003, eth0], realScore[40], isConnected[1]
03-07 14:27:56.883   361   879 I C015b0/NetConnManager: [MatchRequestAndNetwork-(net_activate.cpp:78)]MatchRequestAndNetwork enter, supplier[1003, eth0], request[13]
03-07 14:27:56.883   361   879 I C015b0/NetConnManager: [FindBestNetworkForRequest-(net_conn_service.cpp:805)]FindBestNetworkForRequest exit, bestScore[40], bestSupplier[1003, eth0]
03-07 14:27:56.883   361   879 D C015b0/NetConnManager: [FindBestNetworkForAllRequest-(net_conn_service.cpp:749)]Find best supplier[1003, eth0]for request[13]
03-07 14:27:56.883   361   879 I C015b0/NetConnManager: [SendBestScoreAllNetwork-(net_conn_service.cpp:921)]Send best supplier[1003]-score[40] to all supplier
03-07 14:27:56.883   361   879 I C015b0/NetConnManager: [ReceiveBestScore-(net_supplier.cpp:287)]Supplier[1003, eth0] receive best score, bestSupplierId[1003]
03-07 14:27:56.883   361   879 W C015b0/NetConnManager: [ReceiveBestScore-(net_supplier.cpp:289)]Same net supplier, no need to disconnect.
03-07 14:27:56.883   361   879 I C015b0/NetConnManager: [FindBestNetworkForRequest-(net_conn_service.cpp:784)]FindBestNetworkForRequest Enter, request[14] is [ [NetSpecifier] ident_ =  [NetAllCapabilities] linkUpBandwidthKbps_ = 0 linkDownBandwidthKbps_ = 0 netCaps_ = NET_CAPABILITY_INTERNET NetBearType =]
03-07 14:27:56.883   361   879 D C015b0/NetConnManager: [FindBestNetworkForRequest-(net_conn_service.cpp:792)]supplier info, supplier[1003, eth0], realScore[40], isConnected[1]
03-07 14:27:56.883 28355 28364 D C01d05/accessibility_interface: [accessibility_element_operator_stub.cpp(OnRemoteRequest:49)]cmd = 200, flags = 1
03-07 14:27:56.883   361   879 I C015b0/NetConnManager: [MatchRequestAndNetwork-(net_activate.cpp:78)]MatchRequestAndNetwork enter, supplier[1003, eth0], request[14]
03-07 14:27:56.883   361   879 I C015b0/NetConnManager: [FindBestNetworkForRequest-(net_conn_service.cpp:805)]FindBestNetworkForRequest exit, bestScore[40], bestSupplier[1003, eth0]
03-07 14:27:56.883 28355 28364 D C01d05/accessibility_interface: [accessibility_element_operator_stub.cpp(HandleSearchElementInfoByAccessibilityId:71)]
03-07 14:27:56.883   361   879 D C015b0/NetConnManager: [FindBestNetworkForAllRequest-(net_conn_service.cpp:749)]Find best supplier[1003, eth0]for request[14]
03-07 14:27:56.883   361   879 I C015b0/NetConnManager: [SendBestScoreAllNetwork-(net_conn_service.cpp:921)]Send best supplier[1003]-score[40] to all supplier
03-07 14:27:56.883   361   879 I C015b0/NetConnManager: [ReceiveBestScore-(net_supplier.cpp:287)]Supplier[1003, eth0] receive best score, bestSupplierId[1003]
03-07 14:27:56.883   361   879 W C015b0/NetConnManager: [ReceiveBestScore-(net_supplier.cpp:289)]Same net supplier, no need to disconnect.
03-07 14:27:56.883 28355 28364 I C01510/IPCObjectProxy: 58: handle = 19 create, descriptor: IPCObjectProxy19
03-07 14:27:56.883   361   879 I C015b0/NetConnManager: [FindBestNetworkForRequest-(net_conn_service.cpp:784)]FindBestNetworkForRequest Enter, request[15] is [ [NetSpecifier] ident_ =  [NetAllCapabilities] linkUpBandwidthKbps_ = 0 linkDownBandwidthKbps_ = 0 netCaps_ = NET_CAPABILITY_INTERNET NetBearType =]
03-07 14:27:56.883   361   879 D C015b0/NetConnManager: [FindBestNetworkForRequest-(net_conn_service.cpp:792)]supplier info, supplier[1003, eth0], realScore[40], isConnected[1]
03-07 14:27:56.883   361   879 I C015b0/NetConnManager: [MatchRequestAndNetwork-(net_activate.cpp:78)]MatchRequestAndNetwork enter, supplier[1003, eth0], request[15]
03-07 14:27:56.883   361   879 I C015b0/NetConnManager: [FindBestNetworkForRequest-(net_conn_service.cpp:805)]FindBestNetworkForRequest exit, bestScore[40], bestSupplier[1003, eth0]
03-07 14:27:56.883   361   879 D C015b0/NetConnManager: [FindBestNetworkForAllRequest-(net_conn_service.cpp:749)]Find best supplier[1003, eth0]for request[15]
03-07 14:27:56.883   361   879 I C015b0/NetConnManager: [SendBestScoreAllNetwork-(net_conn_service.cpp:921)]Send best supplier[1003]-score[40] to all supplier
03-07 14:27:56.884   361   879 I C015b0/NetConnManager: [ReceiveBestScore-(net_supplier.cpp:287)]Supplier[1003, eth0] receive best score, bestSupplierId[1003]
03-07 14:27:56.884   361   879 W C015b0/NetConnManager: [ReceiveBestScore-(net_supplier.cpp:289)]Same net supplier, no need to disconnect.
03-07 14:27:56.884   338   901 D C01d00/accessibility: [accessible_ability_channel.cpp(operator():63)]AccessibleAbilityChannel::SearchElementInfoByAccessibilityId successfully
03-07 14:27:56.884   361   879 I C015b0/NetConnManager: [FindBestNetworkForRequest-(net_conn_service.cpp:784)]FindBestNetworkForRequest Enter, request[16] is [ [NetSpecifier] ident_ =  [NetAllCapabilities] linkUpBandwidthKbps_ = 0 linkDownBandwidthKbps_ = 0 netCaps_ = NET_CAPABILITY_INTERNET NetBearType =]
03-07 14:27:56.884 27456 27588 D C01510/IPCObjectStub: 374: IPCObjectStub::ProcessProto called, type = 0, normal stub object
03-07 14:27:56.884   361   879 D C015b0/NetConnManager: [FindBestNetworkForRequest-(net_conn_service.cpp:792)]supplier info, supplier[1003, eth0], realScore[40], isConnected[1]
03-07 14:27:56.884   361   879 I C015b0/NetConnManager: [MatchRequestAndNetwork-(net_activate.cpp:78)]MatchRequestAndNetwork enter, supplier[1003, eth0], request[16]
03-07 14:27:56.884   338  1156 D C01d05/accessibility_interface: [accessible_ability_channel_stub.cpp(HandleSearchElementInfoByAccessibilityId:105)]SearchElementInfoByAccessibilityId ret = 0
03-07 14:27:56.884   361   879 I C015b0/NetConnManager: [FindBestNetworkForRequest-(net_conn_service.cpp:805)]FindBestNetworkForRequest exit, bestScore[40], bestSupplier[1003, eth0]
03-07 14:27:56.884   361   879 D C015b0/NetConnManager: [FindBestNetworkForAllRequest-(net_conn_service.cpp:749)]Find best supplier[1003, eth0]for request[16]
03-07 14:27:56.884   361   879 I C015b0/NetConnManager: [SendBestScoreAllNetwork-(net_conn_service.cpp:921)]Send best supplier[1003]-score[40] to all supplier
03-07 14:27:56.884   361   879 I C015b0/NetConnManager: [ReceiveBestScore-(net_supplier.cpp:287)]Supplier[1003, eth0] receive best score, bestSupplierId[1003]
03-07 14:27:56.884   361   879 W C015b0/NetConnManager: [ReceiveBestScore-(net_supplier.cpp:289)]Same net supplier, no need to disconnect.
03-07 14:27:56.884   338  1156 W C01510/IPCObjectProxy: 63: handle = 59 destroyed, descriptor: IPCObjectProxy59
03-07 14:27:56.884   361   879 I C015b0/NetConnManager: [FindBestNetworkForRequest-(net_conn_service.cpp:784)]FindBestNetworkForRequest Enter, request[17] is [ [NetSpecifier] ident_ =  [NetAllCapabilities] linkUpBandwidthKbps_ = 0 linkDownBandwidthKbps_ = 0 netCaps_ = NET_CAPABILITY_INTERNET NetBearType =]
03-07 14:27:56.884 28355 28364 D C01d02/accessibility_asacfwk: [accessibility_element_operator_impl.cpp(SearchElementInfoByAccessibilityId:45)]
03-07 14:27:56.884   361   879 D C015b0/NetConnManager: [FindBestNetworkForRequest-(net_conn_service.cpp:792)]supplier info, supplier[1003, eth0], realScore[40], isConnected[1]
03-07 14:27:56.884 28355 28364 D C01d02/accessibility_asacfwk: [accessibility_element_operator_impl.cpp(SearchElementInfoByAccessibilityId:47)]add requestId[5834811]
03-07 14:27:56.884   361   879 I C015b0/NetConnManager: [MatchRequestAndNetwork-(net_activate.cpp:78)]MatchRequestAndNetwork enter, supplier[1003, eth0], request[17]
03-07 14:27:56.884   361   879 I C015b0/NetConnManager: [FindBestNetworkForRequest-(net_conn_service.cpp:805)]FindBestNetworkForRequest exit, bestScore[40], bestSupplier[1003, eth0]
03-07 14:27:56.884   361   879 D C015b0/NetConnManager: [FindBestNetworkForAllRequest-(net_conn_service.cpp:749)]Find best supplier[1003, eth0]for request[17]
03-07 14:27:56.884   361   879 I C015b0/NetConnManager: [SendBestScoreAllNetwork-(net_conn_service.cpp:921)]Send best supplier[1003]-score[40] to all supplier
03-07 14:27:56.884   361   879 I C015b0/NetConnManager: [ReceiveBestScore-(net_supplier.cpp:287)]Supplier[1003, eth0] receive best score, bestSupplierId[1003]
03-07 14:27:56.884   361   879 W C015b0/NetConnManager: [ReceiveBestScore-(net_supplier.cpp:289)]Same net supplier, no need to disconnect.
03-07 14:27:56.884   361   879 I C015b0/NetConnManager: [FindBestNetworkForRequest-(net_conn_service.cpp:784)]FindBestNetworkForRequest Enter, request[18] is [ [NetSpecifier] ident_ =  [NetAllCapabilities] linkUpBandwidthKbps_ = 0 linkDownBandwidthKbps_ = 0 netCaps_ = NET_CAPABILITY_INTERNET NetBearType =]
03-07 14:27:56.884   361   879 D C015b0/NetConnManager: [FindBestNetworkForRequest-(net_conn_service.cpp:792)]supplier info, supplier[1003, eth0], realScore[40], isConnected[1]
03-07 14:27:56.884   361   879 I C015b0/NetConnManager: [MatchRequestAndNetwork-(net_activate.cpp:78)]MatchRequestAndNetwork enter, supplier[1003, eth0], request[18]
03-07 14:27:56.884   361   879 I C015b0/NetConnManager: [FindBestNetworkForRequest-(net_conn_service.cpp:805)]FindBestNetworkForRequest exit, bestScore[40], bestSupplier[1003, eth0]
03-07 14:27:56.884   361   879 D C015b0/NetConnManager: [FindBestNetworkForAllRequest-(net_conn_service.cpp:749)]Find best supplier[1003, eth0]for request[18]
03-07 14:27:56.884   361   879 I C015b0/NetConnManager: [SendBestScoreAllNetwork-(net_conn_service.cpp:921)]Send best supplier[1003]-score[40] to all supplier
03-07 14:27:56.884 28355 28355 D C01d04/accessibility_common: [accessibility_element_info.cpp(AccessibilityElementInfo:666)]start
03-07 14:27:56.884   361   879 I C015b0/NetConnManager: [ReceiveBestScore-(net_supplier.cpp:287)]Supplier[1003, eth0] receive best score, bestSupplierId[1003]
03-07 14:27:56.884   361   879 W C015b0/NetConnManager: [ReceiveBestScore-(net_supplier.cpp:289)]Same net supplier, no need to disconnect.
03-07 14:27:56.884   361   879 I C015b0/NetConnManager: [FindBestNetworkForRequest-(net_conn_service.cpp:784)]FindBestNetworkForRequest Enter, request[19] is [ [NetSpecifier] ident_ =  [NetAllCapabilities] linkUpBandwidthKbps_ = 0 linkDownBandwidthKbps_ = 0 netCaps_ = NET_CAPABILITY_INTERNET NetBearType =]
03-07 14:27:56.884   361   879 D C015b0/NetConnManager: [FindBestNetworkForRequest-(net_conn_service.cpp:792)]supplier info, supplier[1003, eth0], realScore[40], isConnected[1]
03-07 14:27:56.884   361   879 I C015b0/NetConnManager: [MatchRequestAndNetwork-(net_activate.cpp:78)]MatchRequestAndNetwork enter, supplier[1003, eth0], request[19]
03-07 14:27:56.884   361   879 I C015b0/NetConnManager: [FindBestNetworkForRequest-(net_conn_service.cpp:805)]FindBestNetworkForRequest exit, bestScore[40], bestSupplier[1003, eth0]
03-07 14:27:56.884   361   879 D C015b0/NetConnManager: [FindBestNetworkForAllRequest-(net_conn_service.cpp:749)]Find best supplier[1003, eth0]for request[19]
03-07 14:27:56.884   361   879 I C015b0/NetConnManager: [SendBestScoreAllNetwork-(net_conn_service.cpp:921)]Send best supplier[1003]-score[40] to all supplier
03-07 14:27:56.884   361   879 I C015b0/NetConnManager: [ReceiveBestScore-(net_supplier.cpp:287)]Supplier[1003, eth0] receive best score, bestSupplierId[1003]
03-07 14:27:56.884   361   879 W C015b0/NetConnManager: [ReceiveBestScore-(net_supplier.cpp:289)]Same net supplier, no need to disconnect.
03-07 14:27:56.884   361   879 I C015b0/NetConnManager: [FindBestNetworkForRequest-(net_conn_service.cpp:784)]FindBestNetworkForRequest Enter, request[20] is [ [NetSpecifier] ident_ =  [NetAllCapabilities] linkUpBandwidthKbps_ = 0 linkDownBandwidthKbps_ = 0 netCaps_ = NET_CAPABILITY_INTERNET NetBearType =]
03-07 14:27:56.884 28355 28355 D C01d04/accessibility_common: [accessibility_element_info.cpp(SetParent:155)]parentId_[80]
03-07 14:27:56.884   361   879 D C015b0/NetConnManager: [FindBestNetworkForRequest-(net_conn_service.cpp:792)]supplier info, supplier[1003, eth0], realScore[40], isConnected[1]
03-07 14:27:56.884 28355 28355 D C01d04/accessibility_common: [accessibility_element_info.cpp(SetAccessibilityId:617)]elementId_[81]
03-07 14:27:56.884   361   879 I C015b0/NetConnManager: [MatchRequestAndNetwork-(net_activate.cpp:78)]MatchRequestAndNetwork enter, supplier[1003, eth0], request[20]
03-07 14:27:56.884   361   879 I C015b0/NetConnManager: [FindBestNetworkForRequest-(net_conn_service.cpp:805)]FindBestNetworkForRequest exit, bestScore[40], bestSupplier[1003, eth0]
03-07 14:27:56.884 28355 28355 D C01d04/accessibility_common: [accessibility_element_info.cpp(SetComponentType:491)]componentType_[Button]
03-07 14:27:56.884 28355 28355 D C01d04/accessibility_common: [accessibility_element_info.cpp(SetEnabled:288)]enable_[1]
03-07 14:27:56.884 28355 28355 D C01d04/accessibility_common: [accessibility_element_info.cpp(SetFocused:216)]focused_[0]
03-07 14:27:56.884   361   879 D C015b0/NetConnManager: [FindBestNetworkForAllRequest-(net_conn_service.cpp:749)]Find best supplier[1003, eth0]for request[20]
03-07 14:27:56.884 28355 28355 D C01d04/accessibility_common: [accessibility_element_info.cpp(SetAccessibilityFocus:240)]accessibilityFocused_[0]
03-07 14:27:56.884   361   879 I C015b0/NetConnManager: [SendBestScoreAllNetwork-(net_conn_service.cpp:921)]Send best supplier[1003]-score[40] to all supplier
03-07 14:27:56.884 28355 28355 D C01d04/accessibility_common: [accessibility_element_info.cpp(SetInspectorKey:371)]inspector key []
03-07 14:27:56.884   361   879 I C015b0/NetConnManager: [ReceiveBestScore-(net_supplier.cpp:287)]Supplier[1003, eth0] receive best score, bestSupplierId[1003]
03-07 14:27:56.884 28355 28355 D C01d04/accessibility_common: [accessibility_element_info.cpp(SetVisible:228)]visible_[1]
03-07 14:27:56.884   361   879 W C015b0/NetConnManager: [ReceiveBestScore-(net_supplier.cpp:289)]Same net supplier, no need to disconnect.
03-07 14:27:56.884   361   879 I C015b0/NetConnManager: [FindBestNetworkForRequest-(net_conn_service.cpp:784)]FindBestNetworkForRequest Enter, request[21] is [ [NetSpecifier] ident_ =  [NetAllCapabilities] linkUpBandwidthKbps_ = 0 linkDownBandwidthKbps_ = 0 netCaps_ = NET_CAPABILITY_INTERNET NetBearType =]
03-07 14:27:56.884   361   879 D C015b0/NetConnManager: [FindBestNetworkForRequest-(net_conn_service.cpp:792)]supplier info, supplier[1003, eth0], realScore[40], isConnected[1]
03-07 14:27:56.884   361   879 I C015b0/NetConnManager: [MatchRequestAndNetwork-(net_activate.cpp:78)]MatchRequestAndNetwork enter, supplier[1003, eth0], request[21]
03-07 14:27:56.884   361   879 I C015b0/NetConnManager: [FindBestNetworkForRequest-(net_conn_service.cpp:805)]FindBestNetworkForRequest exit, bestScore[40], bestSupplier[1003, eth0]
03-07 14:27:56.884   361   879 D C015b0/NetConnManager: [FindBestNetworkForAllRequest-(net_conn_service.cpp:749)]Find best supplier[1003, eth0]for request[21]
03-07 14:27:56.884 28355 28355 D C01d04/accessibility_common: [accessibility_element_info.cpp(SetRectInScreen:166)]
03-07 14:27:56.884   361   879 I C015b0/NetConnManager: [SendBestScoreAllNetwork-(net_conn_service.cpp:921)]Send best supplier[1003]-score[40] to all supplier
03-07 14:27:56.884   361   879 I C015b0/NetConnManager: [ReceiveBestScore-(net_supplier.cpp:287)]Supplier[1003, eth0] receive best score, bestSupplierId[1003]
03-07 14:27:56.884 28355 28355 D C01d04/accessibility_common: [accessibility_element_info.cpp(SetWindowId:143)]windowId_[89]
03-07 14:27:56.884   361   879 W C015b0/NetConnManager: [ReceiveBestScore-(net_supplier.cpp:289)]Same net supplier, no need to disconnect.
03-07 14:27:56.884 28355 28355 D C01d04/accessibility_common: [accessibility_element_info.cpp(SetPageId:891)]pageId_[3]
03-07 14:27:56.884 28355 28355 D C01d04/accessibility_common: [accessibility_element_info.cpp(SetPagePath:383)]pagePath_[pages/changeip]
03-07 14:27:56.884   361   879 I C015b0/NetConnManager: [FindBestNetworkForRequest-(net_conn_service.cpp:784)]FindBestNetworkForRequest Enter, request[22] is [ [NetSpecifier] ident_ =  [NetAllCapabilities] linkUpBandwidthKbps_ = 0 linkDownBandwidthKbps_ = 0 netCaps_ = NET_CAPABILITY_INTERNET NetBearType =]
03-07 14:27:56.884   361   879 D C015b0/NetConnManager: [FindBestNetworkForRequest-(net_conn_service.cpp:792)]supplier info, supplier[1003, eth0], realScore[40], isConnected[1]
03-07 14:27:56.884 28355 28355 D C01d04/accessibility_common: [accessibility_element_info.cpp(SetBundleName:479)]bundleName_[com.example.otatest]
03-07 14:27:56.884   361   879 I C015b0/NetConnManager: [MatchRequestAndNetwork-(net_activate.cpp:78)]MatchRequestAndNetwork enter, supplier[1003, eth0], request[22]
03-07 14:27:56.884 28355 28355 D C01d04/accessibility_common: [accessibility_element_info.cpp(IsEnabled:281)]enable_[1]
03-07 14:27:56.884   361   879 I C015b0/NetConnManager: [FindBestNetworkForRequest-(net_conn_service.cpp:805)]FindBestNetworkForRequest exit, bestScore[40], bestSupplier[1003, eth0]
03-07 14:27:56.884 28355 28355 D C01d04/accessibility_common: [accessibility_element_info.cpp(SetFocusable:204)]focusable_[1]
03-07 14:27:56.884   361   879 D C015b0/NetConnManager: [FindBestNetworkForAllRequest-(net_conn_service.cpp:749)]Find best supplier[1003, eth0]for request[22]
03-07 14:27:56.884   361   879 I C015b0/NetConnManager: [SendBestScoreAllNetwork-(net_conn_service.cpp:921)]Send best supplier[1003]-score[40] to all supplier
03-07 14:27:56.884 28355 28355 D C01d04/accessibility_common: [accessibility_element_info.cpp(SetPopupSupported:432)]popupSupported_[0]
03-07 14:27:56.884   361   879 I C015b0/NetConnManager: [ReceiveBestScore-(net_supplier.cpp:287)]Supplier[1003, eth0] receive best score, bestSupplierId[1003]
03-07 14:27:56.884 28355 28355 D C01d04/accessibility_common: [accessibility_element_info.cpp(SetComponentResourceId:557)]resourceName_[]
03-07 14:27:56.885   361   879 W C015b0/NetConnManager: [ReceiveBestScore-(net_supplier.cpp:289)]Same net supplier, no need to disconnect.
03-07 14:27:56.885   361   879 I C015b0/NetConnManager: [RequestAllNetworkExceptDefault-(net_conn_service.cpp:815)]Default supplier[1003, eth0] is not valid,request to activate another network
03-07 14:27:56.885 28355 28355 D C01d04/accessibility_common: [accessibility_element_info.cpp(SetContent:503)]text_[ip]
03-07 14:27:56.885 28355 28355 D C01d04/accessibility_common: [accessibility_element_info.cpp(SetHint:539)]hintText_[]
03-07 14:27:56.885 28355 28355 D C01d04/accessibility_common: [accessibility_element_info.cpp(SetTextLengthLimit:125)]textLengthLimit_[-1]
03-07 14:27:56.885 28355 28355 D C01d04/accessibility_common: [accessibility_element_info.cpp(SetChecked:192)]checked_[0]
03-07 14:27:56.885 28355 28355 D C01d04/accessibility_common: [accessibility_element_info.cpp(SetSelected:252)]selected_[0]
03-07 14:27:56.885 28355 28355 D C01d04/accessibility_common: [accessibility_element_info.cpp(SetPassword:299)]type[0]
03-07 14:27:56.885 28355 28355 D C01d04/accessibility_common: [accessibility_element_info.cpp(SetPluraLineSupported:420)]multiLine_[0]
03-07 14:27:56.885 28355 28355 D C01d04/accessibility_common: [accessibility_element_info.cpp(SetHinting:467)]hint_[0]
03-07 14:27:56.885 28355 28355 D C01d04/accessibility_common: [accessibility_element_info.cpp(SetCurrentIndex:324)]currentIndex_[-1]
03-07 14:27:56.885 28355 28355 D C01d04/accessibility_common: [accessibility_element_info.cpp(SetBeginIndex:336)]beginIndex_[-1]
03-07 14:27:56.885 28355 28355 D C01d04/accessibility_common: [accessibility_element_info.cpp(SetEndIndex:348)]endIndex_[-1]
03-07 14:27:56.885 28355 28355 D C01d04/accessibility_common: [accessibility_element_info.cpp(SetContentInvalid:581)]contentInvalid_[1]
03-07 14:27:56.885 28355 28355 D C01d04/accessibility_common: [accessibility_element_info.cpp(SetError:593)]error_[]
03-07 14:27:56.885 28355 28355 D C01d04/accessibility_common: [accessibility_element_info.cpp(SetSelectedBegin:509)]beginSelected_[0]
03-07 14:27:56.885 28355 28355 D C01d04/accessibility_common: [accessibility_element_info.cpp(SetSelectedEnd:521)]endSelected_[0]
03-07 14:27:56.885 28355 28355 D C01d04/accessibility_common: [accessibility_element_info.cpp(SetInputType:360)]inputType_[0]
03-07 14:27:56.885 28355 28355 D C01d04/accessibility_common: [accessibility_element_info.cpp(SetItemCounts:909)]itemCounts_[0]
03-07 14:27:56.885 28355 28355 D C01d04/accessibility_common: [accessibility_element_info.cpp(GridInfo:737)]start
03-07 14:27:56.885 28355 28355 D C01d04/accessibility_common: [accessibility_element_info.cpp(GridInfo:742)]rowCount_[0]
03-07 14:27:56.885 28355 28355 D C01d04/accessibility_common: [accessibility_element_info.cpp(GridInfo:743)]columnCount_[0]
03-07 14:27:56.885 28355 28355 D C01d04/accessibility_common: [accessibility_element_info.cpp(GridInfo:744)]selectionMode_[0]
03-07 14:27:56.885 28355 28355 D C01d04/accessibility_common: [accessibility_element_info.cpp(SetGrid:648)]start
03-07 14:27:56.885 28355 28355 D C01d04/accessibility_common: [accessibility_element_info.cpp(IsSelected:245)]selected_[0]
03-07 14:27:56.885 28355 28355 D C01d04/accessibility_common: [accessibility_element_info.cpp(GridItemInfo:793)]start
03-07 14:27:56.885 28355 28355 D C01d04/accessibility_common: [accessibility_element_info.cpp(GridItemInfo:801)]rowIndex_[0]
03-07 14:27:56.885 28355 28355 D C01d04/accessibility_common: [accessibility_element_info.cpp(GridItemInfo:802)]rowSpan_[0]
03-07 14:27:56.885 28355 28355 D C01d04/accessibility_common: [accessibility_element_info.cpp(GridItemInfo:803)]columnIndex_[0]
03-07 14:27:56.885 28355 28355 D C01d04/accessibility_common: [accessibility_element_info.cpp(GridItemInfo:804)]columnSpan_[0]
03-07 14:27:56.885 28355 28355 D C01d04/accessibility_common: [accessibility_element_info.cpp(GridItemInfo:805)]heading_[0]
03-07 14:27:56.885 28355 28355 D C01d04/accessibility_common: [accessibility_element_info.cpp(GridItemInfo:806)]selected_[0]
03-07 14:27:56.885 28355 28355 D C01d04/accessibility_common: [accessibility_element_info.cpp(SetGridItem:660)]start
03-07 14:27:56.885 28355 28355 D C01d04/accessibility_common: [accessibility_element_info.cpp(IsEnabled:281)]enable_[1]
03-07 14:27:56.885 28355 28355 D C01d04/accessibility_common: [accessibility_element_info.cpp(SetCheckable:180)]checkable_[0]
03-07 14:27:56.885 28355 28355 D C01d04/accessibility_common: [accessibility_element_info.cpp(SetScrollable:312)]scrollable_[0]
03-07 14:27:56.885 28355 28355 D C01d04/accessibility_common: [accessibility_element_info.cpp(SetEditable:408)]editable_[0]
03-07 14:27:56.885 28355 28355 D C01d04/accessibility_common: [accessibility_element_info.cpp(SetDeletable:444)]deletable_[0]
03-07 14:27:56.885 28355 28355 D C01d04/accessibility_common: [accessibility_element_info.cpp(SetClickable:264)]clickable_[1]
03-07 14:27:56.885 28355 28355 D C01d04/accessibility_common: [accessibility_element_info.cpp(AccessibleAction:671)]start
03-07 14:27:56.885 28355 28355 D C01d04/accessibility_common: [accessibility_element_info.cpp(GetActionType:678)]actionType_[16]
03-07 14:27:56.885 28355 28355 D C01d04/accessibility_common: [accessibility_element_info.cpp(AddAction:85)]actionType[16]
03-07 14:27:56.885 28355 28355 D C01d04/accessibility_common: [accessibility_element_info.cpp(SetLongClickable:276)]longClickable_[0]
03-07 14:27:56.885 28355 28355 D C01d04/accessibility_common: [accessibility_element_info.cpp(IsFocusable:197)]focusable_[1]
03-07 14:27:56.885 28355 28355 D C01d04/accessibility_common: [accessibility_element_info.cpp(IsFocused:209)]focused_[0]
03-07 14:27:56.885 28355 28355 D C01d04/accessibility_common: [accessibility_element_info.cpp(AccessibleAction:671)]start
03-07 14:27:56.885 28355 28355 D C01d04/accessibility_common: [accessibility_element_info.cpp(GetActionType:678)]actionType_[1]
03-07 14:27:56.885 28355 28355 D C01d04/accessibility_common: [accessibility_element_info.cpp(AddAction:85)]actionType[1]
03-07 14:27:56.885 28355 28355 D C01d04/accessibility_common: [accessibility_element_info.cpp(HasAccessibilityFocus:233)]accessibilityFocused_[0]
03-07 14:27:56.885 28355 28355 D C01d04/accessibility_common: [accessibility_element_info.cpp(AccessibleAction:671)]start
03-07 14:27:56.885 28355 28355 D C01d04/accessibility_common: [accessibility_element_info.cpp(GetActionType:678)]actionType_[64]
03-07 14:27:56.885 28355 28355 D C01d04/accessibility_common: [accessibility_element_info.cpp(AddAction:85)]actionType[64]
03-07 14:27:56.885 28355 28355 D C01d02/accessibility_asacfwk: [accessibility_system_ability_client_impl.cpp(SetSearchElementInfoByAccessibilityIdResult:459)]requestId[5834811]
03-07 14:27:56.885 28355 28355 D C01d02/accessibility_asacfwk: [accessibility_element_operator_impl.cpp(SetSearchElementInfoByAccessibilityIdResult:157)]
03-07 14:27:56.885 28355 28355 D C01d04/accessibility_common: [accessibility_element_info.cpp(AccessibilityElementInfo:666)]start
03-07 14:27:56.885 28355 28355 D C01d05/accessibility_interface: [accessibility_element_operator_callback_proxy.cpp(SetSearchElementInfoByAccessibilityIdResult:60)]
03-07 14:27:56.885 28355 28355 D C01d05/accessibility_interface: [accessibility_element_operator_callback_proxy.cpp(WriteInterfaceToken:31)]
03-07 14:27:56.885 28355 28355 D C01d04/accessibility_common: [accessibility_element_info.cpp(AccessibilityElementInfo:666)]start
03-07 14:27:56.885 28355 28355 D C01d05/accessibility_interface: [accessibility_element_info_parcel.cpp(AccessibilityElementInfoParcel:25)]
03-07 14:27:56.885 28355 28355 D C01d05/accessibility_interface: [accessibility_element_info_parcel.cpp(Marshalling:216)]
03-07 14:27:56.886 28355 28355 D C01d05/accessibility_interface: [accessibility_element_info_parcel.cpp(AccessibleActionParcel:244)]
03-07 14:27:56.886 28355 28355 D C01d05/accessibility_interface: [accessibility_element_info_parcel.cpp(Marshalling:262)]
03-07 14:27:56.886 28355 28355 D C01d05/accessibility_interface: [accessibility_element_info_parcel.cpp(AccessibleActionParcel:244)]
03-07 14:27:56.886 28355 28355 D C01d05/accessibility_interface: [accessibility_element_info_parcel.cpp(Marshalling:262)]
03-07 14:27:56.886 28355 28355 D C01d05/accessibility_interface: [accessibility_element_info_parcel.cpp(AccessibleActionParcel:244)]
03-07 14:27:56.886 28355 28355 D C01d05/accessibility_interface: [accessibility_element_info_parcel.cpp(Marshalling:262)]
03-07 14:27:56.886 28355 28355 D C01d05/accessibility_interface: [accessibility_element_info_parcel.cpp(RectParcel:421)]
03-07 14:27:56.886 28355 28355 D C01d05/accessibility_interface: [accessibility_element_info_parcel.cpp(Marshalling:439)]
03-07 14:27:56.886 28355 28355 D C01d05/accessibility_interface: [accessibility_element_info_parcel.cpp(RangeInfoParcel:286)]
03-07 14:27:56.886 28355 28355 D C01d05/accessibility_interface: [accessibility_element_info_parcel.cpp(Marshalling:304)]
03-07 14:27:56.886 28355 28355 D C01d05/accessibility_interface: [accessibility_element_info_parcel.cpp(GridInfoParcel:329)]
03-07 14:27:56.886 28355 28355 D C01d05/accessibility_interface: [accessibility_element_info_parcel.cpp(Marshalling:347)]
03-07 14:27:56.886 28355 28355 D C01d05/accessibility_interface: [accessibility_element_info_parcel.cpp(GridItemInfoParcel:372)]
03-07 14:27:56.886 28355 28355 D C01d05/accessibility_interface: [accessibility_element_info_parcel.cpp(Marshalling:393)]
03-07 14:27:56.886 28355 28355 D C01d05/accessibility_interface: [accessibility_element_operator_callback_proxy.cpp(SendTransactCmd:42)]
03-07 14:27:56.886 28355 28355 W C01510/IPCObjectProxy: 63: handle = 19 destroyed, descriptor: IPCObjectProxy19
03-07 14:27:56.886 27456 27588 D C01d05/accessibility_interface: [accessibility_element_operator_callback_stub.cpp(OnRemoteRequest:50)]cmd = 100, flags= 1
03-07 14:27:56.886 27456 27588 D C01d05/accessibility_interface: [accessibility_element_operator_callback_stub.cpp(HandleSetSearchElementInfoByAccessibilityIdResult:73)]
03-07 14:27:56.886 27456 27588 D C01d05/accessibility_interface: [accessibility_element_info_parcel.cpp(Unmarshalling:228)]
03-07 14:27:56.886 27456 27588 D C01d04/accessibility_common: [accessibility_element_info.cpp(AccessibilityElementInfo:666)]start
03-07 14:27:56.886 27456 27588 D C01d05/accessibility_interface: [accessibility_element_info_parcel.cpp(ReadFromParcel:132)]
03-07 14:27:56.886 27456 27588 D C01d05/accessibility_interface: [accessibility_element_info_parcel.cpp(Unmarshalling:271)]
03-07 14:27:56.886 27456 27588 D C01d05/accessibility_interface: [accessibility_element_info_parcel.cpp(ReadFromParcel:252)]
03-07 14:27:56.886 27456 27588 D C01d05/accessibility_interface: [accessibility_element_info_parcel.cpp(Unmarshalling:271)]
03-07 14:27:56.886 27456 27588 D C01d05/accessibility_interface: [accessibility_element_info_parcel.cpp(ReadFromParcel:252)]
03-07 14:27:56.886 27456 27588 D C01d05/accessibility_interface: [accessibility_element_info_parcel.cpp(Unmarshalling:271)]
03-07 14:27:56.886 27456 27588 D C01d05/accessibility_interface: [accessibility_element_info_parcel.cpp(ReadFromParcel:252)]
03-07 14:27:56.886 27456 27588 D C01d05/accessibility_interface: [accessibility_element_info_parcel.cpp(Unmarshalling:449)]
03-07 14:27:56.886 27456 27588 D C01d05/accessibility_interface: [accessibility_element_info_parcel.cpp(ReadFromParcel:429)]
03-07 14:27:56.886 27456 27588 D C01d05/accessibility_interface: [accessibility_element_info_parcel.cpp(Unmarshalling:314)]
03-07 14:27:56.886 27456 27588 D C01d05/accessibility_interface: [accessibility_element_info_parcel.cpp(ReadFromParcel:294)]
03-07 14:27:56.886 27456 27588 D C01d05/accessibility_interface: [accessibility_element_info_parcel.cpp(Unmarshalling:357)]
03-07 14:27:56.886 27456 27588 D C01d05/accessibility_interface: [accessibility_element_info_parcel.cpp(ReadFromParcel:337)]
03-07 14:27:56.886 27456 27588 D C01d05/accessibility_interface: [accessibility_element_info_parcel.cpp(Unmarshalling:406)]
03-07 14:27:56.886 27456 27588 D C01d05/accessibility_interface: [accessibility_element_info_parcel.cpp(ReadFromParcel:380)]
03-07 14:27:56.886 27456 27588 D C01d01/accessibility_aakit: [accessibility_element_operator_callback_impl.cpp(SetSearchElementInfoByAccessibilityIdResult:40)]Response[elementInfoSize:1] [requestId:5834811]
03-07 14:27:56.886 27456 27588 D C01510/BinderInvoker: 426: OnReleaseObject refcount=2
03-07 14:27:56.887 27456 27588 D C01510/BinderInvoker: 426: OnReleaseObject refcount=1
03-07 14:27:56.887 27456 27456 D C01d04/accessibility_common: [accessibility_element_info.cpp(GetAccessibilityId:622)]elementId_[81]
03-07 14:27:56.887 27456 27456 D C01d01/accessibility_aakit: [accessible_ability_channel_client.cpp(SearchElementInfosByAccessibilityId:209)]Get result successfully from ace. size[1]
03-07 14:27:56.887 27456 27456 D C01d05/accessibility_interface: [accessibility_element_operator_callback_stub.cpp(~AccessibilityElementOperatorCallbackStub:43)]
03-07 14:27:56.887 27456 27456 W C01510/IPCObjectStub: 68: destroy, desc: ohos.accessibility.IAccessibilityElementOperatorCallback
03-07 14:27:56.887 27456 27456 D C01d01/accessibility_aakit: [accessible_ability_client_impl.cpp(SearchElementInfoFromAce:796)]element [elementSize:1]
03-07 14:27:56.887 27456 27456 D C01d01/accessibility_aakit: [accessible_ability_client_impl.cpp(SetCacheElementInfo:766)]windowId[89], elementInfos size[1]
03-07 14:27:56.887 27456 27456 D C01d04/accessibility_common: [accessibility_element_info.cpp(GetAccessibilityId:622)]elementId_[81]
03-07 14:27:56.887 27456 27456 D C01d04/accessibility_common: [accessibility_element_info.cpp(GetAccessibilityId:622)]elementId_[81]
03-07 14:27:56.887 27456 27456 D C01d04/accessibility_common: [accessibility_element_info.cpp(GetChildCount:39)]childCount_[0]
03-07 14:27:56.887 27456 27456 D C01d04/accessibility_common: [accessibility_element_info.cpp(GetComponentType:484)]componentType_[Button]
03-07 14:27:56.887 27456 27456 D C01d04/accessibility_common: [accessibility_element_info.cpp(GetChildCount:39)]childCount_[0]
03-07 14:27:56.887 27456 27456 D C01d04/accessibility_common: [accessibility_element_info.cpp(GetRectInScreen:160)]start
03-07 14:27:56.887 27456 27456 D C01d04/accessibility_common: [accessibility_element_info.cpp(IsVisible:221)]visible_[1]
03-07 14:27:56.887 27456 27456 D C01d04/accessibility_common: [accessibility_element_info.cpp(GetComponentType:484)]componentType_[Button]
03-07 14:27:56.887 27456 27456 D C01d04/accessibility_common: [accessibility_element_info.cpp(GetContent:496)]text_[ip]
03-07 14:27:56.887 27456 27456 D C01d04/accessibility_common: [accessibility_element_info.cpp(GetChildCount:39)]childCount_[1]
03-07 14:27:56.887 27456 27456 D C01d04/accessibility_common: [accessibility_element_info.cpp(GetRectInScreen:160)]start
03-07 14:27:56.887 27456 27456 D C01d04/accessibility_common: [accessibility_element_info.cpp(IsVisible:221)]visible_[1]
03-07 14:27:56.887 27456 27456 D C01d04/accessibility_common: [accessibility_element_info.cpp(GetComponentType:484)]componentType_[Column]
03-07 14:27:56.887 27456 27456 D C01d04/accessibility_common: [accessibility_element_info.cpp(GetContent:496)]text_[]
03-07 14:27:56.887 27456 27456 D C01d04/accessibility_common: [accessibility_element_info.cpp(GetChildCount:39)]childCount_[3]
03-07 14:27:56.887 27456 27456 D C01d04/accessibility_common: [accessibility_element_info.cpp(GetRectInScreen:160)]start
03-07 14:27:56.887 27456 27456 D C01d04/accessibility_common: [accessibility_element_info.cpp(IsVisible:221)]visible_[1]
03-07 14:27:56.887 27456 27456 D C01d04/accessibility_common: [accessibility_element_info.cpp(GetComponentType:484)]componentType_[Column]
03-07 14:27:56.887 27456 27456 D C01d04/accessibility_common: [accessibility_element_info.cpp(GetContent:496)]text_[]
03-07 14:27:56.887 27456 27456 D C01d04/accessibility_common: [accessibility_element_info.cpp(GetChildCount:39)]childCount_[2]
03-07 14:27:56.887 27456 27456 D C01d04/accessibility_common: [accessibility_element_info.cpp(GetRectInScreen:160)]start
03-07 14:27:56.887 27456 27456 D C01d04/accessibility_common: [accessibility_element_info.cpp(IsVisible:221)]visible_[1]
03-07 14:27:56.887 27456 27456 D C01d04/accessibility_common: [accessibility_element_info.cpp(GetComponentType:484)]componentType_[Column]
03-07 14:27:56.887 27456 27456 D C01d04/accessibility_common: [accessibility_element_info.cpp(GetContent:496)]text_[]
03-07 14:27:56.887 27456 27456 D C01d04/accessibility_common: [accessibility_element_info.cpp(GetChildCount:39)]childCount_[1]
03-07 14:27:56.887 27456 27456 D C01d04/accessibility_common: [accessibility_element_info.cpp(GetRectInScreen:160)]start
03-07 14:27:56.887 27456 27456 D C01d04/accessibility_common: [accessibility_element_info.cpp(IsVisible:221)]visible_[1]
03-07 14:27:56.887 27456 27456 D C01d04/accessibility_common: [accessibility_element_info.cpp(GetComponentType:484)]componentType_[Stack]
03-07 14:27:56.887 27456 27456 D C01d04/accessibility_common: [accessibility_element_info.cpp(GetContent:496)]text_[]
03-07 14:27:56.887 27456 27456 D C01d04/accessibility_common: [accessibility_element_info.cpp(GetChildCount:39)]childCount_[2]
03-07 14:27:56.887 27456 27456 D C01d04/accessibility_common: [accessibility_element_info.cpp(GetRectInScreen:160)]start
03-07 14:27:56.887 27456 27456 D C01d04/accessibility_common: [accessibility_element_info.cpp(IsVisible:221)]visible_[1]
03-07 14:27:56.887 27456 27456 D C01d04/accessibility_common: [accessibility_element_info.cpp(GetComponentType:484)]componentType_[Column]
03-07 14:27:56.887 27456 27456 D C01d04/accessibility_common: [accessibility_element_info.cpp(GetContent:496)]text_[]
03-07 14:27:56.887 27456 27456 D C01d04/accessibility_common: [accessibility_element_info.cpp(GetChildCount:39)]childCount_[2]
03-07 14:27:56.887 27456 27456 D C01d04/accessibility_common: [accessibility_element_info.cpp(AccessibilityElementInfo:666)]start
03-07 14:27:56.887 27456 27456 D C01d01/accessibility_aakit: [accessibility_ui_test_ability_impl.cpp(GetChildElementInfo:186)]
03-07 14:27:56.887 27456 27456 D C01d01/accessibility_aakit: [accessible_ability_client_impl.cpp(GetInstance:43)]
03-07 14:27:56.887 27456 27456 D C01d01/accessibility_aakit: [accessible_ability_client_impl.cpp(GetChildElementInfo:495)]
03-07 14:27:56.887 27456 27456 D C01d04/accessibility_common: [accessibility_element_info.cpp(GetWindowId:136)]windowId_[89]
03-07 14:27:56.887 27456 27456 D C01d04/accessibility_common: [accessibility_element_info.cpp(GetChildId:29)]index[1]
03-07 14:27:56.887 27456 27456 D C01d01/accessibility_aakit: [accessible_ability_client_impl.cpp(GetChildElementInfo:509)]windowId[89], childId[16]
03-07 14:27:56.887 27456 27456 D C01d01/accessibility_aakit: [accessible_ability_client_impl.cpp(GetCacheElementInfo:747)]
03-07 14:27:56.888 27456 27456 D C01d01/accessibility_aakit: [accessible_ability_client_impl.cpp(GetCacheElementInfo:755)]the element id[16] is not in cache
03-07 14:27:56.888 27456 27456 D C01d01/accessibility_aakit: [accessible_ability_channel_client.cpp(SearchElementInfosByAccessibilityId:173)][channelId:1] [windowId:89]
03-07 14:27:56.888 27456 27456 I C01510/IPCObjectStub: 63: create, desc: ohos.accessibility.IAccessibilityElementOperatorCallback
03-07 14:27:56.888 27456 27456 D C01d04/accessibility_common: [accessibility_element_info.cpp(AccessibilityElementInfo:666)]start
03-07 14:27:56.888 27456 27456 D C01d05/accessibility_interface: [accessible_ability_channel_proxy.cpp(SearchElementInfoByAccessibilityId:66)]
03-07 14:27:56.888 27456 27456 D C01d05/accessibility_interface: [accessible_ability_channel_proxy.cpp(WriteInterfaceToken:35)]
03-07 14:27:56.888 27456 27456 D C01d05/accessibility_interface: [accessible_ability_channel_proxy.cpp(SendTransactCmd:47)]
03-07 14:27:56.888   338  1156 D C01d05/accessibility_interface: [accessible_ability_channel_stub.cpp(OnRemoteRequest:63)]cmd = 400, flags= 0
03-07 14:27:56.888   338  1156 D C01d05/accessibility_interface: [accessible_ability_channel_stub.cpp(HandleSearchElementInfoByAccessibilityId:85)]
03-07 14:27:56.888   338  1156 I C01510/IPCObjectProxy: 58: handle = 59 create, descriptor: IPCObjectProxy59
03-07 14:27:56.888 27456 27456 D C01510/IPCObjectStub: 374: IPCObjectStub::ProcessProto called, type = 0, normal stub object
03-07 14:27:56.888   338  1156 D C01d00/accessibility: [accessible_ability_channel.cpp(SearchElementInfoByAccessibilityId:40)]
03-07 14:27:56.889   338   901 D C01d00/accessibility: [accessible_ability_channel.cpp(operator():51)]accountId[100], name[ohos.uitest/]
03-07 14:27:56.889   338   901 D C01d00/accessibility: [accessible_ability_channel.cpp(GetElementOperator:452)]
03-07 14:27:56.889   338   901 D C01d00/accessibility: [accessible_ability_channel.cpp(GetConnection:436)]
03-07 14:27:56.889   338   901 D C01d00/accessibility: [accessible_ability_manager_service.cpp(GetAccountData:998)]
03-07 14:27:56.889   338   901 D C01d00/accessibility: [accessible_ability_channel.cpp(GetConnection:444)]accountId[100] clientName[ohos.uitest/]
03-07 14:27:56.889   338   901 D C01d00/accessibility: [accessibility_account_data.cpp(GetAccessibleAbilityConnection:296)]GetAccessibleAbilityConnection URI is ohos.uitest/
03-07 14:27:56.889   338   901 D C01d00/accessibility: [accessibility_account_data.cpp(GetAccessibleAbilityConnection:302)]founded URI is ohos.uitest/uitestability 
03-07 14:27:56.889   338   901 D C01d04/accessibility_common: [accessibility_ability_info.cpp(GetCapabilityValues:50)]
03-07 14:27:56.889   338   901 D C01d00/accessibility: [accessible_ability_manager_service.cpp(GetAccountData:998)]
03-07 14:27:56.889   338   901 D C01d00/accessibility: [accessibility_window_manager.cpp(ConvertToRealWindowId:146)]ConvertToRealWindowId called, windowId[89], focusType[-1]
03-07 14:27:56.889   338   901 D C01d00/accessibility: [accessibility_window_manager.cpp(ConvertToRealWindowId:166)]After convert windowId[89] and activeId[89]
03-07 14:27:56.889   338   901 D C01d00/accessibility: [accessibility_account_data.cpp(GetAccessibilityWindowConnection:313)]window id[89] interactionOperators's size[13]
03-07 14:27:56.889   338   901 D C01d00/accessibility: [accessibility_account_data.cpp(GetAccessibilityWindowConnection:315)]window id of asacConnection is 1
03-07 14:27:56.889   338   901 D C01d00/accessibility: [accessibility_account_data.cpp(GetAccessibilityWindowConnection:315)]window id of asacConnection is 2
03-07 14:27:56.889   338   901 D C01d00/accessibility: [accessibility_account_data.cpp(GetAccessibilityWindowConnection:315)]window id of asacConnection is 3
03-07 14:27:56.889   338   901 D C01d00/accessibility: [accessibility_account_data.cpp(GetAccessibilityWindowConnection:315)]window id of asacConnection is 4
03-07 14:27:56.889   338   901 D C01d00/accessibility: [accessibility_account_data.cpp(GetAccessibilityWindowConnection:315)]window id of asacConnection is 5
03-07 14:27:56.889   338   901 D C01d00/accessibility: [accessibility_account_data.cpp(GetAccessibilityWindowConnection:315)]window id of asacConnection is 6
03-07 14:27:56.889   338   901 D C01d00/accessibility: [accessibility_account_data.cpp(GetAccessibilityWindowConnection:315)]window id of asacConnection is 7
03-07 14:27:56.889   338   901 D C01d00/accessibility: [accessibility_account_data.cpp(GetAccessibilityWindowConnection:315)]window id of asacConnection is 8
03-07 14:27:56.889   338   901 D C01d00/accessibility: [accessibility_account_data.cpp(GetAccessibilityWindowConnection:315)]window id of asacConnection is 9
03-07 14:27:56.889   338   901 D C01d00/accessibility: [accessibility_account_data.cpp(GetAccessibilityWindowConnection:315)]window id of asacConnection is 10
03-07 14:27:56.889   338   901 D C01d00/accessibility: [accessibility_account_data.cpp(GetAccessibilityWindowConnection:315)]window id of asacConnection is 82
03-07 14:27:56.889   338   901 D C01d00/accessibility: [accessibility_account_data.cpp(GetAccessibilityWindowConnection:315)]window id of asacConnection is 84
03-07 14:27:56.889   338   901 D C01d00/accessibility: [accessibility_account_data.cpp(GetAccessibilityWindowConnection:315)]window id of asacConnection is 89
03-07 14:27:56.889   338   901 D C01d05/accessibility_interface: [accessibility_element_operator_proxy.cpp(SearchElementInfoByAccessibilityId:56)]
03-07 14:27:56.889   338   901 D C01d05/accessibility_interface: [accessibility_element_operator_proxy.cpp(WriteInterfaceToken:27)]
03-07