03-07 14:26:46.861 27643 27643 D A00220/Photos: common_ScreenManager: hideStatusBar start
03-07 14:26:46.861 27643 27643 D A00220/Photos: common_ScreenManager: getTopWindow start
03-07 14:26:46.861 27643 27643 D A00220/Photos: common_ScreenManager: getTopWindow names: navigation end
03-07 14:26:46.861 27643 27643 I A00220/Photos: common_ScreenManager: photos application before/current window mode: 2/2
03-07 14:26:46.861  1080  1080 D A0001a/SystemUI_Default: TintStateManager --> onSystemBarTintChange, data: {"displayId":0,"regionTint":[{"type":12,"isEnable":false,"backgroundColor":"#66000000","contentColor":"#E5FFFFFF","region":{"left":0,"top":0,"width":0,"height":0}}]}
03-07 14:26:46.862 27643 27643 D A00220/Photos: common_ScreenManager: windowSizeChange {"width":1920,"height":1080}
03-07 14:26:46.862 27643 27643 I A00220/Photos: common_ScreenManager: onWinSizeChanged {"width":1920,"height":1080}
03-07 14:26:46.862 27643 27643 I A00220/Photos: common_ScreenManager: onChanged winSize: 1920*1080 px, 1280*720 vp
03-07 14:26:46.862 27643 27643 I A00220/Photos: common_ScreenManager: winSize changed: {"width":1280,"height":616} -> {"width":1280,"height":720}
03-07 14:26:46.862  1080  1080 D A0001a/SystemUI_Default: TintStateManager --> onSystemBarTintChange, type: undefined
03-07 14:26:46.866 27643 27643 D A00220/Photos: common_ScreenManager: hideStatusBar Succeeded
03-07 14:26:46.867 27643 27643 I A00220/Photos: common_ScreenManager: photos application before/current window mode: 2/2
03-07 14:26:46.867 27643 27643 I A00220/Photos: common_UserFileManagerAccess: prepareSystemAlbums before :file://media/PhotoAlbum/2, 1026
03-07 14:26:46.868 27643 27643 I A00220/Photos: common_ScreenManager: Succeeded in obtaining the area. Data: {"visible":true,"leftRect":{"left":0,"top":0,"width":0,"height":0},"topRect":{"left":0,"top":0,"width":1920,"height":78},"rightRect":{"left":0,"top":0,"width":0,"height":0},"bottomRect":{"left":0,"top":1002,"width":1920,"height":78}}
03-07 14:26:46.869  1080  1080 D A0001a/SystemUI_Default: TintStateManager --> onSystemBarTintChange, data: {"displayId":0,"regionTint":[{"type":3,"isEnable":false,"backgroundColor":"#66000000","contentColor":"#E5FFFFFF","region":{"left":0,"top":0,"width":1920,"height":78}}]}
03-07 14:26:46.869 27643 27643 I A00220/Photos: common_ScreenManager: leftBlank changed: {"status":0,"navi":0}-[0,0,0,52]
03-07 14:26:46.869 27643 27643 I A00220/Photos: MainAbility: onleftBlankChanged: 0,0,0,52
03-07 14:26:46.869 27643 27643 I A00220/Photos: common_UiUtil: getResourceString: {"id":16777515,"type":10001,"params":[],"bundleName":"com.ohos.photos","moduleName":"phone_photos"}
03-07 14:26:46.870  1080  1080 D A0001a/SystemUI_Default: TintStateManager --> onSystemBarTintChange, type: status
03-07 14:26:46.870 27643 27643 E A00220/Photos: common_UiUtil: getResourceString error: [object Object]
03-07 14:26:46.870  1080  1080 D A0001a/SystemUI_Default: TintStateManager --> tintState: {"isEnable":false,"region":{"left":0,"top":0,"width":1920,"height":78},"backgroundColor":"#66000000","contentColor":"#E5FFFFFF"}
03-07 14:26:46.870  1080  1080 I A0001a/SystemUI_Default: StatusBarVM --> onTintStateChange, tintState: {"isEnable":false,"region":{"left":0,"top":0,"width":1920,"height":78},"backgroundColor":"#66000000","contentColor":"#E5FFFFFF"}
03-07 14:26:46.870  1080  1080 I A0001a/SystemUI_Default: StatusBarVM --> setStatusBarEnable, isEnable false
03-07 14:26:46.892  1080  1080 D A0001a/SystemUI_Default: EventManager --> publish localEvent type: WindowShowHideEvent
03-07 14:26:46.961 27643 27643 D A00220/Photos: common_ScreenManager: setSystemUi start, isShowBar=true, deviceType=pad
03-07 14:26:46.961 27643 27643 D A00220/Photos: common_ScreenManager: getTopWindow start
03-07 14:26:46.961 27643 27643 D A00220/Photos: common_ScreenManager: getTopWindow names: navigation end
03-07 14:26:46.962 27643 27643 I A00220/Photos: index: [aboutToAppear] param: undefined
03-07 14:26:46.983 27643 27643 I A00220/Photos: common_TabBar: {"id":16777414,"type":10003,"params":[],"bundleName":"com.ohos.photos","moduleName":"phone_photos"} , undefined
03-07 14:26:46.983 27643 27643 I A00220/Photos: common_TabBar: {"id":16777410,"type":10003,"params":[],"bundleName":"com.ohos.photos","moduleName":"phone_photos"} , undefined
03-07 14:26:46.992 27643 27643 I A00220/Photos: index: [onPageShow] entryFromHap: 0
03-07 14:26:46.992 27643 27643 I A00220/Photos: index: [onPageShow] setImageRawDataCacheSize
03-07 14:26:46.992 27643 27643 I A00220/Photos: MainAbility: thirdRouterPage entryFromHap: 0
03-07 14:26:46.993 27643 27643 I A00220/Photos: index: router clear undefined, routerLength=function getLength() { [native code] }
03-07 14:26:46.996 27643 27643 D A00220/Photos: common_BreakPointSystem: on current breakpoint: lg
03-07 14:26:47.014  1080  1080 D A0001a/SystemUI_Default: TintStateManager --> onSystemBarTintChange, data: {"displayId":0,"regionTint":[{"type":7,"isEnable":true,"backgroundColor":"#00000000","contentColor":"#E5FFFFFF","region":{"left":0,"top":1002,"width":1920,"height":78}}]}
03-07 14:26:47.016 27643 27643 I A00220/Photos: common_ScreenManager: setStatusBarColor done
03-07 14:26:47.016 27643 27643 D A00220/Photos: common_ScreenManager: setSystemUi Succeeded: navigation
03-07 14:26:47.017 27643 27643 I A00220/Photos: index: Has permission been requested? false
03-07 14:26:47.018 27643 27643 I A00220/Photos: common_UserFileManagerAccess: prepareSystemAlbums before :file://media/PhotoAlbum/5, 1029
03-07 14:26:47.019 27643 27643 I A00220/Photos: common_ScreenManager: Succeeded in obtaining the area. Data:{"visible":true,"leftRect":{"left":0,"top":0,"width":0,"height":0},"topRect":{"left":0,"top":0,"width":0,"height":0},"rightRect":{"left":0,"top":0,"width":0,"height":0},"bottomRect":{"left":0,"top":1002,"width":1920,"height":78}}
03-07 14:26:47.019 27643 27643 I A00220/Photos: common_ScreenManager: leftBlank changed: {"status":52,"navi":52}-[0,0,0,52]
03-07 14:26:47.019 27643 27643 I A00220/Photos: MainAbility: onleftBlankChanged: 0,0,0,52
03-07 14:26:47.020 27643 27643 D A00220/Photos: index: permissions: ["ohos.permission.READ_IMAGEVIDEO","ohos.permission.WRITE_IMAGEVIDEO","ohos.permission.MEDIA_LOCATION"], authResult: [0,0,0]
03-07 14:26:47.020 27643 27643 I A00220/Photos: index: permissions sum: 0
03-07 14:26:47.021 27643 27643 D A00220/Photos: index: Succeeded in putting the value of 'PhotosPermissionFlag'.
03-07 14:26:47.028 27643 27643 I A00220/Photos: TimelinePage: aboutToAppear begin
03-07 14:26:47.029 27643 27643 I A00220/Photos: TimelinePage: aboutToAppear doing
03-07 14:26:47.030 27643 27643 I A00220/Photos: TimelinePage: initGridRowCount contentWidth: 1280
03-07 14:26:47.030 27643 27643 I A00220/Photos: TimelinePage: first updateGroupSelectMode
03-07 14:26:47.030 27643 27643 I A00220/Photos: TimelinePage: updateYearMap
03-07 14:26:47.030 27643 27643 E A00220/Photos: TimelinePage: year length is 0
03-07 14:26:47.030 27643 27643 I A00220/Photos: TimelinePage: onActive
03-07 14:26:47.030 27643 27643 I A00220/Photos: common_AbsDataSource: onActive, lastUpdateTime=1709792806570, lastChangeTime=0
03-07 14:26:47.030 27643 27643 I A00220/Photos: timeline_TimelineDataSource: updateGroupSize
03-07 14:26:47.030 27643 27643 I A00220/Photos: TimelinePage: mSelectManager updateCount 0
03-07 14:26:47.031 27643 27643 I A00220/Photos: TimelinePage: updateYearMap
03-07 14:26:47.031 27643 27643 E A00220/Photos: TimelinePage: year length is 0
03-07 14:26:47.031 27643 27643 I A00220/Photos: timeline_TimelineDataSource: updateGroupSize, old size: 0 , old mediaCount: 0,            new size: 0, new mediaCount: 0, real size: 0
03-07 14:26:47.031 27643 27643 I A00220/Photos: common_MediaDataSource: updateCountPostProcess
03-07 14:26:47.031 27643 27643 I A00220/Photos: TimelinePage: updateCount 0
03-07 14:26:47.031 27643 27643 I A00220/Photos: TimelinePage: mSelectManager updateCount 0
03-07 14:26:47.031 27643 27643 I A00220/Photos: TimelinePage: allSelect false
03-07 14:26:47.032 27643 27643 I A00220/Photos: common_AbsDataSource: onDataReloaded listeners size 0
03-07 14:26:47.032 27643 27643 I A00220/Photos: TimelinePage: allSelect true
03-07 14:26:47.032 27643 27643 I A00220/Photos: common_AbsDataSource: onDataReloaded listeners size 0
03-07 14:26:47.032 27643 27643 I A00220/Photos: TimelinePage: ON_LOADING_FINISHED size: 0
03-07 14:26:47.032 27643 27643 I A00220/Photos: common_AbsDataSource: notifySizeLoadingFinished, loadingListeners size: 0
03-07 14:26:47.038 27643 27643 I A00220/Photos: common_CustomDialogView: aboutToAppear
03-07 14:26:47.041 27643 27643 I A00220/Photos: common_NoPhotoIndexComponent: aboutToAppear
03-07 14:26:47.041 27643 27643 I A00220/Photos: common_NoPhotoIndexComponent: window size: 1280, 360 ,size = 288 index:0
03-07 14:26:47.073 27643 27643 I A00220/Photos: common_UserFileManagerAccess: prepareSystemAlbums before :file://media/PhotoAlbum/1, 1025
03-07 14:26:47.087 27643 27643 I A00220/Photos: common_UserFileManagerAccess: prepareSystemAlbums after :file://media/PhotoAlbum/3, 1027
03-07 14:26:47.240  1692  1692 I A0001b/Launcher_Default: SmartDockModel --> onMissionCreatedCallback, missionId=40
03-07 14:26:47.299 27643 27643 D A00220/Photos: common_TabBar: this.currentIndex: 0 index: 0
03-07 14:26:47.299 27643 27643 E A00220/Photos: common_TabBar: it is same: 0
03-07 14:26:47.301 27643 27643 I A00220/Photos: common_ReportToBigDataUtil: report, eventId: TAB_SWITCH msg: {"SwitchTab":"Click","Current":"TIME"}
03-07 14:26:47.301 27643 27643 I A00220/Photos: common_TabBar: select 0
03-07 14:26:47.305 27643 27643 E A00220/Photos: common_ReportToBigDataUtil: report to bigData error because: null
03-07 14:26:47.506  1080  1080 D A0001a/SystemUI_Default: TintStateManager --> onSystemBarTintChange, type: navigation
03-07 14:26:47.506  1080  1080 D A0001a/SystemUI_Default: TintStateManager --> tintState: {"isEnable":true,"region":{"left":0,"top":1002,"width":1920,"height":78},"backgroundColor":"#00000000","contentColor":"#E5FFFFFF"}
03-07 14:26:47.506  1080  1080 D A0001a/SystemUI_Default: NavigationBarViewModel --> onTintStateChange, tintState: {"isEnable":true,"region":{"left":0,"top":1002,"width":1920,"height":78},"backgroundColor":"#00000000","contentColor":"#E5FFFFFF"}
03-07 14:26:47.507  1080  1080 D A0001a/SystemUI_Default: NavigationBarViewModel --> setWindowEnable, isEnable true
03-07 14:26:47.510  1080  1080 D A0001a/SystemUI_Default: NavigationBarViewModel --> onTintStateChange, backgroundColor #00000000,
03-07 14:26:47.510  1080  1080 D A0001a/SystemUI_Default:       contentColor #E5FFFFFF
03-07 14:26:48.628 27643 27643 D A00220/Photos: common_TabBar: this.currentIndex: 0 index: 0
03-07 14:26:48.629 27643 27643 E A00220/Photos: common_TabBar: it is same: 0
03-07 14:26:48.629 27643 27643 I A00220/Photos: common_ReportToBigDataUtil: report, eventId: TAB_SWITCH msg: {"SwitchTab":"Click","Current":"TIME"}
03-07 14:26:48.630 27643 27643 I A00220/Photos: common_TabBar: select 0
03-07 14:26:48.634 27643 27643 E A00220/Photos: common_ReportToBigDataUtil: report to bigData error because: null
03-07 14:26:54.237 27643 27643 D A00220/Photos: common_TabBar: this.currentIndex: 0 index: 0
03-07 14:26:54.237 27643 27643 E A00220/Photos: common_TabBar: it is same: 0
03-07 14:26:54.240 27643 27643 I A00220/Photos: common_ReportToBigDataUtil: report, eventId: TAB_SWITCH msg: {"SwitchTab":"Click","Current":"TIME"}
03-07 14:26:54.240 27643 27643 I A00220/Photos: common_TabBar: select 0
03-07 14:26:54.245 27643 27643 E A00220/Photos: common_ReportToBigDataUtil: report to bigData error because: null
03-07 14:26:55.544 27643 27643 D A00220/Photos: common_TabBar: this.currentIndex: 0 index: 0
03-07 14:26:55.544 27643 27643 E A00220/Photos: common_TabBar: it is same: 0
03-07 14:26:55.545 27643 27643 I A00220/Photos: common_ReportToBigDataUtil: report, eventId: TAB_SWITCH msg: {"SwitchTab":"Click","Current":"TIME"}
03-07 14:26:55.545 27643 27643 I A00220/Photos: common_TabBar: select 0
03-07 14:26:55.553 27643 27643 E A00220/Photos: common_ReportToBigDataUtil: report to bigData error because: null
03-07 14:26:57.888 27643 27643 D A00220/Photos: TimelinePage: onModeChange current mode false
03-07 14:26:57.900 27643 27643 I A00220/Photos: index: [onPageHide]
03-07 14:26:57.904  1692  1692 D A0001b/Launcher_Default: LocalEventManager --> sendLocalEventSticky, send local event sticky, params: null
03-07 14:26:57.904  1692  1692 I A0001b/Launcher_Default: LocalEventManager --> sendLocalEvent event: "launcher.event.REQUEST_FORM_ITEM_VISIBLE"
03-07 14:26:57.905  1692  1692 D A0001b/Launcher_Default: LocalEventManager --> sendLocalEvent listenerList length: 1
03-07 14:26:57.905  1692  1692 D A0001b/Launcher_Default: PageDesktopViewModel --> localEventListener receive event: launcher.event.REQUEST_FORM_ITEM_VISIBLE, params: null
03-07 14:26:57.905  1692  1692 I A0001b/Launcher_Default: LauncherMainAbility --> lifeCycleEvent change: 2
03-07 14:26:57.908  1080  1080 D A0001a/SystemUI_Default: TintStateManager --> onSystemBarTintChange, data: {"displayId":0,"regionTint":[{"type":12,"isEnable":true,"backgroundColor":"#66000000","contentColor":"#E5FFFFFF","region":{"left":0,"top":0,"width":0,"height":0}}]}
03-07 14:26:57.911  1080  1080 D A0001a/SystemUI_Default: TintStateManager --> onSystemBarTintChange, type: undefined
03-07 14:26:57.927  1080  1080 D A0001a/SystemUI_Default: TintStateManager --> onSystemBarTintChange, type: status
03-07 14:26:57.927  1080  1080 D A0001a/SystemUI_Default: TintStateManager --> tintState: {"isEnable":true,"region":{"left":0,"top":0,"width":1920,"height":78},"backgroundColor":"#00FFFFFF","contentColor":"#E5FFFFFF"}
03-07 14:26:57.927  1080  1080 I A0001a/SystemUI_Default: StatusBarVM --> onTintStateChange, tintState: {"isEnable":true,"region":{"left":0,"top":0,"width":1920,"height":78},"backgroundColor":"#00FFFFFF","contentColor":"#E5FFFFFF"}
03-07 14:26:57.927  1080  1080 I A0001a/SystemUI_Default: StatusBarVM --> setStatusBarEnable, isEnable true
03-07 14:26:57.928  1080  1080 I A0001a/SystemUI_Default: StatusBarVM --> changeBackground, backgroundColor: #00FFFFFF region: {"left":0,"top":0,"width":1920,"height":78}
03-07 14:26:57.928  1080  1080 I A0001a/SystemUI_Default: StatusBarVM --> changeBackground, data: {"backgroundColor":"#00FFFFFF","width":1920}
03-07 14:26:57.928  1080  1080 I A0001a/SystemUI_Default: StatusBarVM --> changeContent, contentColor: #E5FFFFFF region: {"left":0,"top":0,"width":1920,"height":78}
03-07 14:26:57.928  1080  1080 I A0001a/SystemUI_Default: StatusBarVM --> changeContent, data: {"contentColor":"#E5FFFFFF","width":1920}
03-07 14:26:57.928  1080  1080 I A0001a/SystemUI_Default: StatusBarVM --> changeComponentContent, id battery area: {"left":1801,"top":0,"width":-1,"height":78}
03-07 14:26:57.928  1080  1080 I A0001a/SystemUI_Default: StatusBarVM --> setComponentContent, id battery contentColor: #E5FFFFFF
03-07 14:26:57.928  1080  1080 I A0001a/SystemUI_Default: StatusBarVM --> changeComponentContent, id signal area: {"left":1802,"top":0,"width":-1,"height":78}
03-07 14:26:57.928  1080  1080 I A0001a/SystemUI_Default: StatusBarVM --> setComponentContent, id signal contentColor: #E5FFFFFF
03-07 14:26:57.929  1080  1080 I A0001a/SystemUI_Default: StatusBarVM --> changeComponentContent, id wifi area: {"left":1802,"top":0,"width":0,"height":78}
03-07 14:26:57.929  1080  1080 I A0001a/SystemUI_Default: StatusBarVM --> setComponentContent, id wifi contentColor: #E5FFFFFF
03-07 14:26:57.929  1080  1080 I A0001a/SystemUI_Default: StatusBarVM --> changeComponentContent, id ring_mode area: {"left":1802,"top":0,"width":0,"height":78}
03-07 14:26:57.929  1080  1080 I A0001a/SystemUI_Default: StatusBarVM --> setComponentContent, id ring_mode contentColor: #E5FFFFFF
03-07 14:26:57.929  1080  1080 I A0001a/SystemUI_Default: StatusBarVM --> changeComponentContent, id bluetooth area: {"left":1748,"top":0,"width":54,"height":78}
03-07 14:26:57.929  1080  1080 I A0001a/SystemUI_Default: StatusBarVM --> setComponentContent, id bluetooth contentColor: #E5FFFFFF
03-07 14:26:57.929  1080  1080 I A0001a/SystemUI_Default: StatusBarVM --> changeComponentContent, id location area: {"left":1748,"top":0,"width":0,"height":78}
03-07 14:26:57.929  1080  1080 I A0001a/SystemUI_Default: StatusBarVM --> setComponentContent, id location contentColor: #E5FFFFFF
03-07 14:26:57.929  1080  1080 I A0001a/SystemUI_Default: StatusBarVM --> changeComponentContent, id notification area: {"left":110,"top":0,"width":0,"height":78}
03-07 14:26:57.929  1080  1080 I A0001a/SystemUI_Default: StatusBarVM --> setComponentContent, id notification contentColor: #E5FFFFFF
03-07 14:26:57.929  1080  1080 I A0001a/SystemUI_Default: StatusBarVM --> changeComponentContent, id clock area: {"left":0,"top":0,"width":111,"height":78}
03-07 14:26:57.929  1080  1080 I A0001a/SystemUI_Default: StatusBarVM --> setComponentContent, id clock contentColor: #E5FFFFFF
03-07 14:26:57.929  1080  1080 I A0001a/SystemUI_Default: StatusBarVM --> changeComponentContent, id capsule area: {"left":111,"top":0,"width":-1,"height":78}
03-07 14:26:57.929  1080  1080 I A0001a/SystemUI_Default: StatusBarVM --> setComponentContent, id capsule contentColor: #E5FFFFFF
03-07 14:26:57.929  1080  1080 I A0001a/SystemUI_Default: StatusBarVM --> changeComponentContent, id systemui_controlpanel area: {"left":1860,"top":0,"width":60,"height":78}
03-07 14:26:57.930  1080  1080 I A0001a/SystemUI_Default: StatusBarVM --> resetWindow, id systemui_controlpanel contentColor: {"left":1860,"top":0,"width":60,"height":78}
03-07 14:26:57.930  1080  1080 D A0001a/SystemUI_Default: AbilityManager --> getAbilityData, abilityName: SystemUi_ControlPanel key: rect 
03-07 14:26:57.955  1080  1080 I A0001a/SystemUI_Default: EventManager --> PUBLISH : event: {"target":"local","data":{"eventName":"WindowShowHideEvent","args":{"windowName":"SystemUi_StatusBar","isShow":true}}}
03-07 14:26:57.955  1080  1080 D A0001a/SystemUI_Default: EventManager --> publish localEvent type: WindowShowHideEvent
03-07 14:26:57.967 27643 27643 I A00220/Photos: common_CustomDialogView: aboutToDisappear
03-07 14:26:58.273 27643 27643 D A00220/Photos: common_ScreenManager: start to destory photos application window mode: 2
03-07 14:26:58.274 27643 27643 I A00220/Photos: MainAbility: Application onDestroy
03-07 14:26:58.274 27643 27643 I A00220/Photos: common_StatusBarColorController: constructor
03-07 14:26:58.275 27643 27643 I A00220/Photos: common_UiUtil: getResourceString: {"id":16777443,"type":10001,"params":[],"bundleName":"com.ohos.photos","moduleName":"phone_photos"}
03-07 14:26:58.277  1080  1080 D A0001a/SystemUI_Default: TintStateManager --> onSystemBarTintChange, data: {"displayId":0,"regionTint":[{"type":12,"isEnable":true,"backgroundColor":"#66000000","contentColor":"#E5FFFFFF","region":{"left":0,"top":0,"width":0,"height":0}}]}
03-07 14:26:58.279  1080  1080 D A0001a/SystemUI_Default: TintStateManager --> onSystemBarTintChange, type: undefined
03-07 14:26:58.279 27643 27643 I A00220/Photos: common_MediaObserver: unregisterForAllPhotos
03-07 14:26:58.281 27643 27643 I A00220/Photos: common_MediaObserver: unregisterForAllAlbums
03-07 14:26:58.290 27643 27643 I A00220/Photos: common_UserFileManagerAccess: onDestroy done
03-07 14:26:58.293 27643 27643 E A00220/Photos: common_UiUtil: getResourceString error: [object Object]
03-07 14:26:58.294 27643 27643 I A00220/Photos: common_StatusBarColorController: statusBarColor: null
03-07 14:26:58.302  1692  1692 I A0001b/Launcher_Default: SmartDockModel --> onMissionClosedCallback, missionId=40
03-07 14:26:58.303  1692  1692 D A0001b/Launcher_Default: SmartDockModel --> getRecentDataList start!
03-07 14:26:58.309  1692  1692 D A0001b/Launcher_Default: AmsMissionManager --> getOriginRecentMissionsList res.length: 3
03-07 14:26:58.311  1692  1692 I A0001b/Launcher_Default: AmsMissionManager --> getRecentMissionsList recentMissionsList length: 3
03-07 14:26:58.312  1692  1692 D A0001b/Launcher_Default: SmartDockModel --> getRecentMissionsList length: 3
03-07 14:27:00.038  1080  1080 D A0001a/SystemUI_Default: CommonEvent_TimeManager --> handle common event: usual.event.TIME_TICK
03-07 14:27:00.039  1080  1080 D A0001a/SystemUI_Default: TimeManager --> notifyTimeChange
03-07 14:27:00.039  1080  1080 I A0001a/SystemUI_Default: EventManager --> PUBLISH : event: {"target":"local","data":{"eventName":"Time_Change_Event","args":{"date":"2024-03-07T06:27:00.039Z","timeFormat":false}}}
03-07 14:27:00.039  1080  1080 D A0001a/SystemUI_Default: EventManager --> publish localEvent type: Time_Change_Event
03-07 14:27:00.041  1080  1080 D A0001a/SystemUI_Default: CommonEvent_TimeManager --> handle common event: usual.event.TIME_TICK
03-07 14:27:00.041  1080  1080 D A0001a/SystemUI_Default: TimeManager --> notifyTimeChange
03-07 14:27:00.041  1080  1080 I A0001a/SystemUI_Default: EventManager --> PUBLISH : event: {"target":"local","data":{"eventName":"Time_Change_Event","args":{"date":"2024-03-07T06:27:00.041Z","timeFormat":false}}}
03-07 14:27:00.041  1080  1080 D A0001a/SystemUI_Default: EventManager --> publish localEvent type: Time_Change_Event
03-07 14:27:00.946  1692  1692 I A0001b/Launcher_Default: ResidentLayout --> onTouch event type: 0
03-07 14:27:00.950  1692  1692 I A0001b/Launcher_Default: ResidentLayout --> onTouch event type: 1
03-07 14:27:00.951  1692  1692 D A0001b/Launcher_Default: L:Trace --> start trace taskId: 10000
03-07 14:27:00.951  1692  1692 D A0001b/Launcher_Default: BaseRemoteAnimationHandler --> setAppIconSize appIconSize is 54 , appIconHeight is undefined
03-07 14:27:00.952  1692  1692 D A0001b/Launcher_Default: BaseRemoteAnimationHandler --> setAppIconInfo appIconSize is 54 , appIconHeight is undefined ,
03-07 14:27:00.952  1692  1692 D A0001b/Launcher_Default:       appIconPositionX 0 , appIconPositionY 628.33
03-07 14:27:00.952  1692  1692 D A0001b/Launcher_Default: LauncherAbilityManager --> startApplication abilityName: com.ohos.mms.MainAbility, bundleName: com.ohos.mms, moduleName entry
03-07 14:27:00.952  1692  1692 I A03d00/JSAPP: startAbility
03-07 14:27:00.964  1692  1692 D A0001b/Launcher_Default: LauncherAbilityManager --> startApplication hiSysEvent write success: 0
03-07 14:27:01.007  1692  1692 D A0001b/Launcher_Default: LauncherAbilityManager --> startApplication promise success
03-07 14:27:01.188 27854 27854 I A03d00/JSAPP: Callee constructor is OK string
03-07 14:27:01.188 27854 27854 I A03d00/JSAPP: Ability::constructor callee is object [object Object]
03-07 14:27:01.193 27854 27854 I A00800/MmsLog: MyAbilityStage: AbilityStage onCreate
03-07 14:27:01.280 27854 27854 I A03d00/JSAPP: Callee constructor is OK string
03-07 14:27:01.280 27854 27854 I A03d00/JSAPP: Ability::constructor callee is object [object Object]
03-07 14:27:01.292 27854 27854 I A00800/MmsLog: app: Ability onCreate com.ohos.mms version: 1.0.0.41
03-07 14:27:01.294 27854 27854 I A00800/MmsLog: WorkFactory: getWorker in DataWorker.
03-07 14:27:01.294 27854 27854 W A00800/MmsLog: WorkFactory: getWorker 0
03-07 14:27:01.294 27854 27854 I A00800/MmsLog: DataWorkerWrapper: getInstance in.
03-07 14:27:01.294 27854 27854 I A00800/MmsLog: DataWorkerWrapper: make DataWorkerWrapper.
03-07 14:27:01.294 27854 27854 I A00800/MmsLog: WorkerWrapper: WorkerWrapper initWorker DataWorker
03-07 14:27:01.294 27854 27854 W A00800/MmsLog: WorkFactory: getWorker end
03-07 14:27:01.294 27854 27854 I A00800/MmsLog: WorkerWrapper: WorkerWrapper initWorker end
03-07 14:27:01.330  1080  1080 D A0001a/SystemUI_Default: TintStateManager --> onSystemBarTintChange, data: {"displayId":0,"regionTint":[{"type":12,"isEnable":false,"backgroundColor":"#66000000","contentColor":"#E5FFFFFF","region":{"left":0,"top":0,"width":0,"height":0}}]}
03-07 14:27:01.331 27854 27854 I A00800/MmsLog: app: Ability onForeground
03-07 14:27:01.331 27854 27854 I A00800/MmsLog: CardModel: init start.
03-07 14:27:01.340  1080  1080 D A0001a/SystemUI_Default: TintStateManager --> onSystemBarTintChange, type: status
03-07 14:27:01.340  1080  1080 D A0001a/SystemUI_Default: TintStateManager --> tintState: {"isEnable":true,"region":{"left":0,"top":0,"width":1920,"height":78},"backgroundColor":"#66000000","contentColor":"#E5FFFFFF"}
03-07 14:27:01.340  1080  1080 I A0001a/SystemUI_Default: StatusBarVM --> onTintStateChange, tintState: {"isEnable":true,"region":{"left":0,"top":0,"width":1920,"height":78},"backgroundColor":"#66000000","contentColor":"#E5FFFFFF"}
03-07 14:27:01.340  1080  1080 I A0001a/SystemUI_Default: StatusBarVM --> setStatusBarEnable, isEnable true
03-07 14:27:01.344  1080  1080 I A0001a/SystemUI_Default: StatusBarVM --> changeBackground, backgroundColor: #66000000 region: {"left":0,"top":0,"width":1920,"height":78}
03-07 14:27:01.346  1080  1080 I A0001a/SystemUI_Default: StatusBarVM --> changeBackground, data: {"backgroundColor":"#66000000","width":1920}
03-07 14:27:01.346  1080  1080 I A0001a/SystemUI_Default: StatusBarVM --> changeContent, contentColor: #E5FFFFFF region: {"left":0,"top":0,"width":1920,"height":78}
03-07 14:27:01.346  1080  1080 I A0001a/SystemUI_Default: StatusBarVM --> changeContent, data: {"contentColor":"#E5FFFFFF","width":1920}
03-07 14:27:01.347  1080  1080 I A0001a/SystemUI_Default: StatusBarVM --> changeComponentContent, id battery area: {"left":1801,"top":0,"width":-1,"height":78}
03-07 14:27:01.347  1080  1080 I A0001a/SystemUI_Default: StatusBarVM --> setComponentContent, id battery contentColor: #E5FFFFFF
03-07 14:27:01.347  1080  1080 I A0001a/SystemUI_Default: StatusBarVM --> changeComponentContent, id signal area: {"left":1802,"top":0,"width":-1,"height":78}
03-07 14:27:01.347  1080  1080 I A0001a/SystemUI_Default: StatusBarVM --> setComponentContent, id signal contentColor: #E5FFFFFF
03-07 14:27:01.348  1080  1080 I A0001a/SystemUI_Default: StatusBarVM --> changeComponentContent, id wifi area: {"left":1802,"top":0,"width":0,"height":78}
03-07 14:27:01.348  1080  1080 I A0001a/SystemUI_Default: StatusBarVM --> setComponentContent, id wifi contentColor: #E5FFFFFF
03-07 14:27:01.348  1080  1080 I A0001a/SystemUI_Default: StatusBarVM --> changeComponentContent, id ring_mode area: {"left":1802,"top":0,"width":0,"height":78}
03-07 14:27:01.348  1080  1080 I A0001a/SystemUI_Default: StatusBarVM --> setComponentContent, id ring_mode contentColor: #E5FFFFFF
03-07 14:27:01.348  1080  1080 I A0001a/SystemUI_Default: StatusBarVM --> changeComponentContent, id bluetooth area: {"left":1748,"top":0,"width":54,"height":78}
03-07 14:27:01.349  1080  1080 I A0001a/SystemUI_Default: StatusBarVM --> setComponentContent, id bluetooth contentColor: #E5FFFFFF
03-07 14:27:01.349  1080  1080 I A0001a/SystemUI_Default: StatusBarVM --> changeComponentContent, id location area: {"left":1748,"top":0,"width":0,"height":78}
03-07 14:27:01.349  1080  1080 I A0001a/SystemUI_Default: StatusBarVM --> setComponentContent, id location contentColor: #E5FFFFFF
03-07 14:27:01.349  1080  1080 I A0001a/SystemUI_Default: StatusBarVM --> changeComponentContent, id notification area: {"left":110,"top":0,"width":0,"height":78}
03-07 14:27:01.349  1080  1080 I A0001a/SystemUI_Default: StatusBarVM --> setComponentContent, id notification contentColor: #E5FFFFFF
03-07 14:27:01.349  1080  1080 I A0001a/SystemUI_Default: StatusBarVM --> changeComponentContent, id clock area: {"left":0,"top":0,"width":111,"height":78}
03-07 14:27:01.349  1080  1080 I A0001a/SystemUI_Default: StatusBarVM --> setComponentContent, id clock contentColor: #E5FFFFFF
03-07 14:27:01.350  1080  1080 I A0001a/SystemUI_Default: StatusBarVM --> changeComponentContent, id capsule area: {"left":111,"top":0,"width":-1,"height":78}
03-07 14:27:01.350  1080  1080 I A0001a/SystemUI_Default: StatusBarVM --> setComponentContent, id capsule contentColor: #E5FFFFFF
03-07 14:27:01.350  1080  1080 I A0001a/SystemUI_Default: StatusBarVM --> changeComponentContent, id systemui_controlpanel area: {"left":1860,"top":0,"width":60,"height":78}
03-07 14:27:01.350  1080  1080 I A0001a/SystemUI_Default: StatusBarVM --> resetWindow, id systemui_controlpanel contentColor: {"left":1860,"top":0,"width":60,"height":78}
03-07 14:27:01.350  1080  1080 D A0001a/SystemUI_Default: AbilityManager --> getAbilityData, abilityName: SystemUi_ControlPanel key: rect 
03-07 14:27:01.351  1080  1080 I A0001a/SystemUI_Default: StatusBarVM --> id systemui_controlpanel initRect: {"left":1317,"top":78,"width":603,"height":517.5}
03-07 14:27:01.351  1080  1080 D A0001a/SystemUI_Default: AbilityManager --> setAbilityData, abilityName: SystemUi_ControlPanel key: rect data: {"left":1317,"top":78,"width":603,"height":517.5}
03-07 14:27:01.351  1080  1080 I A0001a/SystemUI_Default: WindowManager --> moveTo window[SystemUi_ControlPanel] success, rect: {"left":1317,"top":78,"width":603,"height":517.5}.
03-07 14:27:01.351  1080  1080 I A0001a/SystemUI_Default: StatusBarVM --> setComponentContent, id systemui_controlpanel contentColor: #E5FFFFFF
03-07 14:27:01.352  1080  1080 I A0001a/SystemUI_Default: StatusBarVM --> changeComponentContent, id systemui_notificationpanel area: {"left":1800,"top":0,"width":60,"height":78}
03-07 14:27:01.352  1080  1080 I A0001a/SystemUI_Default: StatusBarVM --> resetWindow, id systemui_notificationpanel contentColor: {"left":1800,"top":0,"width":60,"height":78}
03-07 14:27:01.352  1080  1080 D A0001a/SystemUI_Default: AbilityManager --> getAbilityData, abilityName: SystemUi_NotificationPanel key: rect 
03-07 14:27:01.352  1080  1080 I A0001a/SystemUI_Default: StatusBarVM --> id systemui_notificationpanel initRect: {"left":1257,"top":78,"width":603,"height":571.5}
03-07 14:27:01.352  1080  1080 D A0001a/SystemUI_Default: AbilityManager --> setAbilityData, abilityName: SystemUi_NotificationPanel key: rect data: {"left":1257,"top":78,"width":603,"height":571.5}
03-07 14:27:01.352  1080  1080 I A0001a/SystemUI_Default: WindowManager --> moveTo window[SystemUi_NotificationPanel] success, rect: {"left":1257,"top":78,"width":603,"height":571.5}.
03-07 14:27:01.353  1080  1080 I A0001a/SystemUI_Default: StatusBarVM --> setComponentContent, id systemui_notificationpanel contentColor: #E5FFFFFF
03-07 14:27:01.353  1080  1080 D A0001a/SystemUI_Default: TintStateManager --> onSystemBarTintChange, type: navigation
03-07 14:27:01.353  1080  1080 D A0001a/SystemUI_Default: TintStateManager --> tintState: {"isEnable":true,"region":{"left":0,"top":1002,"width":1920,"height":78},"backgroundColor":"#66000000","contentColor":"#E5FFFFFF"}
03-07 14:27:01.354  1080  1080 D A0001a/SystemUI_Default: NavigationBarViewModel --> onTintStateChange, tintState: {"isEnable":true,"region":{"left":0,"top":1002,"width":1920,"height":78},"backgroundColor":"#66000000","contentColor":"#E5FFFFFF"}
03-07 14:27:01.354  1080  1080 D A0001a/SystemUI_Default: NavigationBarViewModel --> setWindowEnable, isEnable true
03-07 14:27:01.357  1080  1080 D A0001a/SystemUI_Default: NavigationBarViewModel --> onTintStateChange, backgroundColor #66000000,
03-07 14:27:01.357  1080  1080 D A0001a/SystemUI_Default:       contentColor #E5FFFFFF
03-07 14:27:01.460 27854 27854 I A00800/MmsLog: app: testTag
03-07 14:27:01.460 27854 27854 I A00800/MmsLog: CardModel: updateSimCardReadyFlag slotId: 0, simState: 1, haveSimCardReady: false, haveMultiSimCardReady: false
03-07 14:27:01.511 27854 27854 I A00800/MmsLog: IndexController: onInit
03-07 14:27:01.512 27854 27854 I A00800/MmsLog: ConversationListController: onInit
03-07 14:27:01.514 27854 27854 I A00800/MmsLog: DeviceUtil: deviceType is tablet
03-07 14:27:01.514 27854 27854 I A00800/MmsLog: DeviceUtil: deviceType is tablet
03-07 14:27:01.534 27854 27854 I A00800/MmsLog: BasicDataSource: add listener
03-07 14:27:01.535 27854 27854 I A00800/MmsLog: WantUtil: getWant start
03-07 14:27:01.536 27854 27854 I A00800/MmsLog: WantUtil: want.pageFlag: 
03-07 14:27:01.536 27854 27854 I A00800/MmsLog: IndexController: onShow
03-07 14:27:01.536 27854 27854 I A00800/MmsLog: ConversationListController: onShow
03-07 14:27:01.536 27854 27854 I A00800/MmsLog: SettingService: getSettingFlagForConvListPage, Success
03-07 14:27:01.541 27854 27854 I A00800/MmsLog: WorkerWrapper: sendRequest in statisticalData
03-07 14:27:01.542 27854 27854 D A00800/MmsLog: WorkerWrapper: 0 statisticalData send succ!
03-07 14:27:01.542 27854 27854 I A00800/MmsLog: WorkerWrapper: sendRequest in querySmsMmsInfoSizeByCondition
03-07 14:27:01.542 27854 27854 D A00800/MmsLog: WorkerWrapper: 0 querySmsMmsInfoSizeByCondition send succ!
03-07 14:27:01.552 27854 27854 I A00800/MmsLog: ConversationListController: queryAllMessages, start
03-07 14:27:01.556 27854 27854 I A00800/MmsLog: WorkerWrapper: sendRequest in querySessionByCondition
03-07 14:27:01.556 27854 27854 D A00800/MmsLog: WorkerWrapper: 0 querySessionByCondition send succ!
03-07 14:27:01.556 27854 27854 I A00800/MmsLog: WorkerWrapper: sendRequest in querySessionSizeByCondition
03-07 14:27:01.556 27854 27854 D A00800/MmsLog: WorkerWrapper: 0 querySessionSizeByCondition send succ!
03-07 14:27:01.556 27854 27854 I A00800/MmsLog: WorkerWrapper: sendRequest in querySessionSizeByCondition
03-07 14:27:01.556 27854 27854 D A00800/MmsLog: WorkerWrapper: 0 querySessionSizeByCondition send succ!
03-07 14:27:01.585 27854 27872 W A00800/MmsLog: Worker: onmessage
03-07 14:27:01.585 27854 27872 I A00800/MmsLog: WorkFactory: getTask in DataWorker.
03-07 14:27:01.585 27854 27872 W A00800/MmsLog: WorkFactory: getTask 0
03-07 14:27:01.586 27854 27872 I A00800/MmsLog: DataWorkerWrapper: getInstance in.
03-07 14:27:01.586 27854 27872 I A00800/MmsLog: WorkerTask: WorkerTask constructor
03-07 14:27:01.586 27854 27872 W A00800/MmsLog: WorkFactory: getTask end
03-07 14:27:01.586 27854 27872 I A00800/MmsLog: WorkerTask: onmessage statisticalData
03-07 14:27:01.586 27854 27872 I A00800/MmsLog: DataWorkerWrapper: runInWorker statisticalData
03-07 14:27:01.586 27854 27872 I A00800/MmsLog: DataWorkerWrapper: runInWorkerMore statisticalData
03-07 14:27:01.598 27854 27872 W A00800/MmsLog: Worker: onmessage
03-07 14:27:01.599 27854 27872 I A00800/MmsLog: WorkFactory: getTask in DataWorker.
03-07 14:27:01.599 27854 27872 W A00800/MmsLog: WorkFactory: getTask 0
03-07 14:27:01.599 27854 27872 I A00800/MmsLog: DataWorkerWrapper: getInstance in.
03-07 14:27:01.599 27854 27872 W A00800/MmsLog: WorkFactory: getTask end
03-07 14:27:01.599 27854 27872 I A00800/MmsLog: WorkerTask: onmessage querySmsMmsInfoSizeByCondition
03-07 14:27:01.599 27854 27872 I A00800/MmsLog: DataWorkerWrapper: runInWorker querySmsMmsInfoSizeByCondition
03-07 14:27:01.599 27854 27872 I A00800/MmsLog: DataWorkerWrapper: runInWorkerMore querySmsMmsInfoSizeByCondition
03-07 14:27:01.629 27854 27872 W A00800/MmsLog: Worker: onmessage
03-07 14:27:01.629 27854 27872 I A00800/MmsLog: WorkFactory: getTask in DataWorker.
03-07 14:27:01.630 27854 27872 W A00800/MmsLog: WorkFactory: getTask 0
03-07 14:27:01.630 27854 27872 I A00800/MmsLog: DataWorkerWrapper: getInstance in.
03-07 14:27:01.630 27854 27872 W A00800/MmsLog: WorkFactory: getTask end
03-07 14:27:01.630 27854 27872 I A00800/MmsLog: WorkerTask: onmessage querySessionByCondition
03-07 14:27:01.630 27854 27872 I A00800/MmsLog: DataWorkerWrapper: runInWorker querySessionByCondition
03-07 14:27:01.630 27854 27872 I A00800/MmsLog: DataWorkerWrapper: runInWorkerMore querySessionByCondition
03-07 14:27:01.630 27854 27872 I A00800/MmsLog: DataWorkerWrapper: runInWorkerMoreMore querySessionByCondition
03-07 14:27:01.694 27854 27872 W A00800/MmsLog: Worker: onmessage
03-07 14:27:01.694 27854 27872 I A00800/MmsLog: WorkFactory: getTask in DataWorker.
03-07 14:27:01.694 27854 27872 W A00800/MmsLog: WorkFactory: getTask 0
03-07 14:27:01.695 27854 27872 I A00800/MmsLog: DataWorkerWrapper: getInstance in.
03-07 14:27:01.695 27854 27872 W A00800/MmsLog: WorkFactory: getTask end
03-07 14:27:01.695 27854 27872 I A00800/MmsLog: WorkerTask: onmessage querySessionSizeByCondition
03-07 14:27:01.695 27854 27872 I A00800/MmsLog: DataWorkerWrapper: runInWorker querySessionSizeByCondition
03-07 14:27:01.695 27854 27872 I A00800/MmsLog: DataWorkerWrapper: runInWorkerMore querySessionSizeByCondition
03-07 14:27:01.696 27854 27872 I A00800/MmsLog: DataWorkerWrapper: runInWorkerMoreMore querySessionSizeByCondition
03-07 14:27:01.715 27854 27872 W A00800/MmsLog: Worker: onmessage
03-07 14:27:01.716 27854 27872 I A00800/MmsLog: WorkFactory: getTask in DataWorker.
03-07 14:27:01.716 27854 27872 W A00800/MmsLog: WorkFactory: getTask 0
03-07 14:27:01.716 27854 27872 I A00800/MmsLog: DataWorkerWrapper: getInstance in.
03-07 14:27:01.716 27854 27872 W A00800/MmsLog: WorkFactory: getTask end
03-07 14:27:01.716 27854 27872 I A00800/MmsLog: WorkerTask: onmessage querySessionSizeByCondition
03-07 14:27:01.717 27854 27872 I A00800/MmsLog: DataWorkerWrapper: runInWorker querySessionSizeByCondition
03-07 14:27:01.717 27854 27872 I A00800/MmsLog: DataWorkerWrapper: runInWorkerMore querySessionSizeByCondition
03-07 14:27:01.717 27854 27872 I A00800/MmsLog: DataWorkerWrapper: runInWorkerMoreMore querySessionSizeByCondition
03-07 14:27:01.725  1692  1692 I A0001b/Launcher_Default: SmartDockModel --> onMissionCreatedCallback, missionId=41
03-07 14:27:01.734 27892 27892 I A03d00/JSAPP: [ContactsData:]ContactsDataAbilityStage:onCreate
03-07 14:27:01.832 27907 27907 I A03d00/JSAPP: [TelephonyData:]TelephonyDataAbilityStage:onCreate
03-07 14:27:01.865 27854 27872 I A00800/MmsLog: DataWorkerWrapper: statisticalData result: 85
03-07 14:27:01.865 27854 27872 I A00800/MmsLog: WorkerTask: runInWorker callback in
03-07 14:27:01.875 27854 27854 I A00800/MmsLog: WorkerWrapper: onmessage statisticalData
03-07 14:27:01.875 27854 27854 I A00800/MmsLog: WorkerWrapper: onmessage notify result.
03-07 14:27:01.876 27854 27872 I A00800/MmsLog: DataWorkerWrapper: querySessionSizeByCondition result: 28
03-07 14:27:01.876 27854 27872 I A00800/MmsLog: WorkerTask: runInWorker callback in
03-07 14:27:01.882 27854 27854 I A00800/MmsLog: WorkerWrapper: onmessage querySessionSizeByCondition
03-07 14:27:01.882 27854 27854 I A00800/MmsLog: WorkerWrapper: onmessage notify result.
03-07 14:27:01.894 27854 27872 I A00800/MmsLog: DataWorkerWrapper: querySessionByCondition result: 225
03-07 14:27:01.894 27854 27872 I A00800/MmsLog: WorkerTask: runInWorker callback in
03-07 14:27:01.906 27854 27854 I A00800/MmsLog: WorkerWrapper: onmessage querySessionByCondition
03-07 14:27:01.906 27854 27854 I A00800/MmsLog: WorkerWrapper: onmessage notify result.
03-07 14:27:01.908 27854 27872 I A00800/MmsLog: DataWorkerWrapper: querySmsMmsInfoSizeByCondition result: 28
03-07 14:27:01.908 27854 27872 I A00800/MmsLog: WorkerTask: runInWorker callback in
03-07 14:27:01.914 27854 27854 I A00800/MmsLog: WorkerWrapper: onmessage querySmsMmsInfoSizeByCondition
03-07 14:27:01.914 27854 27854 I A00800/MmsLog: WorkerWrapper: onmessage notify result.
03-07 14:27:01.914 27854 27854 I A00800/MmsLog: NotificationService: new start
03-07 14:27:01.916 27854 27872 I A00800/MmsLog: DataWorkerWrapper: querySessionSizeByCondition result: 28
03-07 14:27:01.917 27854 27872 I A00800/MmsLog: WorkerTask: runInWorker callback in
03-07 14:27:01.923 27854 27854 I A00800/MmsLog: WorkerWrapper: onmessage querySessionSizeByCondition
03-07 14:27:01.923 27854 27854 I A00800/MmsLog: WorkerWrapper: onmessage notify result.
03-07 14:27:01.923 27854 27854 I A00800/MmsLog: ConversationListService: querySessionList, sessionList.length: 1, total=0, hasInfoMsg=false
03-07 14:27:01.930 27854 27854 I A00800/MmsLog: ConversationListDataSource:  refresh!
03-07 14:27:01.949 27854 27854 I A00800/MmsLog: BasicDataSource: remove listener
03-07 14:27:04.397 27854 27854 I A00800/MmsLog: ConversationListController: onBackPress
03-07 14:27:04.401 27854 27854 I A00800/MmsLog: app: Ability onBackground
03-07 14:27:04.402 27854 27854 I A00800/MmsLog: CardModel: deInit start.
03-07 14:27:04.412 27854 27854 I A00800/MmsLog: ConversationListController: onHide
03-07 14:27:04.412 27854 27854 I A00800/MmsLog: ConversationListController: unSubscribe
03-07 14:27:04.413 27854 27854 I A00800/MmsLog: IndexController: onHide
03-07 14:27:04.412  1080  1080 D A0001a/SystemUI_Default: TintStateManager --> onSystemBarTintChange, data: {"displayId":0,"regionTint":[{"type":12,"isEnable":true,"backgroundColor":"#66000000","contentColor":"#E5FFFFFF","region":{"left":0,"top":0,"width":0,"height":0}}]}
03-07 14:27:04.429 27854 27854 I A00800/MmsLog: ConversationListController: onDestroy
03-07 14:27:04.431  1080  1080 D A0001a/SystemUI_Default: TintStateManager --> onSystemBarTintChange, type: undefined
03-07 14:27:04.433 27854 27854 I A00800/MmsLog: IndexController: onDestroy
03-07 14:27:04.454 27854 27854 I A00800/MmsLog: app: Ability onWindowStageDestroy
03-07 14:27:04.454 27854 27854 I A00800/MmsLog: app: Ability onDestroy
03-07 14:27:04.454 27854 27854 I A00800/MmsLog: WorkerWrapper: 0 worker close!
03-07 14:27:04.476  1080  1080 I A0001a/SystemUI_Default: StatusBarVM --> setComponentContent, id ring_mode contentColor: #E5FFFFFF
03-07 14:27:04.477  1080  1080 I A0001a/SystemUI_Default: StatusBarVM --> changeComponentContent, id capsule area: {"left":111,"top":0,"width":-1,"height":78}
03-07 14:27:04.477  1080  1080 I A0001a/SystemUI_Default: StatusBarVM --> setComponentContent, id capsule contentColor: #E5FFFFFF
03-07 14:27:04.477  1080  1080 I A0001a/SystemUI_Default: StatusBarVM --> changeComponentContent, id systemui_controlpanel area: {"left":1860,"top":0,"width":60,"height":78}
03-07 14:27:09.316  1080  1080 D A0001a/SystemUI_Default: TintStateManager --> onSystemBarTintChange, data: {"displayId":0,"regionTint":[{"type":12,"isEnable":false,"backgroundColor":"#66000000","contentColor":"#E5FFFFFF","region":{"left":0,"top":0,"width":0,"height":0}}]}
03-07 14:27:09.319  1080  1080 D A0001a/SystemUI_Default: TintStateManager --> onSystemBarTintChange, type: undefined
03-07 14:27:09.320  1080  1080 D A0001a/SystemUI_Default: TintStateManager --> onSystemBarTintChange, data: {"displayId":0,"regionTint":[{"type":3,"isEnable":true,"backgroundColor":"#00FFFFFF","contentColor":"#FF000000","region":{"left":0,"top":0,"width":1920,"height":78}},{"type":7,"isEnable":true,"backgroundColor":"#00FFFFFF","contentColor":"#FF000000","region":{"left":0,"top":1002,"width":1920,"height":78}}]}
03-07 14:27:09.320  1692  1692 D A0001b/Launcher_Default: LocalEventManager --> sendLocalEventSticky, send local event sticky, params: null
03-07 14:27:09.321  1692  1692 I A0001b/Launcher_Default: LocalEventManager --> sendLocalEvent event: "launcher.event.REQUEST_FORM_ITEM_VISIBLE"
03-07 14:27:09.321  1692  1692 D A0001b/Launcher_Default: LocalEventManager --> sendLocalEvent listenerList length: 1
03-07 14:27:09.321  1692  1692 D A0001b/Launcher_Default: PageDesktopViewModel --> localEventListener receive event: launcher.event.REQUEST_FORM_ITEM_VISIBLE, params: null
03-07 14:27:09.321  1692  1692 I A0001b/Launcher_Default: LauncherMainAbility --> lifeCycleEvent change: 3
03-07 14:27:09.323  1080  1080 D A0001a/SystemUI_Default: TintStateManager --> onSystemBarTintChange, type: status
03-07 14:27:09.324  1080  1080 D A0001a/SystemUI_Default: TintStateManager --> tintState: {"isEnable":true,"region":{"left":0,"top":0,"width":1920,"height":78},"backgroundColor":"#00FFFFFF","contentColor":"#FF000000"}
03-07 14:27:09.324  1080  1080 I A0001a/SystemUI_Default: StatusBarVM --> onTintStateChange, tintState: {"isEnable":true,"region":{"left":0,"top":0,"width":1920,"height":78},"backgroundColor":"#00FFFFFF","contentColor":"#FF000000"}
03-07 14:27:09.324  1080  1080 I A0001a/SystemUI_Default: StatusBarVM --> setStatusBarEnable, isEnable true
03-07 14:27:09.325  1080  1080 I A0001a/SystemUI_Default: StatusBarVM --> changeBackground, backgroundColor: #00FFFFFF region: {"left":0,"top":0,"width":1920,"height":78}
03-07 14:27:09.335  7517  7517 I A03d00/JSAPP: This Page is onPageShow
03-07 14:27:09.352  1080  1080 I A0001a/SystemUI_Default: StatusBarVM --> changeComponentContent, id ring_mode area: {"left":1802,"top":0,"width":0,"height":78}
03-07 14:27:09.352  1080  1080 I A0001a/SystemUI_Default: StatusBarVM --> setComponentContent, id ring_mode contentColor: #FF000000
03-07 14:27:09.352  1080  1080 I A0001a/SystemUI_Default: StatusBarVM --> changeComponentContent, id bluetooth area: {"left":1748,"top":0,"width":54,"height":78}
03-07 14:27:09.352  1080  1080 I A0001a/SystemUI_Default: StatusBarVM --> setComponentContent, id bluetooth contentColor: #FF000000
03-07 14:27:09.370  1080  1080 I A0001a/SystemUI_Default: StatusBarVM --> changeComponentContent, id systemui_notificationpanel area: {"left":1800,"top":0,"width":60,"height":78}
03-07 14:27:09.372  1080  1080 D A0001a/SystemUI_Default: NavigationBarViewModel --> onTintStateChange, backgroundColor #00FFFFFF,
03-07 14:27:09.372  1080  1080 D A0001a/SystemUI_Default:       contentColor #FF000000
03-07 14:27:09.853  7517  7517 I A03d00/JSAPP: [AnyChat] preview onLoad
03-07 14:27:09.893  7517  7517 I A03d00/JSAPP: [AnyChat] cameraId : lcam001
03-07 14:27:09.902  7517  7517 I A03d00/JSAPP: [AnyChat] cameraPosition : 2
03-07 14:27:09.908  7517  7517 I A03d00/JSAPP: [AnyChat] cameraType : 1
03-07 14:27:09.912  7517  7517 I A03d00/JSAPP: [AnyChat] connectionType : 0
03-07 14:27:09.924  7517  7517 I A03d00/JSAPP: [AnyChat] targetCameraIndex:0
03-07 14:27:09.931  7517  7517 I A03d00/JSAPP: AnyChat 111 previewProfiles[0].size.width:176,previewProfiles[0].size.height144
03-07 14:27:09.933  7517  7517 I A03d00/JSAPP: AnyChat 111 previewProfiles[1].size.width:320,previewProfiles[1].size.height240
03-07 14:27:09.935  7517  7517 I A03d00/JSAPP: AnyChat 111 previewProfiles[2].size.width:640,previewProfiles[2].size.height480
03-07 14:27:13.830  1183  1183 I A0300a/KeyboardController->: kikaInput-js: setCursorInfo info = {"x":485,"y":133,"height":24}
03-07 14:27:13.834  1183  1183 I A0300a/KeyboardController->: kikaInput-js: keyboard inputStart
03-07 14:27:13.834  1183  1183 I A0300a/KeyboardController->: kikaInput-js: onInputStart mEditorAttribute = {"enterKeyType":6,"inputPattern":-1}
03-07 14:27:13.841  1183  1183 I A0300a/KeyboardController->: kikaInput-js: setInputInfo info = EditorInfoenterKeyType = 6;inputPattern = -1
03-07 14:27:14.323  7517  7517 I A03d00/JSAPP: [AnyChat] initPreviewFrame imageBuffer len:12
03-07 14:27:14.385  7517  7517 I A03d00/JSAPP: [AnyChat] initPreviewFrame imageBuffer len:12
03-07 14:27:14.456  7517  7517 I A03d00/JSAPP: [AnyChat] initPreviewFrame imageBuffer len:12
03-07 14:27:14.501  7517  7517 I A03d00/JSAPP: [AnyChat] initPreviewFrame imageBuffer len:12
03-07 14:27:14.563  7517  7517 I A03d00/JSAPP: [AnyChat] initPreviewFrame imageBuffer len:12
03-07 14:27:15.037  7517  7517 I A03d00/JSAPP: [AnyChat] initPreviewFrame imageBuffer len:12
03-07 14:27:15.240  7517  7517 I A03d00/JSAPP: [AnyChat] initPreviewFrame imageBuffer len:12
03-07 14:27:15.302  7517  7517 I A03d00/JSAPP: [AnyChat] initPreviewFrame imageBuffer len:12
03-07 14:27:15.383  7517  7517 I A03d00/JSAPP: [AnyChat] initPreviewFrame imageBuffer len:12
03-07 14:27:15.441  7517  7517 I A03d00/JSAPP: [AnyChat] initPreviewFrame imageBuffer len:12
03-07 14:27:15.507  7517  7517 I A03d00/JSAPP: [AnyChat] initPreviewFrame imageBuffer len:12
03-07 14:27:15.589  7517  7517 I A03d00/JSAPP: [AnyChat] initPreviewFrame imageBuffer len:12
03-07 14:27:15.652  7517  7517 I A03d00/JSAPP: [AnyChat] initPreviewFrame imageBuffer len:12
03-07 14:27:15.723  7517  7517 I A03d00/JSAPP: [AnyChat] initPreviewFrame imageBuffer len:12
03-07 14:27:15.778  7517  7517 I A03d00/JSAPP: [AnyChat] initPreviewFrame imageBuffer len:12
03-07 14:27:15.847  7517  7517 I A03d00/JSAPP: [AnyChat] initPreviewFrame imageBuffer len:12
03-07 14:27:15.906  7517  7517 I A03d00/JSAPP: [AnyChat] initPreviewFrame imageBuffer len:12
03-07 14:27:15.962  7517  7517 I A03d00/JSAPP: [AnyChat] initPreviewFrame imageBuffer len:12
03-07 14:27:16.036  7517  7517 I A03d00/JSAPP: [AnyChat] initPreviewFrame imageBuffer len:12
03-07 14:27:16.103  7517  7517 I A03d00/JSAPP: [AnyChat] initPreviewFrame imageBuffer len:12
03-07 14:27:16.195  7517  7517 I A03d00/JSAPP: [AnyChat] initPreviewFrame imageBuffer len:12
03-07 14:27:16.235  7517  7517 I A03d00/JSAPP: [AnyChat] initPreviewFrame imageBuffer len:12
03-07 14:27:16.361  7517  7517 I A03d00/JSAPP: [AnyChat] initPreviewFrame imageBuffer len:12
03-07 14:27:16.410  7517  7517 I A03d00/JSAPP: [AnyChat] initPreviewFrame imageBuffer len:12
03-07 14:27:16.467  7517  7517 I A03d00/JSAPP: [AnyChat] initPreviewFrame imageBuffer len:12
03-07 14:27:16.515  7517  7517 I A03d00/JSAPP: [AnyChat] initPreviewFrame imageBuffer len:12
03-07 14:27:16.567  7517  7517 I A03d00/JSAPP: [AnyChat] initPreviewFrame imageBuffer len:12
03-07 14:27:16.637  7517  7517 I A03d00/JSAPP: [AnyChat] initPreviewFrame imageBuffer len:12
03-07 14:27:16.717  7517  7517 I A03d00/JSAPP: [AnyChat] initPreviewFrame imageBuffer len:12
03-07 14:27:16.774  7517  7517 I A03d00/JSAPP: [AnyChat] initPreviewFrame imageBuffer len:12
03-07 14:27:16.852  7517  7517 I A03d00/JSAPP: [AnyChat] initPreviewFrame imageBuffer len:12
03-07 14:27:16.903  7517  7517 I A03d00/JSAPP: [AnyChat] initPreviewFrame imageBuffer len:12
03-07 14:27:16.986  7517  7517 I A03d00/JSAPP: [AnyChat] initPreviewFrame imageBuffer len:12
03-07 14:27:17.031  7517  7517 I A03d00/JSAPP: [AnyChat] initPreviewFrame imageBuffer len:12
03-07 14:27:17.109  7517  7517 I A03d00/JSAPP: [AnyChat] initPreviewFrame imageBuffer len:12
03-07 14:27:17.183  7517  7517 I A03d00/JSAPP: [AnyChat] initPreviewFrame imageBuffer len:12
03-07 14:27:17.259  7517  7517 I A03d00/JSAPP: [AnyChat] initPreviewFrame imageBuffer len:12
03-07 14:27:17.310  7517  7517 I A03d00/JSAPP: [AnyChat] initPreviewFrame imageBuffer len:12
03-07 14:27:17.370  7517  7517 I A03d00/JSAPP: [AnyChat] initPreviewFrame imageBuffer len:12
