03-07 14:26:02.101  7517  7517 I A03d00/JSAPP: [AnyChat] initPreviewFrame imageBuffer len:12
03-07 14:26:02.297  7517  7517 I A03d00/JSAPP: [AnyChat] initPreviewFrame imageBuffer len:12
03-07 14:26:02.365  7517  7517 I A03d00/JSAPP: [AnyChat] initPreviewFrame imageBuffer len:12
03-07 14:26:02.439  7517  7517 I A03d00/JSAPP: [AnyChat] initPreviewFrame imageBuffer len:12
03-07 14:26:02.478  7517  7517 I A03d00/JSAPP: [AnyChat] initPreviewFrame imageBuffer len:12
03-07 14:26:02.567  7517  7517 I A03d00/JSAPP: [AnyChat] initPreviewFrame imageBuffer len:12
03-07 14:26:02.607  7517  7517 I A03d00/JSAPP: [AnyChat] initPreviewFrame imageBuffer len:12
03-07 14:26:02.701  7517  7517 I A03d00/JSAPP: [AnyChat] initPreviewFrame imageBuffer len:12
03-07 14:26:02.763  7517  7517 I A03d00/JSAPP: [AnyChat] initPreviewFrame imageBuffer len:12
03-07 14:26:03.097  7517  7517 I A03d00/JSAPP: [AnyChat] initPreviewFrame imageBuffer len:12
03-07 14:26:03.302  7517  7517 I A03d00/JSAPP: [AnyChat] initPreviewFrame imageBuffer len:12
03-07 14:26:03.346  7517  7517 I A03d00/JSAPP: [AnyChat] initPreviewFrame imageBuffer len:12
03-07 14:26:03.406  7517  7517 I A03d00/JSAPP: [AnyChat] initPreviewFrame imageBuffer len:12
03-07 14:26:03.493  7517  7517 I A03d00/JSAPP: [AnyChat] initPreviewFrame imageBuffer len:12
03-07 14:26:03.541  7517  7517 I A03d00/JSAPP: [AnyChat] initPreviewFrame imageBuffer len:12
03-07 14:26:03.606  7517  7517 I A03d00/JSAPP: [AnyChat] initPreviewFrame imageBuffer len:12
03-07 14:26:03.685  7517  7517 I A03d00/JSAPP: [AnyChat] initPreviewFrame imageBuffer len:12
03-07 14:26:04.091  7517  7517 I A03d00/JSAPP: [AnyChat] initPreviewFrame imageBuffer len:12
03-07 14:26:04.294  7517  7517 I A03d00/JSAPP: [AnyChat] initPreviewFrame imageBuffer len:12
03-07 14:26:04.356  7517  7517 I A03d00/JSAPP: [AnyChat] initPreviewFrame imageBuffer len:12
03-07 14:26:04.426  7517  7517 I A03d00/JSAPP: [AnyChat] initPreviewFrame imageBuffer len:12
03-07 14:26:04.489  7517  7517 I A03d00/JSAPP: [AnyChat] initPreviewFrame imageBuffer len:12
03-07 14:26:04.554  7517  7517 I A03d00/JSAPP: [AnyChat] initPreviewFrame imageBuffer len:12
03-07 14:26:04.608  7517  7517 I A03d00/JSAPP: [AnyChat] initPreviewFrame imageBuffer len:12
03-07 14:26:04.687  7517  7517 I A03d00/JSAPP: [AnyChat] initPreviewFrame imageBuffer len:12
03-07 14:26:05.097  7517  7517 I A03d00/JSAPP: [AnyChat] initPreviewFrame imageBuffer len:12
03-07 14:26:05.298  7517  7517 I A03d00/JSAPP: [AnyChat] initPreviewFrame imageBuffer len:12
03-07 14:26:05.354  7517  7517 I A03d00/JSAPP: [AnyChat] initPreviewFrame imageBuffer len:12
03-07 14:26:05.424  7517  7517 I A03d00/JSAPP: [AnyChat] initPreviewFrame imageBuffer len:12
03-07 14:26:05.502  7517  7517 I A03d00/JSAPP: [AnyChat] initPreviewFrame imageBuffer len:12
03-07 14:26:05.545  7517  7517 I A03d00/JSAPP: [AnyChat] initPreviewFrame imageBuffer len:12
03-07 14:26:05.609  7517  7517 I A03d00/JSAPP: [AnyChat] initPreviewFrame imageBuffer len:12
03-07 14:26:05.671  7517  7517 I A03d00/JSAPP: [AnyChat] initPreviewFrame imageBuffer len:12
03-07 14:26:06.016  7517  7517 I A03d00/JSAPP: [AnyChat] initPreviewFrame imageBuffer len:12
03-07 14:26:06.235  7517  7517 I A03d00/JSAPP: [AnyChat] initPreviewFrame imageBuffer len:12
03-07 14:26:06.289  7517  7517 I A03d00/JSAPP: [AnyChat] initPreviewFrame imageBuffer len:12
03-07 14:26:06.354  7517  7517 I A03d00/JSAPP: [AnyChat] initPreviewFrame imageBuffer len:12
03-07 14:26:06.426  7517  7517 I A03d00/JSAPP: [AnyChat] initPreviewFrame imageBuffer len:12
03-07 14:26:06.492  7517  7517 I A03d00/JSAPP: [AnyChat] initPreviewFrame imageBuffer len:12
03-07 14:26:06.540  7517  7517 I A03d00/JSAPP: [AnyChat] initPreviewFrame imageBuffer len:12
03-07 14:26:06.671  7517  7517 I A03d00/JSAPP: [AnyChat] initPreviewFrame imageBuffer len:12
03-07 14:26:07.063  7517  7517 I A03d00/JSAPP: [AnyChat] initPreviewFrame imageBuffer len:12
03-07 14:26:07.226  7517  7517 I A03d00/JSAPP: [AnyChat] initPreviewFrame imageBuffer len:12
03-07 14:26:07.296  7517  7517 I A03d00/JSAPP: [AnyChat] initPreviewFrame imageBuffer len:12
03-07 14:26:07.371  7517  7517 I A03d00/JSAPP: [AnyChat] initPreviewFrame imageBuffer len:12
03-07 14:26:07.406  7517  7517 I A03d00/JSAPP: [AnyChat] initPreviewFrame imageBuffer len:12
03-07 14:26:07.481  7517  7517 I A03d00/JSAPP: [AnyChat] initPreviewFrame imageBuffer len:12
03-07 14:26:07.617  7517  7517 I A03d00/JSAPP: [AnyChat] initPreviewFrame imageBuffer len:12
03-07 14:26:07.675  7517  7517 I A03d00/JSAPP: [AnyChat] initPreviewFrame imageBuffer len:12
03-07 14:26:08.071  7517  7517 I A03d00/JSAPP: [AnyChat] initPreviewFrame imageBuffer len:12
03-07 14:26:08.235  7517  7517 I A03d00/JSAPP: [AnyChat] initPreviewFrame imageBuffer len:12
03-07 14:26:08.304  7517  7517 I A03d00/JSAPP: [AnyChat] initPreviewFrame imageBuffer len:12
03-07 14:26:08.339  7517  7517 I A03d00/JSAPP: [AnyChat] initPreviewFrame imageBuffer len:12
03-07 14:26:08.429  7517  7517 I A03d00/JSAPP: [AnyChat] initPreviewFrame imageBuffer len:12
03-07 14:26:08.493  7517  7517 I A03d00/JSAPP: [AnyChat] initPreviewFrame imageBuffer len:12
03-07 14:26:08.543  7517  7517 I A03d00/JSAPP: [AnyChat] initPreviewFrame imageBuffer len:12
03-07 14:26:08.616  7517  7517 I A03d00/JSAPP: [AnyChat] initPreviewFrame imageBuffer len:12
03-07 14:26:09.019  7517  7517 I A03d00/JSAPP: [AnyChat] initPreviewFrame imageBuffer len:12
03-07 14:26:09.219  7517  7517 I A03d00/JSAPP: [AnyChat] initPreviewFrame imageBuffer len:12
03-07 14:26:09.281  7517  7517 I A03d00/JSAPP: [AnyChat] initPreviewFrame imageBuffer len:12
03-07 14:26:09.337  7517  7517 I A03d00/JSAPP: [AnyChat] initPreviewFrame imageBuffer len:12
03-07 14:26:09.406  7517  7517 I A03d00/JSAPP: [AnyChat] initPreviewFrame imageBuffer len:12
03-07 14:26:09.487  7517  7517 I A03d00/JSAPP: [AnyChat] initPreviewFrame imageBuffer len:12
03-07 14:26:09.554  7517  7517 I A03d00/JSAPP: [AnyChat] initPreviewFrame imageBuffer len:12
03-07 14:26:09.618  7517  7517 I A03d00/JSAPP: [AnyChat] initPreviewFrame imageBuffer len:12
03-07 14:26:09.974  7517  7517 I A03d00/JSAPP: [AnyChat] initPreviewFrame imageBuffer len:12
03-07 14:26:10.203  7517  7517 I A03d00/JSAPP: [AnyChat] initPreviewFrame imageBuffer len:12
03-07 14:26:10.225  7517  7517 I A03d00/JSAPP: [AnyChat] initPreviewFrame imageBuffer len:12
03-07 14:26:10.279  7517  7517 I A03d00/JSAPP: [AnyChat] initPreviewFrame imageBuffer len:12
03-07 14:26:10.378  7517  7517 I A03d00/JSAPP: [AnyChat] initPreviewFrame imageBuffer len:12
03-07 14:26:10.412  7517  7517 I A03d00/JSAPP: [AnyChat] initPreviewFrame imageBuffer len:12
03-07 14:26:10.472  7517  7517 I A03d00/JSAPP: [AnyChat] initPreviewFrame imageBuffer len:12
03-07 14:26:10.544  7517  7517 I A03d00/JSAPP: [AnyChat] initPreviewFrame imageBuffer len:12
03-07 14:26:10.978  7517  7517 I A03d00/JSAPP: [AnyChat] initPreviewFrame imageBuffer len:12
03-07 14:26:11.168  7517  7517 I A03d00/JSAPP: [AnyChat] initPreviewFrame imageBuffer len:12
03-07 14:26:11.229  7517  7517 I A03d00/JSAPP: [AnyChat] initPreviewFrame imageBuffer len:12
03-07 14:26:11.296  7517  7517 I A03d00/JSAPP: [AnyChat] initPreviewFrame imageBuffer len:12
03-07 14:26:11.350  7517  7517 I A03d00/JSAPP: [AnyChat] initPreviewFrame imageBuffer len:12
03-07 14:26:11.432  7517  7517 I A03d00/JSAPP: [AnyChat] initPreviewFrame imageBuffer len:12
03-07 14:26:11.500  7517  7517 I A03d00/JSAPP: [AnyChat] initPreviewFrame imageBuffer len:12
03-07 14:26:11.553  7517  7517 I A03d00/JSAPP: [AnyChat] initPreviewFrame imageBuffer len:12
03-07 14:26:11.957  7517  7517 I A03d00/JSAPP: [AnyChat] initPreviewFrame imageBuffer len:12
03-07 14:26:12.170  7517  7517 I A03d00/JSAPP: [AnyChat] initPreviewFrame imageBuffer len:12
03-07 14:26:12.214  7517  7517 I A03d00/JSAPP: [AnyChat] initPreviewFrame imageBuffer len:12
03-07 14:26:12.293  7517  7517 I A03d00/JSAPP: [AnyChat] initPreviewFrame imageBuffer len:12
03-07 14:26:12.337  7517  7517 I A03d00/JSAPP: [AnyChat] initPreviewFrame imageBuffer len:12
03-07 14:26:12.410  7517  7517 I A03d00/JSAPP: [AnyChat] initPreviewFrame imageBuffer len:12
03-07 14:26:12.482  7517  7517 I A03d00/JSAPP: [AnyChat] initPreviewFrame imageBuffer len:12
03-07 14:26:12.836  7517  7517 I A03d00/JSAPP: [AnyChat] initPreviewFrame imageBuffer len:12
03-07 14:26:13.028  7517  7517 I A03d00/JSAPP: [AnyChat] initPreviewFrame imageBuffer len:12
03-07 14:26:13.094  7517  7517 I A03d00/JSAPP: [AnyChat] initPreviewFrame imageBuffer len:12
03-07 14:26:13.148  7517  7517 I A03d00/JSAPP: [AnyChat] initPreviewFrame imageBuffer len:12
03-07 14:26:13.208  7517  7517 I A03d00/JSAPP: [AnyChat] initPreviewFrame imageBuffer len:12
03-07 14:26:13.274  7517  7517 I A03d00/JSAPP: [AnyChat] initPreviewFrame imageBuffer len:12
03-07 14:26:13.410  7517  7517 I A03d00/JSAPP: [AnyChat] initPreviewFrame imageBuffer len:12
03-07 14:26:13.754  7517  7517 I A03d00/JSAPP: [AnyChat] initPreviewFrame imageBuffer len:12
03-07 14:26:13.961  7517  7517 I A03d00/JSAPP: [AnyChat] initPreviewFrame imageBuffer len:12
03-07 14:26:14.022  7517  7517 I A03d00/JSAPP: [AnyChat] initPreviewFrame imageBuffer len:12
03-07 14:26:14.074  7517  7517 I A03d00/JSAPP: [AnyChat] initPreviewFrame imageBuffer len:12
03-07 14:26:14.157  7517  7517 I A03d00/JSAPP: [AnyChat] initPreviewFrame imageBuffer len:12
03-07 14:26:14.202  7517  7517 I A03d00/JSAPP: [AnyChat] initPreviewFrame imageBuffer len:12
03-07 14:26:14.273  7517  7517 I A03d00/JSAPP: [AnyChat] initPreviewFrame imageBuffer len:12
03-07 14:26:14.346  7517  7517 I A03d00/JSAPP: [AnyChat] initPreviewFrame imageBuffer len:12
03-07 14:26:14.736  7517  7517 I A03d00/JSAPP: [AnyChat] initPreviewFrame imageBuffer len:12
03-07 14:26:14.937  7517  7517 I A03d00/JSAPP: [AnyChat] initPreviewFrame imageBuffer len:12
03-07 14:26:14.955  7517  7517 I A03d00/JSAPP: [AnyChat] initPreviewFrame imageBuffer len:12
03-07 14:26:15.022  7517  7517 I A03d00/JSAPP: [AnyChat] initPreviewFrame imageBuffer len:12
03-07 14:26:15.077  7517  7517 I A03d00/JSAPP: [AnyChat] initPreviewFrame imageBuffer len:12
03-07 14:26:15.154  7517  7517 I A03d00/JSAPP: [AnyChat] initPreviewFrame imageBuffer len:12
03-07 14:26:15.216  7517  7517 I A03d00/JSAPP: [AnyChat] initPreviewFrame imageBuffer len:12
03-07 14:26:15.274  7517  7517 I A03d00/JSAPP: [AnyChat] initPreviewFrame imageBuffer len:12
03-07 14:26:15.704  7517  7517 I A03d00/JSAPP: [AnyChat] initPreviewFrame imageBuffer len:12
03-07 14:26:15.892  7517  7517 I A03d00/JSAPP: [AnyChat] initPreviewFrame imageBuffer len:12
03-07 14:26:15.947  7517  7517 I A03d00/JSAPP: [AnyChat] initPreviewFrame imageBuffer len:12
03-07 14:26:16.020  7517  7517 I A03d00/JSAPP: [AnyChat] initPreviewFrame imageBuffer len:12
03-07 14:26:16.075  7517  7517 I A03d00/JSAPP: [AnyChat] initPreviewFrame imageBuffer len:12
03-07 14:26:16.171  7517  7517 I A03d00/JSAPP: [AnyChat] initPreviewFrame imageBuffer len:12
03-07 14:26:16.215  7517  7517 I A03d00/JSAPP: [AnyChat] initPreviewFrame imageBuffer len:12
03-07 14:26:16.272  7517  7517 I A03d00/JSAPP: [AnyChat] initPreviewFrame imageBuffer len:12
03-07 14:26:16.347  7517  7517 I A03d00/JSAPP: [AnyChat] initPreviewFrame imageBuffer len:12
03-07 14:26:16.703  7517  7517 I A03d00/JSAPP: [AnyChat] initPreviewFrame imageBuffer len:12
03-07 14:26:16.903  7517  7517 I A03d00/JSAPP: [AnyChat] initPreviewFrame imageBuffer len:12
03-07 14:26:16.953  7517  7517 I A03d00/JSAPP: [AnyChat] initPreviewFrame imageBuffer len:12
03-07 14:26:17.010  7517  7517 I A03d00/JSAPP: [AnyChat] initPreviewFrame imageBuffer len:12
03-07 14:26:17.119  7517  7517 I A03d00/JSAPP: [AnyChat] initPreviewFrame imageBuffer len:12
03-07 14:26:17.152  7517  7517 I A03d00/JSAPP: [AnyChat] initPreviewFrame imageBuffer len:12
03-07 14:26:17.209  7517  7517 I A03d00/JSAPP: [AnyChat] initPreviewFrame imageBuffer len:12
03-07 14:26:17.347  7517  7517 I A03d00/JSAPP: [AnyChat] initPreviewFrame imageBuffer len:12
03-07 14:26:17.709  7517  7517 I A03d00/JSAPP: [AnyChat] initPreviewFrame imageBuffer len:12
03-07 14:26:17.888  7517  7517 I A03d00/JSAPP: [AnyChat] initPreviewFrame imageBuffer len:12
03-07 14:26:17.938  7517  7517 I A03d00/JSAPP: [AnyChat] initPreviewFrame imageBuffer len:12
03-07 14:26:18.029  7517  7517 I A03d00/JSAPP: [AnyChat] initPreviewFrame imageBuffer len:12
03-07 14:26:18.098  7517  7517 I A03d00/JSAPP: [AnyChat] initPreviewFrame imageBuffer len:12
03-07 14:26:18.151  7517  7517 I A03d00/JSAPP: [AnyChat] initPreviewFrame imageBuffer len:12
03-07 14:26:18.215  7517  7517 I A03d00/JSAPP: [AnyChat] initPreviewFrame imageBuffer len:12
03-07 14:26:18.279  7517  7517 I A03d00/JSAPP: [AnyChat] initPreviewFrame imageBuffer len:12
03-07 14:26:18.691  7517  7517 I A03d00/JSAPP: [AnyChat] initPreviewFrame imageBuffer len:12
03-07 14:26:18.892  7517  7517 I A03d00/JSAPP: [AnyChat] initPreviewFrame imageBuffer len:12
03-07 14:26:18.953  7517  7517 I A03d00/JSAPP: [AnyChat] initPreviewFrame imageBuffer len:12
03-07 14:26:19.072  7517  7517 I A03d00/JSAPP: [AnyChat] initPreviewFrame imageBuffer len:12
03-07 14:26:19.086  7517  7517 I A03d00/JSAPP: [AnyChat] initPreviewFrame imageBuffer len:12
03-07 14:26:19.135  7517  7517 I A03d00/JSAPP: [AnyChat] initPreviewFrame imageBuffer len:12
03-07 14:26:19.217  7517  7517 I A03d00/JSAPP: [AnyChat] initPreviewFrame imageBuffer len:12
03-07 14:26:19.274  7517  7517 I A03d00/JSAPP: [AnyChat] initPreviewFrame imageBuffer len:12
03-07 14:26:19.678  7517  7517 I A03d00/JSAPP: [AnyChat] initPreviewFrame imageBuffer len:12
03-07 14:26:19.923  7517  7517 I A03d00/JSAPP: [AnyChat] initPreviewFrame imageBuffer len:12
03-07 14:26:19.948  7517  7517 I A03d00/JSAPP: [AnyChat] initPreviewFrame imageBuffer len:12
03-07 14:26:20.007  7517  7517 I A03d00/JSAPP: [AnyChat] initPreviewFrame imageBuffer len:12
03-07 14:26:20.081  7517  7517 I A03d00/JSAPP: [AnyChat] initPreviewFrame imageBuffer len:12
03-07 14:26:20.148  7517  7517 I A03d00/JSAPP: [AnyChat] initPreviewFrame imageBuffer len:12
03-07 14:26:20.203  7517  7517 I A03d00/JSAPP: [AnyChat] initPreviewFrame imageBuffer len:12
03-07 14:26:20.277  7517  7517 I A03d00/JSAPP: [AnyChat] initPreviewFrame imageBuffer len:12
03-07 14:26:20.647  7517  7517 I A03d00/JSAPP: [AnyChat] initPreviewFrame imageBuffer len:12
03-07 14:26:20.872  7517  7517 I A03d00/JSAPP: [AnyChat] initPreviewFrame imageBuffer len:12
03-07 14:26:20.885  7517  7517 I A03d00/JSAPP: [AnyChat] initPreviewFrame imageBuffer len:12
03-07 14:26:20.933  7517  7517 I A03d00/JSAPP: [AnyChat] initPreviewFrame imageBuffer len:12
03-07 14:26:21.025  7517  7517 I A03d00/JSAPP: [AnyChat] initPreviewFrame imageBuffer len:12
03-07 14:26:21.069  7517  7517 I A03d00/JSAPP: [AnyChat] initPreviewFrame imageBuffer len:12
03-07 14:26:21.139  7517  7517 I A03d00/JSAPP: [AnyChat] initPreviewFrame imageBuffer len:12
03-07 14:26:21.207  7517  7517 I A03d00/JSAPP: [AnyChat] initPreviewFrame imageBuffer len:12
03-07 14:26:21.557  7517  7517 I A03d00/JSAPP: [AnyChat] initPreviewFrame imageBuffer len:12
03-07 14:26:21.761  7517  7517 I A03d00/JSAPP: [AnyChat] initPreviewFrame imageBuffer len:12
03-07 14:26:21.825  7517  7517 I A03d00/JSAPP: [AnyChat] initPreviewFrame imageBuffer len:12
03-07 14:26:21.884  7517  7517 I A03d00/JSAPP: [AnyChat] initPreviewFrame imageBuffer len:12
03-07 14:26:21.936  7517  7517 I A03d00/JSAPP: [AnyChat] initPreviewFrame imageBuffer len:12
03-07 14:26:22.032  7517  7517 I A03d00/JSAPP: [AnyChat] initPreviewFrame imageBuffer len:12
03-07 14:26:22.068  7517  7517 I A03d00/JSAPP: [AnyChat] initPreviewFrame imageBuffer len:12
03-07 14:26:22.146  7517  7517 I A03d00/JSAPP: [AnyChat] initPreviewFrame imageBuffer len:12
03-07 14:26:22.209  7517  7517 I A03d00/JSAPP: [AnyChat] initPreviewFrame imageBuffer len:12
03-07 14:26:22.579  7517  7517 I A03d00/JSAPP: [AnyChat] initPreviewFrame imageBuffer len:12
03-07 14:26:22.791  7517  7517 I A03d00/JSAPP: [AnyChat] initPreviewFrame imageBuffer len:12
03-07 14:26:22.820  7517  7517 I A03d00/JSAPP: [AnyChat] initPreviewFrame imageBuffer len:12
03-07 14:26:22.881  7517  7517 I A03d00/JSAPP: [AnyChat] initPreviewFrame imageBuffer len:12
03-07 14:26:22.946  7517  7517 I A03d00/JSAPP: [AnyChat] initPreviewFrame imageBuffer len:12
03-07 14:26:22.998  7517  7517 I A03d00/JSAPP: [AnyChat] initPreviewFrame imageBuffer len:12
03-07 14:26:23.081  7517  7517 I A03d00/JSAPP: [AnyChat] initPreviewFrame imageBuffer len:12
03-07 14:26:23.136  7517  7517 I A03d00/JSAPP: [AnyChat] initPreviewFrame imageBuffer len:12
03-07 14:26:23.555  7517  7517 I A03d00/JSAPP: [AnyChat] initPreviewFrame imageBuffer len:12
03-07 14:26:23.770  7517  7517 I A03d00/JSAPP: [AnyChat] initPreviewFrame imageBuffer len:12
03-07 14:26:23.817  7517  7517 I A03d00/JSAPP: [AnyChat] initPreviewFrame imageBuffer len:12
03-07 14:26:23.877  7517  7517 I A03d00/JSAPP: [AnyChat] initPreviewFrame imageBuffer len:12
03-07 14:26:23.943  7517  7517 I A03d00/JSAPP: [AnyChat] initPreviewFrame imageBuffer len:12
03-07 14:26:24.005  7517  7517 I A03d00/JSAPP: [AnyChat] initPreviewFrame imageBuffer len:12
03-07 14:26:24.078  7517  7517 I A03d00/JSAPP: [AnyChat] initPreviewFrame imageBuffer len:12
03-07 14:26:24.502  7517  7517 I A03d00/JSAPP: [AnyChat] initPreviewFrame imageBuffer len:12
03-07 14:26:24.696  7517  7517 I A03d00/JSAPP: [AnyChat] initPreviewFrame imageBuffer len:12
03-07 14:26:24.744  7517  7517 I A03d00/JSAPP: [AnyChat] initPreviewFrame imageBuffer len:12
03-07 14:26:24.804  7517  7517 I A03d00/JSAPP: [AnyChat] initPreviewFrame imageBuffer len:12
03-07 14:26:24.932  7517  7517 I A03d00/JSAPP: [AnyChat] initPreviewFrame imageBuffer len:12
03-07 14:26:24.951  7517  7517 I A03d00/JSAPP: [AnyChat] initPreviewFrame imageBuffer len:12
03-07 14:26:25.011  7517  7517 I A03d00/JSAPP: [AnyChat] initPreviewFrame imageBuffer len:12
03-07 14:26:25.068  7517  7517 I A03d00/JSAPP: [AnyChat] initPreviewFrame imageBuffer len:12
03-07 14:26:25.432  7517  7517 I A03d00/JSAPP: [AnyChat] initPreviewFrame imageBuffer len:12
03-07 14:26:25.633  7517  7517 I A03d00/JSAPP: [AnyChat] initPreviewFrame imageBuffer len:12
03-07 14:26:25.698  7517  7517 I A03d00/JSAPP: [AnyChat] initPreviewFrame imageBuffer len:12
03-07 14:26:25.734  7517  7517 I A03d00/JSAPP: [AnyChat] initPreviewFrame imageBuffer len:12
03-07 14:26:25.812  7517  7517 I A03d00/JSAPP: [AnyChat] initPreviewFrame imageBuffer len:12
03-07 14:26:25.874  7517  7517 I A03d00/JSAPP: [AnyChat] initPreviewFrame imageBuffer len:12
03-07 14:26:25.939  7517  7517 I A03d00/JSAPP: [AnyChat] initPreviewFrame imageBuffer len:12
03-07 14:26:26.009  7517  7517 I A03d00/JSAPP: [AnyChat] initPreviewFrame imageBuffer len:12
03-07 14:26:26.078  7517  7517 I A03d00/JSAPP: [AnyChat] initPreviewFrame imageBuffer len:12
03-07 14:26:26.438  7517  7517 I A03d00/JSAPP: [AnyChat] initPreviewFrame imageBuffer len:12
03-07 14:26:26.643  7517  7517 I A03d00/JSAPP: [AnyChat] initPreviewFrame imageBuffer len:12
03-07 14:26:26.702  7517  7517 I A03d00/JSAPP: [AnyChat] initPreviewFrame imageBuffer len:12
03-07 14:26:26.745  7517  7517 I A03d00/JSAPP: [AnyChat] initPreviewFrame imageBuffer len:12
03-07 14:26:26.809  7517  7517 I A03d00/JSAPP: [AnyChat] initPreviewFrame imageBuffer len:12
03-07 14:26:26.869  7517  7517 I A03d00/JSAPP: [AnyChat] initPreviewFrame imageBuffer len:12
03-07 14:26:26.939  7517  7517 I A03d00/JSAPP: [AnyChat] initPreviewFrame imageBuffer len:12
03-07 14:26:27.077  7517  7517 I A03d00/JSAPP: [AnyChat] initPreviewFrame imageBuffer len:12
03-07 14:26:27.421  7517  7517 I A03d00/JSAPP: [AnyChat] initPreviewFrame imageBuffer len:12
03-07 14:26:27.627  7517  7517 I A03d00/JSAPP: [AnyChat] initPreviewFrame imageBuffer len:12
03-07 14:26:27.715  7517  7517 I A03d00/JSAPP: [AnyChat] initPreviewFrame imageBuffer len:12
03-07 14:26:27.733  7517  7517 I A03d00/JSAPP: [AnyChat] initPreviewFrame imageBuffer len:12
03-07 14:26:27.850  7517  7517 I A03d00/JSAPP: [AnyChat] initPreviewFrame imageBuffer len:12
03-07 14:26:27.869  7517  7517 I A03d00/JSAPP: [AnyChat] initPreviewFrame imageBuffer len:12
03-07 14:26:27.938  7517  7517 I A03d00/JSAPP: [AnyChat] initPreviewFrame imageBuffer len:12
03-07 14:26:28.011  7517  7517 I A03d00/JSAPP: [AnyChat] initPreviewFrame imageBuffer len:12
03-07 14:26:28.427  7517  7517 I A03d00/JSAPP: [AnyChat] initPreviewFrame imageBuffer len:12
03-07 14:26:28.647  7517  7517 I A03d00/JSAPP: [AnyChat] initPreviewFrame imageBuffer len:12
03-07 14:26:28.678  7517  7517 I A03d00/JSAPP: [AnyChat] initPreviewFrame imageBuffer len:12
03-07 14:26:28.743  7517  7517 I A03d00/JSAPP: [AnyChat] initPreviewFrame imageBuffer len:12
03-07 14:26:28.804  7517  7517 I A03d00/JSAPP: [AnyChat] initPreviewFrame imageBuffer len:12
03-07 14:26:28.868  7517  7517 I A03d00/JSAPP: [AnyChat] initPreviewFrame imageBuffer len:12
03-07 14:26:28.942  7517  7517 I A03d00/JSAPP: [AnyChat] initPreviewFrame imageBuffer len:12
03-07 14:26:29.002  7517  7517 I A03d00/JSAPP: [AnyChat] initPreviewFrame imageBuffer len:12
03-07 14:26:29.346  7517  7517 I A03d00/JSAPP: [AnyChat] initPreviewFrame imageBuffer len:12
03-07 14:26:29.568  7517  7517 I A03d00/JSAPP: [AnyChat] initPreviewFrame imageBuffer len:12
03-07 14:26:29.621  7517  7517 I A03d00/JSAPP: [AnyChat] initPreviewFrame imageBuffer len:12
03-07 14:26:29.700  7517  7517 I A03d00/JSAPP: [AnyChat] initPreviewFrame imageBuffer len:12
03-07 14:26:29.738  7517  7517 I A03d00/JSAPP: [AnyChat] initPreviewFrame imageBuffer len:12
03-07 14:26:29.815  7517  7517 I A03d00/JSAPP: [AnyChat] initPreviewFrame imageBuffer len:12
03-07 14:26:29.884  7517  7517 I A03d00/JSAPP: [AnyChat] initPreviewFrame imageBuffer len:12
03-07 14:26:29.935  7517  7517 I A03d00/JSAPP: [AnyChat] initPreviewFrame imageBuffer len:12
03-07 14:26:30.000  7517  7517 I A03d00/JSAPP: [AnyChat] initPreviewFrame imageBuffer len:12
03-07 14:26:30.368  7517  7517 I A03d00/JSAPP: [AnyChat] initPreviewFrame imageBuffer len:12
03-07 14:26:30.559  7517  7517 I A03d00/JSAPP: [AnyChat] initPreviewFrame imageBuffer len:12
03-07 14:26:30.610  7517  7517 I A03d00/JSAPP: [AnyChat] initPreviewFrame imageBuffer len:12
03-07 14:26:30.667  7517  7517 I A03d00/JSAPP: [AnyChat] initPreviewFrame imageBuffer len:12
03-07 14:26:30.736  7517  7517 I A03d00/JSAPP: [AnyChat] initPreviewFrame imageBuffer len:12
03-07 14:26:30.811  7517  7517 I A03d00/JSAPP: [AnyChat] initPreviewFrame imageBuffer len:12
03-07 14:26:30.873  7517  7517 I A03d00/JSAPP: [AnyChat] initPreviewFrame imageBuffer len:12
03-07 14:26:30.943  7517  7517 I A03d00/JSAPP: [AnyChat] initPreviewFrame imageBuffer len:12
03-07 14:26:31.382  7517  7517 I A03d00/JSAPP: [AnyChat] initPreviewFrame imageBuffer len:12
03-07 14:26:31.548  7517  7517 I A03d00/JSAPP: [AnyChat] initPreviewFrame imageBuffer len:12
03-07 14:26:31.616  7517  7517 I A03d00/JSAPP: [AnyChat] initPreviewFrame imageBuffer len:12
03-07 14:26:31.682  7517  7517 I A03d00/JSAPP: [AnyChat] initPreviewFrame imageBuffer len:12
03-07 14:26:31.744  7517  7517 I A03d00/JSAPP: [AnyChat] initPreviewFrame imageBuffer len:12
03-07 14:26:31.805  7517  7517 I A03d00/JSAPP: [AnyChat] initPreviewFrame imageBuffer len:12
03-07 14:26:31.871  7517  7517 I A03d00/JSAPP: [AnyChat] initPreviewFrame imageBuffer len:12
03-07 14:26:31.944  7517  7517 I A03d00/JSAPP: [AnyChat] initPreviewFrame imageBuffer len:12
03-07 14:26:32.351  7517  7517 I A03d00/JSAPP: [AnyChat] initPreviewFrame imageBuffer len:12
03-07 14:26:32.547  7517  7517 I A03d00/JSAPP: [AnyChat] initPreviewFrame imageBuffer len:12
03-07 14:26:32.638  7517  7517 I A03d00/JSAPP: [AnyChat] initPreviewFrame imageBuffer len:12
03-07 14:26:32.681  7517  7517 I A03d00/JSAPP: [AnyChat] initPreviewFrame imageBuffer len:12
03-07 14:26:32.734  7517  7517 I A03d00/JSAPP: [AnyChat] initPreviewFrame imageBuffer len:12
03-07 14:26:32.799  7517  7517 I A03d00/JSAPP: [AnyChat] initPreviewFrame imageBuffer len:12
03-07 14:26:32.873  7517  7517 I A03d00/JSAPP: [AnyChat] initPreviewFrame imageBuffer len:12
03-07 14:26:32.945  7517  7517 I A03d00/JSAPP: [AnyChat] initPreviewFrame imageBuffer len:12
03-07 14:26:33.364  7517  7517 I A03d00/JSAPP: [AnyChat] initPreviewFrame imageBuffer len:12
03-07 14:26:33.579  7517  7517 I A03d00/JSAPP: [AnyChat] initPreviewFrame imageBuffer len:12
03-07 14:26:33.610  7517  7517 I A03d00/JSAPP: [AnyChat] initPreviewFrame imageBuffer len:12
03-07 14:26:33.678  7517  7517 I A03d00/JSAPP: [AnyChat] initPreviewFrame imageBuffer len:12
03-07 14:26:33.745  7517  7517 I A03d00/JSAPP: [AnyChat] initPreviewFrame imageBuffer len:12
03-07 14:26:33.801  7517  7517 I A03d00/JSAPP: [AnyChat] initPreviewFrame imageBuffer len:12
03-07 14:26:33.878  7517  7517 I A03d00/JSAPP: [AnyChat] initPreviewFrame imageBuffer len:12
03-07 14:26:34.290  7517  7517 I A03d00/JSAPP: [AnyChat] initPreviewFrame imageBuffer len:12
03-07 14:26:34.494  7517  7517 I A03d00/JSAPP: [AnyChat] initPreviewFrame imageBuffer len:12
03-07 14:26:34.545  7517  7517 I A03d00/JSAPP: [AnyChat] initPreviewFrame imageBuffer len:12
03-07 14:26:34.602  7517  7517 I A03d00/JSAPP: [AnyChat] initPreviewFrame imageBuffer len:12
03-07 14:26:34.680  7517  7517 I A03d00/JSAPP: [AnyChat] initPreviewFrame imageBuffer len:12
03-07 14:26:34.742  7517  7517 I A03d00/JSAPP: [AnyChat] initPreviewFrame imageBuffer len:12
03-07 14:26:34.810  7517  7517 I A03d00/JSAPP: [AnyChat] initPreviewFrame imageBuffer len:12
03-07 14:26:34.874  7517  7517 I A03d00/JSAPP: [AnyChat] initPreviewFrame imageBuffer len:12
03-07 14:26:35.296  7517  7517 I A03d00/JSAPP: [AnyChat] initPreviewFrame imageBuffer len:12
03-07 14:26:35.517  7517  7517 I A03d00/JSAPP: [AnyChat] initPreviewFrame imageBuffer len:12
03-07 14:26:35.551  7517  7517 I A03d00/JSAPP: [AnyChat] initPreviewFrame imageBuffer len:12
03-07 14:26:35.602  7517  7517 I A03d00/JSAPP: [AnyChat] initPreviewFrame imageBuffer len:12
03-07 14:26:35.726  7517  7517 I A03d00/JSAPP: [AnyChat] initPreviewFrame imageBuffer len:12
03-07 14:26:35.759  7517  7517 I A03d00/JSAPP: [AnyChat] initPreviewFrame imageBuffer len:12
03-07 14:26:35.804  7517  7517 I A03d00/JSAPP: [AnyChat] initPreviewFrame imageBuffer len:12
03-07 14:26:35.895  7517  7517 I A03d00/JSAPP: [AnyChat] initPreviewFrame imageBuffer len:12
03-07 14:26:36.253  7517  7517 I A03d00/JSAPP: [AnyChat] initPreviewFrame imageBuffer len:12
03-07 14:26:36.480  7517  7517 I A03d00/JSAPP: [AnyChat] initPreviewFrame imageBuffer len:12
03-07 14:26:36.506  7517  7517 I A03d00/JSAPP: [AnyChat] initPreviewFrame imageBuffer len:12
03-07 14:26:36.551  7517  7517 I A03d00/JSAPP: [AnyChat] initPreviewFrame imageBuffer len:12
03-07 14:26:36.619  7517  7517 I A03d00/JSAPP: [AnyChat] initPreviewFrame imageBuffer len:12
03-07 14:26:36.685  7517  7517 I A03d00/JSAPP: [AnyChat] initPreviewFrame imageBuffer len:12
03-07 14:26:36.759  7517  7517 I A03d00/JSAPP: [AnyChat] initPreviewFrame imageBuffer len:12
03-07 14:26:36.813  7517  7517 I A03d00/JSAPP: [AnyChat] initPreviewFrame imageBuffer len:12
03-07 14:26:37.263  7517  7517 I A03d00/JSAPP: [AnyChat] initPreviewFrame imageBuffer len:12
03-07 14:26:37.441  7517  7517 I A03d00/JSAPP: [AnyChat] initPreviewFrame imageBuffer len:12
03-07 14:26:37.494  7517  7517 I A03d00/JSAPP: [AnyChat] initPreviewFrame imageBuffer len:12
03-07 14:26:37.564  7517  7517 I A03d00/JSAPP: [AnyChat] initPreviewFrame imageBuffer len:12
03-07 14:26:37.633  7517  7517 I A03d00/JSAPP: [AnyChat] initPreviewFrame imageBuffer len:12
03-07 14:26:37.697  7517  7517 I A03d00/JSAPP: [AnyChat] initPreviewFrame imageBuffer len:12
03-07 14:26:37.753  7517  7517 I A03d00/JSAPP: [AnyChat] initPreviewFrame imageBuffer len:12
03-07 14:26:37.825  7517  7517 I A03d00/JSAPP: [AnyChat] initPreviewFrame imageBuffer len:12
03-07 14:26:38.168  7517  7517 I A03d00/JSAPP: [AnyChat] initPreviewFrame imageBuffer len:12
03-07 14:26:38.363  7517  7517 I A03d00/JSAPP: [AnyChat] initPreviewFrame imageBuffer len:12
03-07 14:26:38.450  7517  7517 I A03d00/JSAPP: [AnyChat] initPreviewFrame imageBuffer len:12
03-07 14:26:38.490  7517  7517 I A03d00/JSAPP: [AnyChat] initPreviewFrame imageBuffer len:12
03-07 14:26:38.563  7517  7517 I A03d00/JSAPP: [AnyChat] initPreviewFrame imageBuffer len:12
03-07 14:26:38.615  7517  7517 I A03d00/JSAPP: [AnyChat] initPreviewFrame imageBuffer len:12
03-07 14:26:38.689  7517  7517 I A03d00/JSAPP: [AnyChat] initPreviewFrame imageBuffer len:12
03-07 14:26:38.748  7517  7517 I A03d00/JSAPP: [AnyChat] initPreviewFrame imageBuffer len:12
03-07 14:26:38.922  1080  1080 I A00500/Settings: [napi_settings.cpp(napi_get_value_sync:455)]napi_get_value called...
03-07 14:26:38.923  1080  1080 I A00500/Settings: [napi_settings.cpp(napi_get_value_sync:478)]argv[0] is a context, Stage Model: 1
03-07 14:26:38.923  1080  1080 I A00500/Settings: [napi_settings.cpp(unwrap_string_from_js:92)]settingsnapi : unwarp string is : settings.display.screen_brightness_status
03-07 14:26:38.923  1080  1080 I A00500/Settings: [napi_settings.cpp(getDataShareHelper:290)]getDataShareHelper called
03-07 14:26:38.923  1080  1080 I A00500/Settings: [napi_settings.cpp(getDataShareHelper:294)]getDataShareHelper called
03-07 14:26:38.946  1080  1080 I A00500/Settings: [napi_settings.cpp(GetValueExecuteExt:321)]settingsnapi : GetValueExecuteExt start
03-07 14:26:38.962  1080  1080 I A00500/Settings: [napi_settings.cpp(GetValueExecuteExt:339)]settingsnapi : GetValueExecuteExt called... resultset is NOT empty
03-07 14:26:38.963  1080  1080 I A00500/Settings: [napi_settings.cpp(GetValueExecuteExt:352)]napi_get_value_ext called... 255
03-07 14:26:38.965  1080  1080 I A00500/Settings: [napi_settings.cpp(napi_get_value_sync:485)]settingsnapi : napi_get_value_sync called... return  255
03-07 14:26:38.965  1080  1080 I A0001a/SystemUI_Default: Control-brightnessManager --> after brightness datachange settings getValue 255
03-07 14:26:39.165  7517  7517 I A03d00/JSAPP: [AnyChat] initPreviewFrame imageBuffer len:12
03-07 14:26:39.369  7517  7517 I A03d00/JSAPP: [AnyChat] initPreviewFrame imageBuffer len:12
03-07 14:26:39.427  7517  7517 I A03d00/JSAPP: [AnyChat] initPreviewFrame imageBuffer len:12
03-07 14:26:39.520  7517  7517 I A03d00/JSAPP: [AnyChat] initPreviewFrame imageBuffer len:12
03-07 14:26:39.555  7517  7517 I A03d00/JSAPP: [AnyChat] initPreviewFrame imageBuffer len:12
03-07 14:26:39.625  7517  7517 I A03d00/JSAPP: [AnyChat] initPreviewFrame imageBuffer len:12
03-07 14:26:39.689  7517  7517 I A03d00/JSAPP: [AnyChat] initPreviewFrame imageBuffer len:12
03-07 14:26:40.097  7517  7517 I A03d00/JSAPP: [AnyChat] initPreviewFrame imageBuffer len:12
03-07 14:26:40.204 27523 27523 I A00200/CameraApp: applicationWholeLife begin 
03-07 14:26:40.204 27523 27523 I A03d00/JSAPP: MyAbilityStage onCreate.
03-07 14:26:40.304  7517  7517 I A03d00/JSAPP: [AnyChat] initPreviewFrame imageBuffer len:12
03-07 14:26:40.351  7517  7517 I A03d00/JSAPP: [AnyChat] initPreviewFrame imageBuffer len:12
03-07 14:26:40.442  7517  7517 I A03d00/JSAPP: [AnyChat] initPreviewFrame imageBuffer len:12
03-07 14:26:40.478  7517  7517 I A03d00/JSAPP: [AnyChat] initPreviewFrame imageBuffer len:12
03-07 14:26:40.500 27523 27523 I A03d00/JSAPP: Callee constructor is OK string
03-07 14:26:40.506 27523 27523 I A03d00/JSAPP: Ability::constructor callee is object [object Object]
03-07 14:26:40.506 27523 27523 I A03d00/JSAPP: EventBusManager create a new EventBus
03-07 14:26:40.558  7517  7517 I A03d00/JSAPP: [AnyChat] initPreviewFrame imageBuffer len:12
03-07 14:26:40.614  7517  7517 I A03d00/JSAPP: [AnyChat] initPreviewFrame imageBuffer len:12
03-07 14:26:40.945 27523 27523 I A00200/CameraApp: abilityWholeLife begin 
03-07 14:26:40.945 27523 27523 I A00200/CameraApp: [FeatureManager]: constructor
03-07 14:26:40.945 27523 27523 I A00200/CameraApp: [FeatureManager]: initFunctionsMap invoke E.
03-07 14:26:40.946 27523 27523 I A00200/CameraApp: [FeatureManager]: initFunctionsMap invoke X.
03-07 14:26:40.946 27523 27523 I A00200/CameraApp: [CameraBasicFunction]: load E
03-07 14:26:40.946 27523 27523 I A00200/CameraApp: [EventBus]: on event = "ACTION_INIT"  undefined
03-07 14:26:40.946 27523 27523 I A00200/CameraApp: [EventBus]: on event = "ACTION_INIT"  {}
03-07 14:26:40.946 27523 27523 I A00200/CameraApp: [EventBus]: on event = "ACTION_CHANGE_IMAGE_SIZE"  undefined
03-07 14:26:40.946 27523 27523 I A00200/CameraApp: [EventBus]: on event = "ACTION_CHANGE_IMAGE_SIZE"  {}
03-07 14:26:40.946 27523 27523 I A00200/CameraApp: [EventBus]: on event = "ACTION_CHANGE_VIDEO_SIZE"  undefined
03-07 14:26:40.946 27523 27523 I A00200/CameraApp: [EventBus]: on event = "ACTION_CHANGE_VIDEO_SIZE"  {}
03-07 14:26:40.947 27523 27523 I A00200/CameraApp: [EventBus]: on event = "ACTION_PREPARE_SURFACE"  undefined
03-07 14:26:40.947 27523 27523 I A00200/CameraApp: [EventBus]: on event = "ACTION_PREPARE_SURFACE"  {}
03-07 14:26:40.947 27523 27523 I A00200/CameraApp: [EventBus]: on event = "ACTION_START_PREVIEW"  undefined
03-07 14:26:40.947 27523 27523 I A00200/CameraApp: [EventBus]: on event = "ACTION_START_PREVIEW"  {}
03-07 14:26:40.947 27523 27523 I A00200/CameraApp: [EventBus]: on event = "ACTION_RESTART_PREVIEW"  undefined
03-07 14:26:40.947 27523 27523 I A00200/CameraApp: [EventBus]: on event = "ACTION_RESTART_PREVIEW"  {}
03-07 14:26:40.947 27523 27523 I A00200/CameraApp: [EventBus]: on event = "ACTION_CHANGE_MODE"  undefined
03-07 14:26:40.947 27523 27523 I A00200/CameraApp: [EventBus]: on event = "ACTION_CHANGE_MODE"  {}
03-07 14:26:40.947 27523 27523 I A00200/CameraApp: [EventBus]: on event = "ACTION_SWITCH_CAMERA"  undefined
03-07 14:26:40.947 27523 27523 I A00200/CameraApp: [EventBus]: on event = "ACTION_SWITCH_CAMERA"  {}
03-07 14:26:40.947 27523 27523 I A00200/CameraApp: [EventBus]: on event = "ACTION_CLOSE_CAMERA"  undefined
03-07 14:26:40.947 27523 27523 I A00200/CameraApp: [EventBus]: on event = "ACTION_CLOSE_CAMERA"  {}
03-07 14:26:40.947 27523 27523 I A00200/CameraApp: [EventBus]: on event = "ACTION_RELOAD_THUMBNAIL"  undefined
03-07 14:26:40.947 27523 27523 I A00200/CameraApp: [EventBus]: on event = "ACTION_RELOAD_THUMBNAIL"  {}
03-07 14:26:40.947 27523 27523 I A00200/CameraApp: [CameraBasicFunction]: load X
03-07 14:26:40.947 27523 27523 I A00200/CameraApp: [ModeAssembler]: assembler preMode = null  currentMode = PHOTO E 
03-07 14:26:40.947 27523 27523 I A00200/CameraApp: [PhotoMode]: function = 2,4,3
03-07 14:26:40.947 27523 27523 I A00200/CameraApp: [ModeAssembler]: assembler preMode =   currentMode = 2,4,3 E 
03-07 14:26:40.947 27523 27523 I A00200/CameraApp: [PhotoMode]: function = 2,4,3
03-07 14:26:40.947 27523 27523 I A00200/CameraApp: [ModeAssembler]: assembler preModeFun =   currentModeFun = 2,4,3  
03-07 14:26:40.947 27523 27523 I A00200/CameraApp: [ModeAssembler]: assembler mNeedAdd = 2,4,3  mNeedDelete = 
03-07 14:26:40.948 27523 27523 I A00200/CameraApp: [ModeAssembler]: attachFunction fun: 2
03-07 14:26:40.948 27523 27523 I A00200/CameraApp: [CaptureFunction]: load E
03-07 14:26:40.948 27523 27523 I A00200/CameraApp: [EventBus]: on event = "ACTION_CAPTURE"  undefined
03-07 14:26:40.948 27523 27523 I A00200/CameraApp: [EventBus]: on event = "ACTION_CAPTURE"  {}
03-07 14:26:40.948 27523 27523 I A00200/CameraApp: [EventBus]: on event = "ACTION_CAPTURE_PHOTO_OUTPUT"  undefined
03-07 14:26:40.948 27523 27523 I A00200/CameraApp: [EventBus]: on event = "ACTION_CAPTURE_PHOTO_OUTPUT"  {}
03-07 14:26:40.948 27523 27523 I A00200/CameraApp: [CaptureFunction]: load X
03-07 14:26:40.948 27523 27523 I A00200/CameraApp: [ModeAssembler]: attachFunction fun: 4
03-07 14:26:40.948 27523 27523 I A00200/CameraApp: [ZoomFunction]: load E
03-07 14:26:40.948 27523 27523 I A00200/CameraApp: [EventBus]: on event = "ACTION_CHANGE_ZOOM_RATIO"  undefined
03-07 14:26:40.948 27523 27523 I A00200/CameraApp: [EventBus]: on event = "ACTION_CHANGE_ZOOM_RATIO"  {}
03-07 14:26:40.948 27523 27523 I A00200/CameraApp: [ZoomFunction]: load X
03-07 14:26:40.948 27523 27523 I A00200/CameraApp: [ModeAssembler]: attachFunction fun: 3
03-07 14:26:40.948 27523 27523 I A00200/CameraApp: [EventBus]: on event = "ACTION_RECORD_START"  undefined
03-07 14:26:40.948 27523 27523 I A00200/CameraApp: [EventBus]: on event = "ACTION_RECORD_START"  {}
03-07 14:26:40.948 27523 27523 I A00200/CameraApp: [EventBus]: on event = "ACTION_RECORD_PAUSE"  undefined
03-07 14:26:40.948 27523 27523 I A00200/CameraApp: [EventBus]: on event = "ACTION_RECORD_PAUSE"  {}
03-07 14:26:40.948 27523 27523 I A00200/CameraApp: [EventBus]: on event = "ACTION_RECORD_RESUME"  undefined
03-07 14:26:40.948 27523 27523 I A00200/CameraApp: [EventBus]: on event = "ACTION_RECORD_RESUME"  {}
03-07 14:26:40.948 27523 27523 I A00200/CameraApp: [EventBus]: on event = "ACTION_RECORD_STOP"  undefined
03-07 14:26:40.948 27523 27523 I A00200/CameraApp: [EventBus]: on event = "ACTION_RECORD_STOP"  {}
03-07 14:26:40.948 27523 27523 I A00200/CameraApp: [ModeAssembler]: assembler X
03-07 14:26:40.948 27523 27523 I A00200/CameraApp: [EventBus]: on event = "ACTION_CHANGE_MODE"  undefined
03-07 14:26:40.948 27523 27523 I A00200/CameraApp: [EventBus]: on event = "ACTION_CHANGE_MODE"  {}
03-07 14:26:40.948 27523 27523 I A00200/CameraApp: Camera MainAbility onCreate.
03-07 14:26:40.949 27523 27523 I A00200/CameraApp: Camera MainAbility onCreate launchWant. {"deviceId":"","bundleName":"com.ohos.camera","abilityName":"com.ohos.camera.MainAbility","moduleName":"tablet","uri":"","type":"","flags":0,"action":"","parameters":{"component.startup.newRules":true,"moduleName":"tablet","ohos.aafwk.param.callerAbilityName":"","ohos.aafwk.param.callerBundleName":"","ohos.aafwk.param.callerPid":27456,"ohos.aafwk.param.callerToken":671281343,"ohos.aafwk.param.callerUid":0,"ohos.ability.launch.reason":1,"ohos.anco.param.missionId":39,"ohos.dlp.params.sandbox":false},"entities":[]}
03-07 14:26:40.949 27523 27523 I A00200/CameraApp: [CameraBasicFunction]: initCamera begin 
03-07 14:26:40.949 27523 27523 I A00200/CameraApp: [CameraBasicFunction]: initData:{"cameraId":"BACK","mode":"PHOTO"} 
03-07 14:26:40.949 27523 27523 I A00200/CameraApp: [CameraService]: initCamera begin 
03-07 14:26:40.963 27523 27523 I A00200/CameraApp: [CameraService]: getCameras success.
03-07 14:26:40.963 27523 27523 I A00200/CameraApp: [CameraService]: --------------Camera Info-------------
03-07 14:26:40.963 27523 27523 I A00200/CameraApp: [CameraService]: camera_id: lcam001
03-07 14:26:40.963 27523 27523 I A00200/CameraApp: [CameraService]: cameraPosition: 2
03-07 14:26:40.963 27523 27523 I A00200/CameraApp: [CameraService]: cameraType: 1
03-07 14:26:40.963 27523 27523 I A00200/CameraApp: [CameraService]: connectionType: 0
03-07 14:26:40.963 27523 27523 I A00200/CameraApp: [CameraService]: createCameraInput begin 
03-07 14:26:40.964 27523 27523 I A00200/CameraApp: [CameraService]: createCameraInput id = lcam001
03-07 14:26:40.980 27523 27523 E A00200/CameraApp: [CameraService]: createCameraInput failed: {"code":"7400107"}
03-07 14:26:40.981 27523 27523 I A00200/CameraApp: [CameraService]: createCameraInput end 
03-07 14:26:40.981 27523 27523 I A00200/CameraApp: [CameraService]: deviceType = tablet
03-07 14:26:40.981 27523 27523 I A00200/CameraApp: [CameraService]: initCamera end 
03-07 14:26:40.982 27523 27523 I A00200/CameraApp: [CameraPlatformCapability]: init E.
03-07 14:26:40.982 27523 27523 I A00200/CameraApp: [CameraPlatformCapability]: init X.
03-07 14:26:40.982 27523 27523 I A00200/CameraApp: [WorkerManager]: postMessage: {"type":"ACTION_INIT_DONE","data":{"platformCapability":{"TAG":"[CameraPlatformCapability]:","mZoomRatioRangeMap":{},"mPhotoPreviewSizeMap":{},"mVideoPreviewSizeMap":{},"mImageSizeMap":{},"mVideoFrameSizeMap":{},"mCameraCount":1,"mPhotoPreviewSize":[{"width":640,"height":480},{"width":720,"height":720},{"width":1920,"height":1080}],"mVideoPreviewSize":[{"width":1280,"height":720},{"width":1920,"height":1080},{"width":1920,"height":1080}],"mImageSize":[{"width":1280,"height":960},{"width":3120,"height":3120},{"width":1920,"height":1080}],"mVideoFrameSize":[{"width":1280,"height":720},{"width":1920,"height":1080},{"width":3840,"height":2160}]}}}
03-07 14:26:40.982 27523 27523 I A00200/CameraApp: [EventBus]: emit event = "WORKER_TO_MAIN"  undefined
03-07 14:26:40.982 27523 27523 I A00200/CameraApp: [CameraService]: getThumbnail begin 
03-07 14:26:40.982 27523 27523 I A00200/CameraApp: [ThumbnailGetter]: getThumbnailInfo E
03-07 14:26:40.994 27523 27523 I A03d00/JSAPP: MediaLibrary getMediaLibrary inner 
03-07 14:26:40.994 27523 27523 I A03d00/JSAPP: MediaLibrary getMediaLibrary inner add startMediaSelect
03-07 14:26:40.994 27523 27523 I A00200/CameraApp: [CameraService]: getThumbnail invoke X.
03-07 14:26:40.994 27523 27523 I A00200/CameraApp: [WorkerManager]: postMessage: {"type":"ACTION_UPDATE_CAMERA_STATUS","data":{}}
03-07 14:26:40.994 27523 27523 I A00200/CameraApp: [EventBus]: emit event = "WORKER_TO_MAIN"  undefined
03-07 14:26:40.994 27523 27523 I A00200/CameraApp: [CameraBasicFunction]: initCamera end 
03-07 14:26:41.008 27523 27523 I A00200/CameraApp: abilityVisibleLife begin 
03-07 14:26:41.008 27523 27523 I A00200/CameraApp: Camera MainAbility onWindowStageCreate.
03-07 14:26:41.080  1080  1080 D A0001a/SystemUI_Default: TintStateManager --> onSystemBarTintChange, data: {"displayId":0,"regionTint":[{"type":12,"isEnable":false,"backgroundColor":"#66000000","contentColor":"#E5FFFFFF","region":{"left":0,"top":0,"width":0,"height":0}}]}
03-07 14:26:41.081  1080  1080 D A0001a/SystemUI_Default: TintStateManager --> onSystemBarTintChange, type: undefined
03-07 14:26:41.082  1080  1080 D A0001a/SystemUI_Default: TintStateManager --> onSystemBarTintChange, data: {"displayId":0,"regionTint":[{"type":3,"isEnable":true,"backgroundColor":"#66000000","contentColor":"#E5FFFFFF","region":{"left":0,"top":0,"width":1920,"height":78}},{"type":7,"isEnable":true,"backgroundColor":"#66000000","contentColor":"#E5FFFFFF","region":{"left":0,"top":1002,"width":1920,"height":78}}]}
03-07 14:26:41.083  1080  1080 D A0001a/SystemUI_Default: TintStateManager --> onSystemBarTintChange, type: status
03-07 14:26:41.083  1080  1080 D A0001a/SystemUI_Default: TintStateManager --> tintState: {"isEnable":true,"region":{"left":0,"top":0,"width":1920,"height":78},"backgroundColor":"#66000000","contentColor":"#E5FFFFFF"}
03-07 14:26:41.083  1080  1080 I A0001a/SystemUI_Default: StatusBarVM --> onTintStateChange, tintState: {"isEnable":true,"region":{"left":0,"top":0,"width":1920,"height":78},"backgroundColor":"#66000000","contentColor":"#E5FFFFFF"}
03-07 14:26:41.083  1080  1080 I A0001a/SystemUI_Default: StatusBarVM --> setStatusBarEnable, isEnable true
03-07 14:26:41.083  1080  1080 I A0001a/SystemUI_Default: StatusBarVM --> changeBackground, backgroundColor: #66000000 region: {"left":0,"top":0,"width":1920,"height":78}
03-07 14:26:41.084  1080  1080 I A0001a/SystemUI_Default: StatusBarVM --> changeBackground, data: {"backgroundColor":"#66000000","width":1920}
03-07 14:26:41.084  1080  1080 I A0001a/SystemUI_Default: StatusBarVM --> changeContent, contentColor: #E5FFFFFF region: {"left":0,"top":0,"width":1920,"height":78}
03-07 14:26:41.084  1080  1080 I A0001a/SystemUI_Default: StatusBarVM --> changeContent, data: {"contentColor":"#E5FFFFFF","width":1920}
03-07 14:26:41.084  1080  1080 I A0001a/SystemUI_Default: StatusBarVM --> changeComponentContent, id battery area: {"left":1801,"top":0,"width":-1,"height":78}
03-07 14:26:41.084  1080  1080 I A0001a/SystemUI_Default: StatusBarVM --> setComponentContent, id battery contentColor: #E5FFFFFF
03-07 14:26:41.084  1080  1080 I A0001a/SystemUI_Default: StatusBarVM --> changeComponentContent, id signal area: {"left":1802,"top":0,"width":-1,"height":78}
03-07 14:26:41.084  1080  1080 I A0001a/SystemUI_Default: StatusBarVM --> setComponentContent, id signal contentColor: #E5FFFFFF
03-07 14:26:41.084  1080  1080 I A0001a/SystemUI_Default: StatusBarVM --> changeComponentContent, id wifi area: {"left":1802,"top":0,"width":0,"height":78}
03-07 14:26:41.084  1080  1080 I A0001a/SystemUI_Default: StatusBarVM --> setComponentContent, id wifi contentColor: #E5FFFFFF
03-07 14:26:41.087 27523 27523 I A00200/CameraApp: abilityForegroundLife begin 
03-07 14:26:41.087 27523 27523 I A00200/CameraApp: Camera MainAbility onForeground.
03-07 14:26:41.087 27523 27523 I A00200/CameraApp: Camera MainAbility onForeground end.
03-07 14:26:41.090  1080  1080 I A0001a/SystemUI_Default: StatusBarVM --> setComponentContent, id ring_mode contentColor: #E5FFFFFF
03-07 14:26:41.090  1080  1080 I A0001a/SystemUI_Default: StatusBarVM --> changeComponentContent, id bluetooth area: {"left":1748,"top":0,"width":54,"height":78}
03-07 14:26:41.090  1080  1080 I A0001a/SystemUI_Default: StatusBarVM --> setComponentContent, id bluetooth contentColor: #E5FFFFFF
03-07 14:26:41.090  1080  1080 I A0001a/SystemUI_Default: StatusBarVM --> changeComponentContent, id location area: {"left":1748,"top":0,"width":0,"height":78}
03-07 14:26:41.090  1080  1080 I A0001a/SystemUI_Default: StatusBarVM --> setComponentContent, id location contentColor: #E5FFFFFF
03-07 14:26:41.091  1080  1080 I A0001a/SystemUI_Default: StatusBarVM --> changeComponentContent, id notification area: {"left":110,"top":0,"width":0,"height":78}
03-07 14:26:41.091  1080  1080 I A0001a/SystemUI_Default: StatusBarVM --> setComponentContent, id notification contentColor: #E5FFFFFF
03-07 14:26:41.091  1080  1080 I A0001a/SystemUI_Default: StatusBarVM --> changeComponentContent, id clock area: {"left":0,"top":0,"width":111,"height":78}
03-07 14:26:41.091  1080  1080 I A0001a/SystemUI_Default: StatusBarVM --> setComponentContent, id clock contentColor: #E5FFFFFF
03-07 14:26:41.091  1080  1080 I A0001a/SystemUI_Default: StatusBarVM --> changeComponentContent, id capsule area: {"left":111,"top":0,"width":-1,"height":78}
03-07 14:26:41.091  1080  1080 I A0001a/SystemUI_Default: StatusBarVM --> setComponentContent, id capsule contentColor: #E5FFFFFF
03-07 14:26:41.091  1080  1080 I A0001a/SystemUI_Default: StatusBarVM --> changeComponentContent, id systemui_controlpanel area: {"left":1860,"top":0,"width":60,"height":78}
03-07 14:26:41.091  1080  1080 I A0001a/SystemUI_Default: StatusBarVM --> resetWindow, id systemui_controlpanel contentColor: {"left":1860,"top":0,"width":60,"height":78}
03-07 14:26:41.091  1080  1080 D A0001a/SystemUI_Default: AbilityManager --> getAbilityData, abilityName: SystemUi_ControlPanel key: rect 
03-07 14:26:41.092  1080  1080 I A0001a/SystemUI_Default: StatusBarVM --> id systemui_controlpanel initRect: {"left":1317,"top":78,"width":603,"height":517.5}
03-07 14:26:41.092  1080  1080 D A0001a/SystemUI_Default: AbilityManager --> setAbilityData, abilityName: SystemUi_ControlPanel key: rect data: {"left":1317,"top":78,"width":603,"height":517.5}
03-07 14:26:41.092  1080  1080 I A0001a/SystemUI_Default: WindowManager --> moveTo window[SystemUi_ControlPanel] success, rect: {"left":1317,"top":78,"width":603,"height":517.5}.
03-07 14:26:41.092  1080  1080 I A0001a/SystemUI_Default: StatusBarVM --> setComponentContent, id systemui_controlpanel contentColor: #E5FFFFFF
03-07 14:26:41.093  1080  1080 I A0001a/SystemUI_Default: StatusBarVM --> id systemui_notificationpanel initRect: {"left":1257,"top":78,"width":603,"height":571.5}
03-07 14:26:41.093  1080  1080 D A0001a/SystemUI_Default: AbilityManager --> setAbilityData, abilityName: SystemUi_NotificationPanel key: rect data: {"left":1257,"top":78,"width":603,"height":571.5}
03-07 14:26:41.101  1080  1080 D A0001a/SystemUI_Default: TintStateManager --> onSystemBarTintChange, type: navigation
03-07 14:26:41.101  1080  1080 D A0001a/SystemUI_Default: TintStateManager --> tintState: {"isEnable":true,"region":{"left":0,"top":1002,"width":1920,"height":78},"backgroundColor":"#66000000","contentColor":"#E5FFFFFF"}
03-07 14:26:41.101  1080  1080 D A0001a/SystemUI_Default: NavigationBarViewModel --> onTintStateChange, tintState: {"isEnable":true,"region":{"left":0,"top":1002,"width":1920,"height":78},"backgroundColor":"#66000000","contentColor":"#E5FFFFFF"}
03-07 14:26:41.101  1080  1080 D A0001a/SystemUI_Default: NavigationBarViewModel --> setWindowEnable, isEnable true
03-07 14:26:41.102  1080  1080 D A0001a/SystemUI_Default: NavigationBarViewModel --> onTintStateChange, backgroundColor #66000000,
03-07 14:26:41.102  1080  1080 D A0001a/SystemUI_Default:       contentColor #E5FFFFFF
03-07 14:26:41.164  7517  7517 I A03d00/JSAPP: [AnyChat] initPreviewFrame imageBuffer len:12
03-07 14:26:41.254  7517  7517 I A00000/testTag: Ability onBackground
03-07 14:26:41.270  7517  7517 I A03d00/JSAPP: This Page is onPageHide
03-07 14:26:41.280  1692  1692 I A0001b/Launcher_Default: SmartDockModel --> onMissionSnapshotChangedCallback, missionId=38
03-07 14:26:41.280  1692  1692 D A0001b/Launcher_Default: SmartDockModel --> getRecentDataList start!
03-07 14:26:41.291  1692  1692 D A0001b/Launcher_Default: AmsMissionManager --> getOriginRecentMissionsList res.length: 2
03-07 14:26:41.292  1692  1692 I A0001b/Launcher_Default: AmsMissionManager --> getRecentMissionsList recentMissionsList length: 2
03-07 14:26:41.292  1692  1692 D A0001b/Launcher_Default: SmartDockModel --> getRecentMissionsList length: 2
03-07 14:26:41.353  7517  7517 I A03d00/JSAPP: [AnyChat] preview onDestroy
03-07 14:26:41.372  7517  7517 I A03d00/JSAPP: AnyChat closePlayAndPush start. this.isCalling:false
03-07 14:26:41.498 27523 27523 I A00200/CameraApp: [EventBus]: on event = "MAIN_TO_WORKER"  undefined
03-07 14:26:41.498 27523 27523 I A00200/CameraApp: [EventBus]: on event = "MAIN_TO_WORKER"  {}
03-07 14:26:41.498 27523 27523 I A00200/CameraApp: [CameraWorker]: build new CameraWorker.
03-07 14:26:41.507 27523 27523 I A00200/CameraApp: [SettingManager]: getInstance
03-07 14:26:41.508 27523 27523 I A00200/CameraApp: [SettingManager]: getInstance 'build new SettingManager
03-07 14:26:41.508 27523 27523 I A00200/CameraApp: [PlaySound]: constructor start, enroll playCapture to ACTION_CAPTURE
03-07 14:26:41.508 27523 27523 I A00200/CameraApp: [EventBus]: on event = "ACTION_CAPTURE"  undefined
