03-07 14:27:37.999 28183 28196 D A0ff00/[Sample_DistributedMusicPlayer]: Index, grantPermission,requestPermissionsFromUser,result.requestCode=undefined
03-07 14:27:38.013 28220 28220 I A03d00/JSAPP: PermissionManager_Log: ServiceExtensionAbility onDestroy.
03-07 14:27:40.071  1080  1080 I A0001a/SystemUI_Default: VolumePanelModel --> onVolumeChange
03-07 14:27:40.072  1080  1080 I A0001a/SystemUI_Default: VolumePanelModel --> isMute, volumeType: 0
03-07 14:27:40.072  1080  1080 D A0001a/SystemUI_Default: VolumePanelModel --> addInterfaceCallQueue, interfaceName: 0 params: [0]
03-07 14:27:40.072  1080  1080 I A0001a/SystemUI_Default: VolumePanelModel --> execInterfaceCallQueueFirst, 1
03-07 14:27:40.073  1080  1080 I A0001a/SystemUI_Default: VolumePanelModel --> onVolumeChange
03-07 14:27:40.074  1080  1080 I A0001a/SystemUI_Default: VolumePanelModel --> isMute, volumeType: 2
03-07 14:27:40.074  1080  1080 D A0001a/SystemUI_Default: VolumePanelModel --> addInterfaceCallQueue, interfaceName: 0 params: [2]
03-07 14:27:40.075  1080  1080 I A0001a/SystemUI_Default: VolumePanelModel --> onVolumeChange
03-07 14:27:40.075  1080  1080 I A0001a/SystemUI_Default: VolumePanelModel --> isMute, volumeType: 3
03-07 14:27:40.075  1080  1080 D A0001a/SystemUI_Default: VolumePanelModel --> addInterfaceCallQueue, interfaceName: 0 params: [3]
03-07 14:27:40.075  1080  1080 I A0001a/SystemUI_Default: VolumePanelModel --> onVolumeChange
03-07 14:27:40.075  1080  1080 I A0001a/SystemUI_Default: VolumePanelModel --> isMute, volumeType: undefined
03-07 14:27:40.075  1080  1080 D A0001a/SystemUI_Default: VolumePanelModel --> addInterfaceCallQueue, interfaceName: 0 params: [null]
03-07 14:27:40.076  1080  1080 I A0001a/SystemUI_Default: VolumePanelModel --> execInterfaceCallQueueFirst, isMute callback
03-07 14:27:40.076  1080  1080 I A0001a/SystemUI_Default: VolumePanelModel --> execInterfaceCallQueueNext, 4
03-07 14:27:40.076  1080  1080 I A0001a/SystemUI_Default: VolumePanelModel --> execInterfaceCallQueueFirst, 3
03-07 14:27:40.076  1080  1080 I A0001a/SystemUI_Default: VolumePanelModel --> isMute, err: undefined data: false
03-07 14:27:40.076  1080  1080 I A0001a/SystemUI_Default: VolumePanelModel --> onVolumeChange->isMute, volumeType2: 0 data2: false
03-07 14:27:40.076  1080  1080 D A0001a/SystemUI_Default: VolumeWindowController --> updateVolumeInfo, volumeInfo: {"volumeType":0,"volume":7,"isMute":false,"updateUi":true} 
03-07 14:27:40.076  1080  1080 I A0001a/SystemUI_Default: VolumeWindowController --> setWindowState true.
03-07 14:27:40.077  1080  1080 I A0001a/SystemUI_Default: Systemui:Trace --> start trace 10000
03-07 14:27:40.077  1080  1080 I A0001a/SystemUI_Default: VolumePanelVM --> updateVolumeInfo, volumeInfo: {"volumeType":0,"volume":7,"isMute":false,"updateUi":true} , mCurrentAudioVolumeType: 9
03-07 14:27:40.078  1080  1080 I A0001a/SystemUI_Default: VolumePanelVM --> updateVolumeInfo, mMaxVolume: 15 , mMinVolume: 1
03-07 14:27:40.078  1080  1080 I A0001a/SystemUI_Default: VolumePanelVM --> updateVolumeInfo, mCurrentAudioVolume: 7 , mCurrentAudioVolumeType: 0
03-07 14:27:40.078  1080  1080 I A0001a/SystemUI_Default: VolumePanelVM --> updateVolumeInfo, mIsMute: false 
03-07 14:27:40.078  1080  1080 I A0001a/SystemUI_Default: VolumePanelVM --> updateDisplayVolume, volume: 7 maxVolume: 15 minVolume: 1
03-07 14:27:40.078  1080  1080 I A0001a/SystemUI_Default: VolumePanelVM --> updateDisplayVolume, mVolumeValue: 8
03-07 14:27:40.079  1080  1080 I A0001a/SystemUI_Default: VolumePanelModel --> onVolumeChange
03-07 14:27:40.079  1080  1080 I A0001a/SystemUI_Default: VolumePanelModel --> isMute, volumeType: 9
03-07 14:27:40.079  1080  1080 D A0001a/SystemUI_Default: VolumePanelModel --> addInterfaceCallQueue, interfaceName: 0 params: [9]
03-07 14:27:40.079  1080  1080 I A0001a/SystemUI_Default: VolumePanelModel --> onVolumeChange
03-07 14:27:40.079  1080  1080 I A0001a/SystemUI_Default: VolumePanelModel --> isMute, volumeType: undefined
03-07 14:27:40.080  1080  1080 D A0001a/SystemUI_Default: VolumePanelModel --> addInterfaceCallQueue, interfaceName: 0 params: [null]
03-07 14:27:40.080  1080  1080 I A0001a/SystemUI_Default: VolumePanelModel --> onVolumeChange
03-07 14:27:40.080  1080  1080 I A0001a/SystemUI_Default: VolumePanelModel --> isMute, volumeType: undefined
03-07 14:27:40.080  1080  1080 D A0001a/SystemUI_Default: VolumePanelModel --> addInterfaceCallQueue, interfaceName: 0 params: [null]
03-07 14:27:40.087  1080  1080 I A0001a/SystemUI_Default: Systemui:Trace --> end trace 10000
03-07 14:27:40.087  1080  1080 I A0001a/SystemUI_Default: VolumeWindowController --> updateShowStatus true.
03-07 14:27:40.087  1080  1080 I A0001a/SystemUI_Default: VolumePanelModel --> execInterfaceCallQueueFirst, isMute callback
03-07 14:27:40.087  1080  1080 I A0001a/SystemUI_Default: VolumePanelModel --> execInterfaceCallQueueNext, 6
03-07 14:27:40.087  1080  1080 I A0001a/SystemUI_Default: VolumePanelModel --> execInterfaceCallQueueFirst, 5
03-07 14:27:40.088  1080  1080 I A0001a/SystemUI_Default: VolumePanelModel --> isMute, err: undefined data: false
03-07 14:27:40.088  1080  1080 I A0001a/SystemUI_Default: VolumePanelModel --> onVolumeChange->isMute, volumeType2: 2 data2: false
03-07 14:27:40.088  1080  1080 D A0001a/SystemUI_Default: VolumeWindowController --> updateVolumeInfo, volumeInfo: {"volumeType":2,"volume":7,"isMute":false,"updateUi":true} 
03-07 14:27:40.088  1080  1080 I A0001a/SystemUI_Default: VolumeWindowController --> setWindowState true.
03-07 14:27:40.088  1080  1080 I A0001a/SystemUI_Default: Systemui:Trace --> start trace 10000
03-07 14:27:40.088  1080  1080 I A0001a/SystemUI_Default: VolumeWindowController --> Neen't set volueme window state.
03-07 14:27:40.089  1080  1080 I A0001a/SystemUI_Default: VolumePanelVM --> updateVolumeInfo, volumeInfo: {"volumeType":2,"volume":7,"isMute":false,"updateUi":true} , mCurrentAudioVolumeType: 0
03-07 14:27:40.089  1080  1080 I A0001a/SystemUI_Default: VolumePanelVM --> updateVolumeInfo, mMaxVolume: 15 , mMinVolume: 0
03-07 14:27:40.089  1080  1080 I A0001a/SystemUI_Default: VolumePanelVM --> updateVolumeInfo, mCurrentAudioVolume: 7 , mCurrentAudioVolumeType: 2
03-07 14:27:40.089  1080  1080 I A0001a/SystemUI_Default: VolumePanelVM --> updateVolumeInfo, mIsMute: false 
03-07 14:27:40.090  1080  1080 I A0001a/SystemUI_Default: VolumePanelVM --> updateDisplayVolume, volume: 7 maxVolume: 15 minVolume: 0
03-07 14:27:40.090  1080  1080 I A0001a/SystemUI_Default: VolumePanelVM --> updateDisplayVolume, mVolumeValue: 7
03-07 14:27:40.090  1080  1080 I A0001a/SystemUI_Default: VolumePanelModel --> execInterfaceCallQueueFirst, isMute callback
03-07 14:27:40.090  1080  1080 I A0001a/SystemUI_Default: VolumePanelModel --> execInterfaceCallQueueNext, 5
03-07 14:27:40.090  1080  1080 I A0001a/SystemUI_Default: VolumePanelModel --> execInterfaceCallQueueFirst, 4
03-07 14:27:40.091  1080  1080 I A0001a/SystemUI_Default: VolumePanelModel --> isMute, err: undefined data: false
03-07 14:27:40.091  1080  1080 I A0001a/SystemUI_Default: VolumePanelModel --> onVolumeChange->isMute, volumeType2: 3 data2: false
03-07 14:27:40.091  1080  1080 D A0001a/SystemUI_Default: VolumeWindowController --> updateVolumeInfo, volumeInfo: {"volumeType":3,"volume":7,"isMute":false,"updateUi":true} 
03-07 14:27:40.091  1080  1080 I A0001a/SystemUI_Default: VolumeWindowController --> setWindowState true.
03-07 14:27:40.091  1080  1080 I A0001a/SystemUI_Default: Systemui:Trace --> start trace 10000
03-07 14:27:40.091  1080  1080 I A0001a/SystemUI_Default: VolumeWindowController --> Neen't set volueme window state.
03-07 14:27:40.092  1080  1080 I A0001a/SystemUI_Default: VolumePanelVM --> updateVolumeInfo, volumeInfo: {"volumeType":3,"volume":7,"isMute":false,"updateUi":true} , mCurrentAudioVolumeType: 2
03-07 14:27:40.092  1080  1080 I A0001a/SystemUI_Default: VolumePanelVM --> updateVolumeInfo, mMaxVolume: 15 , mMinVolume: 0
03-07 14:27:40.092  1080  1080 I A0001a/SystemUI_Default: VolumePanelVM --> updateVolumeInfo, mCurrentAudioVolume: 7 , mCurrentAudioVolumeType: 3
03-07 14:27:40.092  1080  1080 I A0001a/SystemUI_Default: VolumePanelVM --> updateVolumeInfo, mIsMute: false 
03-07 14:27:40.092  1080  1080 I A0001a/SystemUI_Default: VolumePanelVM --> updateDisplayVolume, volume: 7 maxVolume: 15 minVolume: 0
03-07 14:27:40.092  1080  1080 I A0001a/SystemUI_Default: VolumePanelVM --> updateDisplayVolume, mVolumeValue: 7
03-07 14:27:40.093  1080  1080 I A0001a/SystemUI_Default: VolumePanelModel --> execInterfaceCallQueueFirst, isMute callback
03-07 14:27:40.093  1080  1080 I A0001a/SystemUI_Default: VolumePanelModel --> execInterfaceCallQueueNext, 4
03-07 14:27:40.093  1080  1080 I A0001a/SystemUI_Default: VolumePanelModel --> execInterfaceCallQueueFirst, 3
03-07 14:27:40.093  1080  1080 I A0001a/SystemUI_Default: VolumePanelModel --> isMute, err: Error: invalid parameter data: undefined
03-07 14:27:40.095  1080  1080 I A0001a/SystemUI_Default: VolumePanel-VolumePanelComponent --> getVolumeIcon, isMute: false volume: 7 maxVolume: 15 minVolume: 0
03-07 14:27:40.096  1080  1080 I A0001a/SystemUI_Default: VolumePanelModel --> execInterfaceCallQueueFirst, isMute callback
03-07 14:27:40.096  1080  1080 I A0001a/SystemUI_Default: VolumePanelModel --> execInterfaceCallQueueNext, 3
03-07 14:27:40.097  1080  1080 I A0001a/SystemUI_Default: VolumePanelModel --> execInterfaceCallQueueFirst, 2
03-07 14:27:40.097  1080  1080 I A0001a/SystemUI_Default: VolumePanelModel --> isMute, err: undefined data: false
03-07 14:27:40.097  1080  1080 I A0001a/SystemUI_Default: VolumePanelModel --> onVolumeChange->isMute, volumeType2: 9 data2: false
03-07 14:27:40.097  1080  1080 D A0001a/SystemUI_Default: VolumeWindowController --> updateVolumeInfo, volumeInfo: {"volumeType":9,"volume":7,"isMute":false,"updateUi":true} 
03-07 14:27:40.097  1080  1080 I A0001a/SystemUI_Default: VolumeWindowController --> setWindowState true.
03-07 14:27:40.097  1080  1080 I A0001a/SystemUI_Default: Systemui:Trace --> start trace 10000
03-07 14:27:40.097  1080  1080 I A0001a/SystemUI_Default: VolumeWindowController --> Neen't set volueme window state.
03-07 14:27:40.098  1080  1080 I A0001a/SystemUI_Default: VolumePanelVM --> updateVolumeInfo, volumeInfo: {"volumeType":9,"volume":7,"isMute":false,"updateUi":true} , mCurrentAudioVolumeType: 3
03-07 14:27:40.098  1080  1080 I A0001a/SystemUI_Default: VolumePanelVM --> updateVolumeInfo, mMaxVolume: 15 , mMinVolume: 1
03-07 14:27:40.098  1080  1080 I A0001a/SystemUI_Default: VolumePanelVM --> updateVolumeInfo, mCurrentAudioVolume: 7 , mCurrentAudioVolumeType: 9
03-07 14:27:40.098  1080  1080 I A0001a/SystemUI_Default: VolumePanelVM --> updateVolumeInfo, mIsMute: false 
03-07 14:27:40.099  1080  1080 I A0001a/SystemUI_Default: VolumePanelVM --> updateDisplayVolume, volume: 7 maxVolume: 15 minVolume: 1
03-07 14:27:40.099  1080  1080 I A0001a/SystemUI_Default: VolumePanelVM --> updateDisplayVolume, mVolumeValue: 8
03-07 14:27:40.101  1080  1080 I A0001a/SystemUI_Default: VolumePanelModel --> execInterfaceCallQueueFirst, isMute callback
03-07 14:27:40.101  1080  1080 I A0001a/SystemUI_Default: VolumePanelModel --> execInterfaceCallQueueNext, 2
03-07 14:27:40.101  1080  1080 I A0001a/SystemUI_Default: VolumePanelModel --> execInterfaceCallQueueFirst, 1
03-07 14:27:40.101  1080  1080 I A0001a/SystemUI_Default: VolumePanelModel --> isMute, err: Error: invalid parameter data: undefined
03-07 14:27:40.103  1080  1080 I A0001a/SystemUI_Default: VolumePanel-VolumePanelComponent --> getVolumeIcon, isMute: false volume: 8 maxVolume: 15 minVolume: 1
03-07 14:27:40.106  1080  1080 I A0001a/SystemUI_Default: VolumePanelModel --> execInterfaceCallQueueFirst, isMute callback
03-07 14:27:40.106  1080  1080 I A0001a/SystemUI_Default: VolumePanelModel --> execInterfaceCallQueueNext, 1
03-07 14:27:40.107  1080  1080 I A0001a/SystemUI_Default: VolumePanelModel --> isMute, err: Error: invalid parameter data: undefined
03-07 14:27:41.474  1080  1080 D A0001a/SystemUI_Default: TintStateManager --> onSystemBarTintChange, data: {"displayId":0,"regionTint":[{"type":12,"isEnable":true,"backgroundColor":"#66000000","contentColor":"#E5FFFFFF","region":{"left":0,"top":0,"width":0,"height":0}}]}
03-07 14:27:41.481  1080  1080 I A0001a/SystemUI_Default: StatusBarVM --> changeBackground, data: {"backgroundColor":"#00FFFFFF","width":1920}
03-07 14:27:41.481  1080  1080 I A0001a/SystemUI_Default: StatusBarVM --> changeContent, contentColor: #E5FFFFFF region: {"left":0,"top":0,"width":1920,"height":78}
03-07 14:27:41.482  1080  1080 I A0001a/SystemUI_Default: StatusBarVM --> changeContent, data: {"contentColor":"#E5FFFFFF","width":1920}
03-07 14:27:41.482  1080  1080 I A0001a/SystemUI_Default: StatusBarVM --> changeComponentContent, id battery area: {"left":1801,"top":0,"width":-1,"height":78}
03-07 14:27:41.482  1080  1080 I A0001a/SystemUI_Default: StatusBarVM --> setComponentContent, id battery contentColor: #E5FFFFFF
03-07 14:27:41.482  1080  1080 I A0001a/SystemUI_Default: StatusBarVM --> changeComponentContent, id signal area: {"left":1802,"top":0,"width":-1,"height":78}
03-07 14:27:41.485  1080  1080 I A0001a/SystemUI_Default: StatusBarVM --> changeComponentContent, id capsule area: {"left":111,"top":0,"width":-1,"height":78}
03-07 14:27:41.485  1080  1080 I A0001a/SystemUI_Default: StatusBarVM --> setComponentContent, id capsule contentColor: #E5FFFFFF
03-07 14:27:41.485  1080  1080 I A0001a/SystemUI_Default: StatusBarVM --> changeComponentContent, id systemui_controlpanel area: {"left":1860,"top":0,"width":60,"height":78}
03-07 14:27:41.486  1080  1080 I A0001a/SystemUI_Default: StatusBarVM --> resetWindow, id systemui_controlpanel contentColor: {"left":1860,"top":0,"width":60,"height":78}
03-07 14:27:41.486  1080  1080 D A0001a/SystemUI_Default: AbilityManager --> getAbilityData, abilityName: SystemUi_ControlPanel key: rect 
03-07 14:27:41.486  1080  1080 I A0001a/SystemUI_Default: StatusBarVM --> id systemui_controlpanel initRect: {"left":1317,"top":78,"width":603,"height":517.5}
03-07 14:27:41.486  1080  1080 D A0001a/SystemUI_Default: AbilityManager --> setAbilityData, abilityName: SystemUi_ControlPanel key: rect data: {"left":1317,"top":78,"width":603,"height":517.5}
03-07 14:27:41.486  1080  1080 I A0001a/SystemUI_Default: WindowManager --> moveTo window[SystemUi_ControlPanel] success, rect: {"left":1317,"top":78,"width":603,"height":517.5}.
03-07 14:27:41.487  1080  1080 I A0001a/SystemUI_Default: StatusBarVM --> setComponentContent, id systemui_controlpanel contentColor: #E5FFFFFF
03-07 14:27:41.487  1080  1080 I A0001a/SystemUI_Default: StatusBarVM --> changeComponentContent, id systemui_notificationpanel area: {"left":1800,"top":0,"width":60,"height":78}
03-07 14:27:41.488  1080  1080 I A0001a/SystemUI_Default: StatusBarVM --> resetWindow, id systemui_notificationpanel contentColor: {"left":1800,"top":0,"width":60,"height":78}
03-07 14:27:41.488  1080  1080 D A0001a/SystemUI_Default: AbilityManager --> getAbilityData, abilityName: SystemUi_NotificationPanel key: rect 
03-07 14:27:41.488  1080  1080 I A0001a/SystemUI_Default: StatusBarVM --> id systemui_notificationpanel initRect: {"left":1257,"top":78,"width":603,"height":571.5}
03-07 14:27:41.488  1080  1080 D A0001a/SystemUI_Default: AbilityManager --> setAbilityData, abilityName: SystemUi_NotificationPanel key: rect data: {"left":1257,"top":78,"width":603,"height":571.5}
03-07 14:27:41.489  1080  1080 I A0001a/SystemUI_Default: WindowManager --> moveTo window[SystemUi_NotificationPanel] success, rect: {"left":1257,"top":78,"width":603,"height":571.5}.
03-07 14:27:41.490  1080  1080 I A0001a/SystemUI_Default: StatusBarVM --> setComponentContent, id systemui_notificationpanel contentColor: #E5FFFFFF
03-07 14:27:41.490  1080  1080 D A0001a/SystemUI_Default: TintStateManager --> onSystemBarTintChange, type: navigation
03-07 14:27:41.490  1080  1080 D A0001a/SystemUI_Default: TintStateManager --> tintState: {"isEnable":true,"region":{"left":0,"top":1002,"width":1920,"height":78},"backgroundColor":"#00FFFFFF","contentColor":"#E5FFFFFF"}
03-07 14:27:41.491  1080  1080 D A0001a/SystemUI_Default: NavigationBarViewModel --> onTintStateChange, tintState: {"isEnable":true,"region":{"left":0,"top":1002,"width":1920,"height":78},"backgroundColor":"#00FFFFFF","contentColor":"#E5FFFFFF"}
03-07 14:27:41.491  1080  1080 D A0001a/SystemUI_Default: NavigationBarViewModel --> setWindowEnable, isEnable true
03-07 14:27:41.492  1080  1080 D A0001a/SystemUI_Default: NavigationBarViewModel --> onTintStateChange, backgroundColor #00FFFFFF,
03-07 14:27:41.492  1080  1080 D A0001a/SystemUI_Default:       contentColor #E5FFFFFF
03-07 14:27:41.518  1692  1692 D A0001b/Launcher_Default: LocalEventManager --> sendLocalEventSticky, send local event sticky, params: null
03-07 14:27:41.518  1692  1692 I A0001b/Launcher_Default: LocalEventManager --> sendLocalEvent event: "launcher.event.REQUEST_FORM_ITEM_VISIBLE"
03-07 14:27:41.518  1692  1692 D A0001b/Launcher_Default: LocalEventManager --> sendLocalEvent listenerList length: 1
03-07 14:27:41.518  1692  1692 D A0001b/Launcher_Default: PageDesktopViewModel --> localEventListener receive event: launcher.event.REQUEST_FORM_ITEM_VISIBLE, params: null
03-07 14:27:41.519  1692  1692 I A0001b/Launcher_Default: LauncherMainAbility --> lifeCycleEvent change: 2
03-07 14:27:41.524 28183 28196 I A0c0d0/JSApp: app Log: Application onDestroy
03-07 14:27:41.536 28183 28196 I A0ff00/[Sample_DistributedMusicPlayer]: Index, onHide isDialogShowing=false
03-07 14:27:41.562  1080  1080 D A0001a/SystemUI_Default: TintStateManager --> onSystemBarTintChange, data: {"displayId":0,"regionTint":[{"type":12,"isEnable":true,"backgroundColor":"#66000000","contentColor":"#E5FFFFFF","region":{"left":0,"top":0,"width":0,"height":0}}]}
03-07 14:27:41.563  1080  1080 D A0001a/SystemUI_Default: TintStateManager --> onSystemBarTintChange, type: undefined
03-07 14:27:41.571  1692  1692 I A0001b/Launcher_Default: SmartDockModel --> onMissionClosedCallback, missionId=42
03-07 14:27:41.571  1692  1692 D A0001b/Launcher_Default: SmartDockModel --> getRecentDataList start!
03-07 14:27:41.586  1692  1692 I A0001b/Launcher_Default: AmsMissionManager --> getRecentMissionsList recentMissionsList length: 5
03-07 14:27:43.080  1080  1080 I A0001a/SystemUI_Default: VolumeWindowController --> check need hide window or not.
03-07 14:27:43.089  1080  1080 I A0001a/SystemUI_Default: VolumeWindowController --> check need hide window or not.
03-07 14:27:43.091  1080  1080 I A0001a/SystemUI_Default: VolumeWindowController --> check need hide window or not.
03-07 14:27:43.098  1080  1080 I A0001a/SystemUI_Default: VolumeWindowController --> check need hide window or not.
03-07 14:27:43.098  1080  1080 I A0001a/SystemUI_Default: VolumeWindowController --> setWindowState false.
03-07 14:27:43.111  1080  1080 I A0001a/SystemUI_Default: VolumeWindowController --> updateShowStatus false.
03-07 14:27:43.179  1692  1692 D A0001b/Launcher_Default: AppItem --> onTouch event type: 0, x: 51.333333333333336, y: 112.66666666666667
03-07 14:27:43.183  1692  1692 D A0001b/Launcher_Default: AppItem --> onTouch event type: 1, x: 51.333333333333336, y: 112.66666666666667
03-07 14:27:43.183  1692  1692 I A0001b/Launcher_Default: AppItem --> tap action {"displayX":51.333333333333336,"displayY":112.66666666666667,"windowX":51.333333333333336,"windowY":112.66666666666667,"screenX":51.333333333333336,"screenY":112.66666666666667,"x":39.333333333333336,"y":29.089742024739582,"timestamp":245112003652000,"source":2,"pressure":1,"tiltX":0,"tiltY":0,"sourceTool":1,"target":{"area":{"position":{"x":0,"y":0},"globalPosition":{"x":12,"y":83.57691955566406},"width":80,"height":80}}}
03-07 14:27:43.183  1692  1692 I A0001b/Launcher_Default: AppItem --> tap click
03-07 14:27:43.184  1692  1692 D A0001b/Launcher_Default: L:Trace --> start trace taskId: 10000
03-07 14:27:43.184  1692  1692 I A0001b/Launcher_Default: AppItem --> app setStartAppInfo 54
03-07 14:27:43.184  1692  1692 D A0001b/Launcher_Default: L:Trace --> start trace taskId: 10001
03-07 14:27:43.184  1692  1692 D A0001b/Launcher_Default: BaseRemoteAnimationHandler --> setAppIconSize appIconSize is 54 , appIconHeight is undefined
03-07 14:27:43.184  1692  1692 I A0001b/Launcher_Default: PageDesktopStartAppHandler --> calculateAppIconPosition called!!
03-07 14:27:43.184  1692  1692 D A0001b/Launcher_Default: BaseRemoteAnimationHandler --> setAppIconInfo appIconSize is 54 , appIconHeight is undefined ,
03-07 14:27:43.184  1692  1692 D A0001b/Launcher_Default:       appIconPositionX 25 , appIconPositionY 91.57692307692307
03-07 14:27:43.184  1692  1692 D A0001b/Launcher_Default: L:Trace --> end trace taskId: 10001
03-07 14:27:43.184  1692  1692 D A0001b/Launcher_Default: LauncherAbilityManager --> startApplication abilityName: EntryAbility, bundleName: com.example.otatest, moduleName entry
03-07 14:27:43.184  1692  1692 I A03d00/JSAPP: startAbility
03-07 14:27:43.191  1692  1692 D A0001b/Launcher_Default: LauncherAbilityManager --> startApplication hiSysEvent write success: 0
03-07 14:27:43.216  1692  1692 D A0001b/Launcher_Default: LauncherAbilityManager --> startApplication promise success
03-07 14:27:43.346 28355 28355 I A03d00/JSAPP: Callee constructor is OK string
03-07 14:27:43.346 28355 28355 I A03d00/JSAPP: Ability::constructor callee is object [object Object]
03-07 14:27:43.362 28355 28355 I A00000/testTag: Ability onCreate
03-07 14:27:43.380 28355 28355 I A00000/testTag: Ability onWindowStageCreate
03-07 14:27:43.384  1080  1080 D A0001a/SystemUI_Default: TintStateManager --> onSystemBarTintChange, data: {"displayId":0,"regionTint":[{"type":12,"isEnable":false,"backgroundColor":"#66000000","contentColor":"#E5FFFFFF","region":{"left":0,"top":0,"width":0,"height":0}}]}
03-07 14:27:43.388 28355 28355 I A00000/testTag: Ability onForeground
03-07 14:27:43.397  1692  1692 D A0001b/Launcher_Default: LocalEventManager --> sendLocalEventSticky, send local event sticky, params: null
03-07 14:27:43.397  1692  1692 I A0001b/Launcher_Default: LocalEventManager --> sendLocalEvent event: "launcher.event.REQUEST_FORM_ITEM_VISIBLE"
03-07 14:27:43.397  1692  1692 D A0001b/Launcher_Default: LocalEventManager --> sendLocalEvent listenerList length: 1
03-07 14:27:43.397  1692  1692 D A0001b/Launcher_Default: PageDesktopViewModel --> localEventListener receive event: launcher.event.REQUEST_FORM_ITEM_VISIBLE, params: null
03-07 14:27:43.403  1692  1692 I A0001b/Launcher_Default: LauncherMainAbility --> lifeCycleEvent change: 3
03-07 14:27:43.409  1080  1080 D A0001a/SystemUI_Default: TintStateManager --> onSystemBarTintChange, type: undefined
03-07 14:27:43.409  1080  1080 D A0001a/SystemUI_Default: TintStateManager --> onSystemBarTintChange, data: {"displayId":0,"regionTint":[{"type":3,"isEnable":true,"backgroundColor":"#66000000","contentColor":"#E5FFFFFF","region":{"left":0,"top":0,"width":1920,"height":78}},{"type":7,"isEnable":true,"backgroundColor":"#66000000","contentColor":"#E5FFFFFF","region":{"left":0,"top":1002,"width":1920,"height":78}}]}
03-07 14:27:43.410  1080  1080 D A0001a/SystemUI_Default: TintStateManager --> onSystemBarTintChange, type: status
03-07 14:27:43.410  1080  1080 D A0001a/SystemUI_Default: TintStateManager --> tintState: {"isEnable":true,"region":{"left":0,"top":0,"width":1920,"height":78},"backgroundColor":"#66000000","contentColor":"#E5FFFFFF"}
03-07 14:27:43.410  1080  1080 I A0001a/SystemUI_Default: StatusBarVM --> onTintStateChange, tintState: {"isEnable":true,"region":{"left":0,"top":0,"width":1920,"height":78},"backgroundColor":"#66000000","contentColor":"#E5FFFFFF"}
03-07 14:27:43.410  1080  1080 I A0001a/SystemUI_Default: StatusBarVM --> setStatusBarEnable, isEnable true
03-07 14:27:43.410  1080  1080 I A0001a/SystemUI_Default: StatusBarVM --> changeBackground, backgroundColor: #66000000 region: {"left":0,"top":0,"width":1920,"height":78}
03-07 14:27:43.411  1080  1080 I A0001a/SystemUI_Default: StatusBarVM --> changeBackground, data: {"backgroundColor":"#66000000","width":1920}
03-07 14:27:43.413  1080  1080 I A0001a/SystemUI_Default: StatusBarVM --> changeContent, contentColor: #E5FFFFFF region: {"left":0,"top":0,"width":1920,"height":78}
03-07 14:27:43.414  1080  1080 I A0001a/SystemUI_Default: StatusBarVM --> changeContent, data: {"contentColor":"#E5FFFFFF","width":1920}
03-07 14:27:43.414  1080  1080 I A0001a/SystemUI_Default: StatusBarVM --> changeComponentContent, id battery area: {"left":1801,"top":0,"width":-1,"height":78}
03-07 14:27:43.414  1080  1080 I A0001a/SystemUI_Default: StatusBarVM --> setComponentContent, id battery contentColor: #E5FFFFFF
03-07 14:27:43.414  1080  1080 I A0001a/SystemUI_Default: StatusBarVM --> changeComponentContent, id signal area: {"left":1802,"top":0,"width":-1,"height":78}
03-07 14:27:43.415  1080  1080 I A0001a/SystemUI_Default: StatusBarVM --> setComponentContent, id signal contentColor: #E5FFFFFF
03-07 14:27:43.415  1080  1080 I A0001a/SystemUI_Default: StatusBarVM --> changeComponentContent, id wifi area: {"left":1802,"top":0,"width":0,"height":78}
03-07 14:27:43.415  1080  1080 I A0001a/SystemUI_Default: StatusBarVM --> setComponentContent, id wifi contentColor: #E5FFFFFF
03-07 14:27:43.415  1080  1080 I A0001a/SystemUI_Default: StatusBarVM --> changeComponentContent, id ring_mode area: {"left":1802,"top":0,"width":0,"height":78}
03-07 14:27:43.415  1080  1080 I A0001a/SystemUI_Default: StatusBarVM --> setComponentContent, id ring_mode contentColor: #E5FFFFFF
03-07 14:27:43.415  1080  1080 I A0001a/SystemUI_Default: StatusBarVM --> changeComponentContent, id bluetooth area: {"left":1748,"top":0,"width":54,"height":78}
03-07 14:27:43.415  1080  1080 I A0001a/SystemUI_Default: StatusBarVM --> setComponentContent, id bluetooth contentColor: #E5FFFFFF
03-07 14:27:43.415  1080  1080 I A0001a/SystemUI_Default: StatusBarVM --> changeComponentContent, id location area: {"left":1748,"top":0,"width":0,"height":78}
03-07 14:27:43.415  1080  1080 I A0001a/SystemUI_Default: StatusBarVM --> setComponentContent, id location contentColor: #E5FFFFFF
03-07 14:27:43.415  1080  1080 I A0001a/SystemUI_Default: StatusBarVM --> changeComponentContent, id notification area: {"left":110,"top":0,"width":0,"height":78}
03-07 14:27:43.415  1080  1080 I A0001a/SystemUI_Default: StatusBarVM --> setComponentContent, id notification contentColor: #E5FFFFFF
03-07 14:27:43.416  1080  1080 I A0001a/SystemUI_Default: StatusBarVM --> changeComponentContent, id clock area: {"left":0,"top":0,"width":111,"height":78}
03-07 14:27:43.416  1080  1080 I A0001a/SystemUI_Default: StatusBarVM --> setComponentContent, id clock contentColor: #E5FFFFFF
03-07 14:27:43.416  1080  1080 I A0001a/SystemUI_Default: StatusBarVM --> changeComponentContent, id capsule area: {"left":111,"top":0,"width":-1,"height":78}
03-07 14:27:43.416  1080  1080 I A0001a/SystemUI_Default: StatusBarVM --> setComponentContent, id capsule contentColor: #E5FFFFFF
03-07 14:27:43.416  1080  1080 I A0001a/SystemUI_Default: StatusBarVM --> changeComponentContent, id systemui_controlpanel area: {"left":1860,"top":0,"width":60,"height":78}
03-07 14:27:43.416  1080  1080 I A0001a/SystemUI_Default: StatusBarVM --> resetWindow, id systemui_controlpanel contentColor: {"left":1860,"top":0,"width":60,"height":78}
03-07 14:27:43.416  1080  1080 D A0001a/SystemUI_Default: AbilityManager --> getAbilityData, abilityName: SystemUi_ControlPanel key: rect 
03-07 14:27:43.417  1080  1080 I A0001a/SystemUI_Default: StatusBarVM --> id systemui_controlpanel initRect: {"left":1317,"top":78,"width":603,"height":517.5}
03-07 14:27:43.417  1080  1080 D A0001a/SystemUI_Default: AbilityManager --> setAbilityData, abilityName: SystemUi_ControlPanel key: rect data: {"left":1317,"top":78,"width":603,"height":517.5}
03-07 14:27:43.417  1080  1080 I A0001a/SystemUI_Default: WindowManager --> moveTo window[SystemUi_ControlPanel] success, rect: {"left":1317,"top":78,"width":603,"height":517.5}.
03-07 14:27:43.417  1080  1080 I A0001a/SystemUI_Default: StatusBarVM --> setComponentContent, id systemui_controlpanel contentColor: #E5FFFFFF
03-07 14:27:43.417  1080  1080 I A0001a/SystemUI_Default: StatusBarVM --> changeComponentContent, id systemui_notificationpanel area: {"left":1800,"top":0,"width":60,"height":78}
03-07 14:27:43.417  1080  1080 I A0001a/SystemUI_Default: StatusBarVM --> resetWindow, id systemui_notificationpanel contentColor: {"left":1800,"top":0,"width":60,"height":78}
03-07 14:27:43.417  1080  1080 D A0001a/SystemUI_Default: AbilityManager --> getAbilityData, abilityName: SystemUi_NotificationPanel key: rect 
03-07 14:27:43.432  1080  1080 I A0001a/SystemUI_Default: StatusBarVM --> id systemui_notificationpanel initRect: {"left":1257,"top":78,"width":603,"height":571.5}
03-07 14:27:43.447  1080  1080 D A0001a/SystemUI_Default: AbilityManager --> setAbilityData, abilityName: SystemUi_NotificationPanel key: rect data: {"left":1257,"top":78,"width":603,"height":571.5}
03-07 14:27:43.448  1080  1080 I A0001a/SystemUI_Default: WindowManager --> moveTo window[SystemUi_NotificationPanel] success, rect: {"left":1257,"top":78,"width":603,"height":571.5}.
03-07 14:27:43.448  1080  1080 I A0001a/SystemUI_Default: StatusBarVM --> setComponentContent, id systemui_notificationpanel contentColor: #E5FFFFFF
03-07 14:27:43.448  1080  1080 D A0001a/SystemUI_Default: TintStateManager --> onSystemBarTintChange, type: navigation
03-07 14:27:43.448  1080  1080 D A0001a/SystemUI_Default: TintStateManager --> tintState: {"isEnable":true,"region":{"left":0,"top":1002,"width":1920,"height":78},"backgroundColor":"#66000000","contentColor":"#E5FFFFFF"}
03-07 14:27:43.448  1080  1080 D A0001a/SystemUI_Default: NavigationBarViewModel --> onTintStateChange, tintState: {"isEnable":true,"region":{"left":0,"top":1002,"width":1920,"height":78},"backgroundColor":"#66000000","contentColor":"#E5FFFFFF"}
03-07 14:27:43.448  1080  1080 D A0001a/SystemUI_Default: NavigationBarViewModel --> setWindowEnable, isEnable true
03-07 14:27:43.450  1080  1080 D A0001a/SystemUI_Default: NavigationBarViewModel --> onTintStateChange, backgroundColor #66000000,
03-07 14:27:43.450  1080  1080 D A0001a/SystemUI_Default:       contentColor #E5FFFFFF
03-07 14:27:43.474 28355 28355 I A00000/testTag: Succeeded in loading the content. Data: 
03-07 14:27:43.500 28355 28355 I A03d00/JSAPP: [ServiceExtAbility]: OtaUpdateManager init.
03-07 14:27:43.515 28355 28355 I A03d00/JSAPP: [ServiceExtAbility]: OUC_DEMO getCurrVersion
03-07 14:27:43.521 28355 28355 I A03d00/JSAPP: get persist.otaservice.ip value err:14700101
03-07 14:27:43.658  1692  1692 I A0001b/Launcher_Default: SmartDockModel --> onMissionCreatedCallback, missionId=43
03-07 14:27:44.530 28355 28355 I A03d00/JSAPP: [ServiceExtAbility]: OUC_DEMO checkNewVersion
03-07 14:27:44.788 28355 28355 I A03d00/JSAPP: [ServiceExtAbility]: info osVersion = OpenHarmony-4.0.10.13
03-07 14:27:44.789 28355 28355 I A03d00/JSAPP: [ServiceExtAbility]: info deviceName = YH-H10M
03-07 14:27:44.789 28355 28355 I A03d00/JSAPP: [ServiceExtAbility]: info displayVersion = YH-H10MS01
03-07 14:27:44.790 28355 28355 I A03d00/JSAPP: [ServiceExtAbility]: OUC_DEMO getTaskInfo result: {"existTask":0}
03-07 14:27:44.792 28355 28355 I A03d00/JSAPP: [ServiceExtAbility]: OUC_DEMO checkNewVersion getNewVersionInfo: {"versionDigestInfo":{"versionDigest":""}}
03-07 14:27:44.808 28355 28355 I A03d00/JSAPP: [ServiceExtAbility]: OUC_DEMO checkNewVersion result: 0
03-07 14:27:44.809 28355 28355 I A03d00/JSAPP: [ServiceExtAbility]: OUC_DEMO checkNewVersion error: {}
03-07 14:27:46.824 28355 28355 I A03d00/JSAPP: [ServiceExtAbility]: policy downloadStrategy = 0
03-07 14:27:46.824 28355 28355 I A03d00/JSAPP: [ServiceExtAbility]: policy autoUpgradeStrategy = 0
03-07 14:27:46.824 28355 28355 I A03d00/JSAPP: policy downloadStrategy = 0
03-07 14:27:46.824 28355 28355 I A03d00/JSAPP: policy autoUpgradeStrategy = 0
03-07 14:27:54.648 28355 28355 I A03d00/JSAPP: set test.parameter.key value success :undefined
03-07 14:27:56.882   230   745 D C02d10/HiView-SysEventDocWriter: WriteContent: write content size=67, file=/data/log/hiview/sys_event_db/NETMANAGER/NET_CONN_MONITOR_STAT-4-MINOR-86396.db
03-07 14:27:56.882   361   879 I C015b0/NetConnManager: [FindBestNetworkForRequest-(net_conn_service.cpp:784)]FindBestNetworkForRequest Enter, request[2] is [ [NetSpecifier] ident_ =  [NetAllCapabilities] linkUpBandwidthKbps_ = 0 linkDownBandwidthKbps_ = 0 netCaps_ = NET_CAPABILITY_INTERNET NetBearType =]
03-07 14:27:56.882   361   879 D C015b0/NetConnManager: [FindBestNetworkForRequest-(net_conn_service.cpp:792)]supplier info, supplier[1003, eth0], realScore[40], isConnected[1]
03-07 14:27:56.882 27456 27456 D C01d05/accessibility_interface: [accessible_ability_channel_proxy.cpp(SearchElementInfoByAccessibilityId:66)]
03-07 14:27:56.882   361   879 I C015b0/NetConnManager: [MatchRequestAndNetwork-(net_activate.cpp:78)]MatchRequestAndNetwork enter, supplier[1003, eth0], request[2]
03-07 14:27:56.882   230   745 D C02d10/HiView-SysEventDbMgr: SaveToStore: save sys event 88044, NET_CONN_MONITOR_STAT
03-07 14:27:56.882   361   879 I C015b0/NetConnManager: [FindBestNetworkForRequest-(net_conn_service.cpp:805)]FindBestNetworkForRequest exit, bestScore[40], bestSupplier[1003, eth0]
03-07 14:27:56.882   361   879 D C015b0/NetConnManager: [FindBestNetworkForAllRequest-(net_conn_service.cpp:749)]Find best supplier[1003, eth0]for request[2]
03-07 14:27:56.882   230   745 D C02d10/HiView-HiviewEventReport: UpdatePluginStats pluginName=SysEventStore, procName=NET_CONN_MONITOR_STAT, time=366
03-07 14:27:56.882   361   879 I C015b0/NetConnManager: [SendBestScoreAllNetwork-(net_conn_service.cpp:921)]Send best supplier[1003]-score[40] to all supplier
03-07 14:27:56.882   361   879 I C015b0/NetConnManager: [ReceiveBestScore-(net_supplier.cpp:287)]Supplier[1003, eth0] receive best score, bestSupplierId[1003]
03-07 14:27:56.882   361   879 W C015b0/NetConnManager: [ReceiveBestScore-(net_supplier.cpp:289)]Same net supplier, no need to disconnect.
03-07 14:27:56.882   230   745 D C02d10/HiView-Monitor: CollectCostTime: onceTotalCnt_=260, onceTotalRealTime_=899524, onceTotalProcTime_=22393723, onceTotalWaitTime_=21494199, overRealTotalCount_=0, overProcessTotalCount_=5, finishedCount_=261
03-07 14:27:56.882   361   879 I C015b0/NetConnManager: [FindBestNetworkForRequest-(net_conn_service.cpp:784)]FindBestNetworkForRequest Enter, request[3] is [ [NetSpecifier] ident_ =  [NetAllCapabilities] linkUpBandwidthKbps_ = 0 linkDownBandwidthKbps_ = 0 netCaps_ = NET_CAPABILITY_INTERNET NetBearType =]
03-07 14:27:56.882   361   879 D C015b0/NetConnManager: [FindBestNetworkForRequest-(net_conn_service.cpp:792)]supplier info, supplier[1003, eth0], realScore[40], isConnected[1]
03-07 14:27:56.882   230   745 D C02d10/HiView-DecodedEvent: paramCnt is : 2.
03-07 14:27:56.882   361   879 I C015b0/NetConnManager: [MatchRequestAndNetwork-(net_activate.cpp:78)]MatchRequestAndNetwork enter, supplier[1003, eth0], request[3]
03-07 14:27:56.882   361   879 I C015b0/NetConnManager: [FindBestNetworkForRequest-(net_conn_service.cpp:805)]FindBestNetworkForRequest exit, bestScore[40], bestSupplier[1003, eth0]
03-07 14:27:56.882   361   879 D C015b0/NetConnManager: [FindBestNetworkForAllRequest-(net_conn_service.cpp:749)]Find best supplier[1003, eth0]for request[3]
03-07 14:27:56.882   361   879 I C015b0/NetConnManager: [SendBestScoreAllNetwork-(net_conn_service.cpp:921)]Send best supplier[1003]-score[40] to all supplier
03-07 14:27:56.882 27456 27456 D C01d05/accessibility_interface: [accessible_ability_channel_proxy.cpp(WriteInterfaceToken:35)]
03-07 14:27:56.882   361   879 I C015b0/NetConnManager: [ReceiveBestScore-(net_supplier.cpp:287)]Supplier[1003, eth0] receive best score, bestSupplierId[1003]
03-07 14:27:56.882   230   745 D C02d10/HiView-DecodedEvent: Decoded event: {"domain_":"NETMANAGER","name_":"NET_CONN_MONITOR_STAT","type_":4,"time_":1709792876877,"tz_":"+0800","pid_":361,"tid_":1454,"uid_":1099,"id_":"13976556178828465298","STATUS":1,"info_":""}.
03-07 14:27:56.882   361   879 W C015b0/NetConnManager: [ReceiveBestScore-(net_supplier.cpp:289)]Same net supplier, no need to disconnect.
03-07 14:27:56.882   361   879 I C015b0/NetConnManager: [FindBestNetworkForRequest-(net_conn_service.cpp:784)]FindBestNetworkForRequest Enter, request[4] is [ [NetSpecifier] ident_ =  [NetAllCapabilities] linkUpBandwidthKbps_ = 0 linkDownBandwidthKbps_ = 0 netCaps_ = NET_CAPABILITY_INTERNET NetBearType =]
03-07 14:27:56.882 27456 27456 D C01d05/accessibility_interface: [accessible_ability_channel_proxy.cpp(SendTransactCmd:47)]
03-07 14:27:56.882   361   879 D C015b0/NetConnManager: [FindBestNetworkForRequest-(net_conn_service.cpp:792)]supplier info, supplier[1003, eth0], realScore[40], isConnected[1]
03-07 14:27:56.882   361   879 I C015b0/NetConnManager: [MatchRequestAndNetwork-(net_activate.cpp:78)]MatchRequestAndNetwork enter, supplier[1003, eth0], request[4]
03-07 14:27:56.882   361   879 I C015b0/NetConnManager: [FindBestNetworkForRequest-(net_conn_service.cpp:805)]FindBestNetworkForRequest exit, bestScore[40], bestSupplier[1003, eth0]
03-07 14:27:56.882   361   879 D C015b0/NetConnManager: [FindBestNetworkForAllRequest-(net_conn_service.cpp:749)]Find best supplier[1003, eth0]for request[4]
03-07 14:27:56.882   361   879 I C015b0/NetConnManager: [SendBestScoreAllNetwork-(net_conn_service.cpp:921)]Send best supplier[1003]-score[40] to all supplier
03-07 14:27:56.882   361   879 I C015b0/NetConnManager: [ReceiveBestScore-(net_supplier.cpp:287)]Supplier[1003, eth0] receive best score, bestSupplierId[1003]
03-07 14:27:56.882   361   879 W C015b0/NetConnManager: [ReceiveBestScore-(net_supplier.cpp:289)]Same net supplier, no need to disconnect.
03-07 14:27:56.882   361   879 I C015b0/NetConnManager: [FindBestNetworkForRequest-(net_conn_service.cpp:784)]FindBestNetworkForRequest Enter, request[5] is [ [NetSpecifier] ident_ =  [NetAllCapabilities] linkUpBandwidthKbps_ = 0 linkDownBandwidthKbps_ = 0 netCaps_ = NET_CAPABILITY_INTERNET NetBearType =]
03-07 14:27:56.882   361   879 D C015b0/NetConnManager: [FindBestNetworkForRequest-(net_conn_service.cpp:792)]supplier info, supplier[1003, eth0], realScore[40], isConnected[1]
03-07 14:27:56.882   361   879 I C015b0/NetConnManager: [MatchRequestAndNetwork-(net_activate.cpp:78)]MatchRequestAndNetwork enter, supplier[1003, eth0], request[5]
03-07 14:27:56.882   361   879 I C015b0/NetConnManager: [FindBestNetworkForRequest-(net_conn_service.cpp:805)]FindBestNetworkForRequest exit, bestScore[40], bestSupplier[1003, eth0]
03-07 14:27:56.882   361   879 D C015b0/NetConnManager: [FindBestNetworkForAllRequest-(net_conn_service.cpp:749)]Find best supplier[1003, eth0]for request[5]
03-07 14:27:56.882   361   879 I C015b0/NetConnManager: [SendBestScoreAllNetwork-(net_conn_service.cpp:921)]Send best supplier[1003]-score[40] to all supplier
03-07 14:27:56.882   338  1156 D C01d05/accessibility_interface: [accessible_ability_channel_stub.cpp(OnRemoteRequest:63)]cmd = 400, flags= 0
03-07 14:27:56.882   361   879 I C015b0/NetConnManager: [ReceiveBestScore-(net_supplier.cpp:287)]Supplier[1003, eth0] receive best score, bestSupplierId[1003]
03-07 14:27:56.882   361   879 W C015b0/NetConnManager: [ReceiveBestScore-(net_supplier.cpp:289)]Same net supplier, no need to disconnect.
03-07 14:27:56.882   338  1156 D C01d05/accessibility_interface: [accessible_ability_channel_stub.cpp(HandleSearchElementInfoByAccessibilityId:85)]
03-07 14:27:56.882   361   879 I C015b0/NetConnManager: [FindBestNetworkForRequest-(net_conn_service.cpp:784)]FindBestNetworkForRequest Enter, request[6] is [ [NetSpecifier] ident_ =  [NetAllCapabilities] linkUpBandwidthKbps_ = 0 linkDownBandwidthKbps_ = 0 netCaps_ = NET_CAPABILITY_INTERNET NetBearType =]
03-07 14:27:56.882   361   879 D C015b0/NetConnManager: [FindBestNetworkForRequest-(net_conn_service.cpp:792)]supplier info, supplier[1003, eth0], realScore[40], isConnected[1]
03-07 14:27:56.882   361   879 I C015b0/NetConnManager: [MatchRequestAndNetwork-(net_activate.cpp:78)]MatchRequestAndNetwork enter, supplier[1003, eth0], request[6]
03-07 14:27:56.882   338  1156 I C01510/IPCObjectProxy: 58: handle = 59 create, descriptor: IPCObjectProxy59
03-07 14:27:56.882   361   879 I C015b0/NetConnManager: [FindBestNetworkForRequest-(net_conn_service.cpp:805)]FindBestNetworkForRequest exit, bestScore[40], bestSupplier[1003, eth0]
03-07 14:27:56.882   361   879 D C015b0/NetConnManager: [FindBestNetworkForAllRequest-(net_conn_service.cpp:749)]Find best supplier[1003, eth0]for request[6]
03-07 14:27:56.882   361   879 I C015b0/NetConnManager: [SendBestScoreAllNetwork-(net_conn_service.cpp:921)]Send best supplier[1003]-score[40] to all supplier
03-07 14:27:56.882   361   879 I C015b0/NetConnManager: [ReceiveBestScore-(net_supplier.cpp:287)]Supplier[1003, eth0] receive best score, bestSupplierId[1003]
03-07 14:27:56.882   361   879 W C015b0/NetConnManager: [ReceiveBestScore-(net_supplier.cpp:289)]Same net supplier, no need to disconnect.
03-07 14:27:56.882   361   879 I C015b0/NetConnManager: [FindBestNetworkForRequest-(net_conn_service.cpp:784)]FindBestNetworkForRequest Enter, request[7] is [ [NetSpecifier] ident_ =  [NetAllCapabilities] linkUpBandwidthKbps_ = 0 linkDownBandwidthKbps_ = 0 netCaps_ = NET_CAPABILITY_INTERNET NetBearType =]
03-07 14:27:56.882   361   879 D C015b0/NetConnManager: [FindBestNetworkForRequest-(net_conn_service.cpp:792)]supplier info, supplier[1003, eth0], realScore[40], isConnected[1]
03-07 14:27:56.882   361   879 I C015b0/NetConnManager: [MatchRequestAndNetwork-(net_activate.cpp:78)]MatchRequestAndNetwork enter, supplier[1003, eth0], request[7]
03-07 14:27:56.882   361   879 I C015b0/NetConnManager: [FindBestNetworkForRequest-(net_conn_service.cpp:805)]FindBestNetworkForRequest exit, bestScore[40], bestSupplier[1003, eth0]
03-07 14:27:56.882 27456 27456 D C01510/IPCObjectStub: 374: IPCObjectStub::ProcessProto called, type = 0, normal stub object
03-07 14:27:56.882   361   879 D C015b0/NetConnManager: [FindBestNetworkForAllRequest-(net_conn_service.cpp:749)]Find best supplier[1003, eth0]for request[7]
03-07 14:27:56.882   361   879 I C015b0/NetConnManager: [SendBestScoreAllNetwork-(net_conn_service.cpp:921)]Send best supplier[1003]-score[40] to all supplier
03-07 14:27:56.882   361   879 I C015b0/NetConnManager: [ReceiveBestScore-(net_supplier.cpp:287)]Supplier[1003, eth0] receive best score, bestSupplierId[1003]
03-07 14:27:56.882   361   879 W C015b0/NetConnManager: [ReceiveBestScore-(net_supplier.cpp:289)]Same net supplier, no need to disconnect.
03-07 14:27:56.882   361   879 I C015b0/NetConnManager: [FindBestNetworkForRequest-(net_conn_service.cpp:784)]FindBestNetworkForRequest Enter, request[8] is [ [NetSpecifier] ident_ =  [NetAllCapabilities] linkUpBandwidthKbps_ = 0 linkDownBandwidthKbps_ = 0 netCaps_ = NET_CAPABILITY_INTERNET NetBearType =]
03-07 14:27:56.883   361   879 D C015b0/NetConnManager: [FindBestNetworkForRequest-(net_conn_service.cpp:792)]supplier info, supplier[1003, eth0], realScore[40], isConnected[1]
03-07 14:27:56.883   338  1156 D C01d00/accessibility: [accessible_ability_channel.cpp(SearchElementInfoByAccessibilityId:40)]
03-07 14:27:56.883   361   879 I C015b0/NetConnManager: [MatchRequestAndNetwork-(net_activate.cpp:78)]MatchRequestAndNetwork enter, supplier[1003, eth0], request[8]
03-07 14:27:56.883   361   879 I C015b0/NetConnManager: [FindBestNetworkForRequest-(net_conn_service.cpp:805)]FindBestNetworkForRequest exit, bestScore[40], bestSupplier[1003, eth0]
03-07 14:27:56.883   361   879 D C015b0/NetConnManager: [FindBestNetworkForAllRequest-(net_conn_service.cpp:749)]Find best supplier[1003, eth0]for request[8]
03-07 14:27:56.883   361   879 I C015b0/NetConnManager: [SendBestScoreAllNetwork-(net_conn_service.cpp:921)]Send best supplier[1003]-score[40] to all supplier
03-07 14:27:56.883   361   879 I C015b0/NetConnManager: [ReceiveBestScore-(net_supplier.cpp:287)]Supplier[1003, eth0] receive best score, bestSupplierId[1003]
03-07 14:27:56.883   361   879 W C015b0/NetConnManager: [ReceiveBestScore-(net_supplier.cpp:289)]Same net supplier, no need to disconnect.
03-07 14:27:56.883   338   901 D C01d00/accessibility: [accessible_ability_channel.cpp(operator():51)]accountId[100], name[ohos.uitest/]
03-07 14:27:56.883   361   879 I C015b0/NetConnManager: [FindBestNetworkForRequest-(net_conn_service.cpp:784)]FindBestNetworkForRequest Enter, request[9] is [ [NetSpecifier] ident_ =  [NetAllCapabilities] linkUpBandwidthKbps_ = 0 linkDownBandwidthKbps_ = 0 netCaps_ = NET_CAPABILITY_INTERNET NetBearType =]
03-07 14:27:56.883   338   901 D C01d00/accessibility: [accessible_ability_channel.cpp(GetElementOperator:452)]
03-07 14:27:56.883   361   879 D C015b0/NetConnManager: [FindBestNetworkForRequest-(net_conn_service.cpp:792)]supplier info, supplier[1003, eth0], realScore[40], isConnected[1]
03-07 14:27:56.883   338   901 D C01d00/accessibility: [accessible_ability_channel.cpp(GetConnection:436)]
03-07 14:27:56.883   361   879 I C015b0/NetConnManager: [MatchRequestAndNetwork-(net_activate.cpp:78)]MatchRequestAndNetwork enter, supplier[1003, eth0], request[9]
03-07 14:27:56.883   338   901 D C01d00/accessibility: [accessible_ability_manager_service.cpp(GetAccountData:998)]
03-07 14:27:56.883   361   879 I C015b0/NetConnManager: [FindBestNetworkForRequest-(net_conn_service.cpp:805)]FindBestNetworkForRequest exit, bestScore[40], bestSupplier[1003, eth0]
03-07 14:27:56.883   361   879 D C015b0/NetConnManager: [FindBestNetworkForAllRequest-(net_conn_service.cpp:749)]Find best supplier[1003, eth0]for request[9]
03-07 14:27:56.883   338   901 D C01d00/accessibility: [accessible_ability_channel.cpp(GetConnection:444)]accountId[100] clientName[ohos.uitest/]
03-07 14:27:56.883   361   879 I C015b0/NetConnManager: [SendBestScoreAllNetwork-(net_conn_service.cpp:921)]Send best supplier[1003]-score[40] to all supplier
03-07 14:27:56.883   338   901 D C01d00/accessibility: [accessibility_account_data.cpp(GetAccessibleAbilityConnection:296)]GetAccessibleAbilityConnection URI is ohos.uitest/
03-07 14:27:56.883   361   879 I C015b0/NetConnManager: [ReceiveBestScore-(net_supplier.cpp:287)]Supplier[1003, eth0] receive best score, bestSupplierId[1003]
03-07 14:27:56.883   338   901 D C01d00/accessibility: [accessibility_account_data.cpp(GetAccessibleAbilityConnection:302)]founded URI is ohos.uitest/uitestability 
03-07 14:27:56.883   361   879 W C015b0/NetConnManager: [ReceiveBestScore-(net_supplier.cpp:289)]Same net supplier, no need to disconnect.
03-07 14:27:56.883   338   901 D C01d04/accessibility_common: [accessibility_ability_info.cpp(GetCapabilityValues:50)]
03-07 14:27:56.883   361   879 I C015b0/NetConnManager: [FindBestNetworkForRequest-(net_conn_service.cpp:784)]FindBestNetworkForRequest Enter, request[10] is [ [NetSpecifier] ident_ =  [NetAllCapabilities] linkUpBandwidthKbps_ = 0 linkDownBandwidthKbps_ = 0 netCaps_ = NET_CAPABILITY_INTERNET NetBearType =]
03-07 14:27:56.883   338   901 D C01d00/accessibility: [accessible_ability_manager_service.cpp(GetAccountData:998)]
03-07 14:27:56.883   361   879 D C015b0/NetConnManager: [FindBestNetworkForRequest-(net_conn_service.cpp:792)]supplier info, supplier[1003, eth0], realScore[40], isConnected[1]
03-07 14:27:56.883   338   901 D C01d00/accessibility: [accessibility_window_manager.cpp(ConvertToRealWindowId:146)]ConvertToRealWindowId called, windowId[89], focusType[-1]
03-07 14:27:56.883   361   879 I C015b0/NetConnManager: [MatchRequestAndNetwork-(net_activate.cpp:78)]MatchRequestAndNetwork enter, supplier[1003, eth0], request[10]
03-07 14:27:56.883   338   901 D C01d00/accessibility: [accessibility_window_manager.cpp(ConvertToRealWindowId:166)]After convert windowId[89] and activeId[89]
03-07 14:27:56.883   361   879 I C015b0/NetConnManager: [FindBestNetworkForRequest-(net_conn_service.cpp:805)]FindBestNetworkForRequest exit, bestScore[40], bestSupplier[1003, eth0]
03-07 14:27:56.883   361   879 D C015b0/NetConnManager: [FindBestNetworkForAllRequest-(net_conn_service.cpp:749)]Find best supplier[1003, eth0]for request[10]
03-07 14:27:56.883   338   901 D C01d00/accessibility: [accessibility_account_data.cpp(GetAccessibilityWindowConnection:313)]window id[89] interactionOperators's size[13]
03-07 14:27:56.883   361   879 I C015b0/NetConnManager: [SendBestScoreAllNetwork-(net_conn_service.cpp:921)]Send best supplier[1003]-score[40] to all supplier
03-07 14:27:56.883   338   901 D C01d00/accessibility: [accessibility_account_data.cpp(GetAccessibilityWindowConnection:315)]window id of asacConnection is 1
03-07 14:27:56.883   361   879 I C015b0/NetConnManager: [ReceiveBestScore-(net_supplier.cpp:287)]Supplier[1003, eth0] receive best score, bestSupplierId[1003]
03-07 14:27:56.883   338   901 D C01d00/accessibility: [accessibility_account_data.cpp(GetAccessibilityWindowConnection:315)]window id of asacConnection is 2
03-07 14:27:56.883   361   879 W C015b0/NetConnManager: [ReceiveBestScore-(net_supplier.cpp:289)]Same net supplier, no need to disconnect.
03-07 14:27:56.883   338   901 D C01d00/accessibility: [accessibility_account_data.cpp(GetAccessibilityWindowConnection:315)]window id of asacConnection is 3
03-07 14:27:56.883   361   879 I C015b0/NetConnManager: [FindBestNetworkForRequest-(net_conn_service.cpp:784)]FindBestNetworkForRequest Enter, request[11] is [ [NetSpecifier] ident_ =  [NetAllCapabilities] linkUpBandwidthKbps_ = 0 linkDownBandwidthKbps_ = 0 netCaps_ = NET_CAPABILITY_INTERNET NetBearType =]
03-07 14:27:56.883   338   901 D C01d00/accessibility: [accessibility_account_data.cpp(GetAccessibilityWindowConnection:315)]window id of asacConnection is 4
